Archive member included to satisfy reference by file (symbol)

c:/ac6/systemworkbench/plugins/fr.ac6.mcu.externaltools.arm-none.win32_1.15.0.201708311556/tools/compiler/bin/../lib/gcc/arm-none-eabi/6.3.1/thumb/v7e-m/fpv4-sp/hard\libgcc.a(_aeabi_uldivmod.o)
                              Drivers/STM32L4xx_HAL_Driver/stm32l4xx_hal_uart.o (__aeabi_uldivmod)
c:/ac6/systemworkbench/plugins/fr.ac6.mcu.externaltools.arm-none.win32_1.15.0.201708311556/tools/compiler/bin/../lib/gcc/arm-none-eabi/6.3.1/thumb/v7e-m/fpv4-sp/hard\libgcc.a(_udivmoddi4.o)
                              c:/ac6/systemworkbench/plugins/fr.ac6.mcu.externaltools.arm-none.win32_1.15.0.201708311556/tools/compiler/bin/../lib/gcc/arm-none-eabi/6.3.1/thumb/v7e-m/fpv4-sp/hard\libgcc.a(_aeabi_uldivmod.o) (__udivmoddi4)
c:/ac6/systemworkbench/plugins/fr.ac6.mcu.externaltools.arm-none.win32_1.15.0.201708311556/tools/compiler/bin/../lib/gcc/arm-none-eabi/6.3.1/thumb/v7e-m/fpv4-sp/hard\libgcc.a(_dvmd_tls.o)
                              c:/ac6/systemworkbench/plugins/fr.ac6.mcu.externaltools.arm-none.win32_1.15.0.201708311556/tools/compiler/bin/../lib/gcc/arm-none-eabi/6.3.1/thumb/v7e-m/fpv4-sp/hard\libgcc.a(_aeabi_uldivmod.o) (__aeabi_ldiv0)
c:/ac6/systemworkbench/plugins/fr.ac6.mcu.externaltools.arm-none.win32_1.15.0.201708311556/tools/compiler/bin/../lib/gcc/arm-none-eabi/6.3.1/../../../../arm-none-eabi/lib/thumb/v7e-m/fpv4-sp/hard\libc_nano.a(lib_a-exit.o)
                              c:/ac6/systemworkbench/plugins/fr.ac6.mcu.externaltools.arm-none.win32_1.15.0.201708311556/tools/compiler/bin/../lib/gcc/arm-none-eabi/6.3.1/../../../../arm-none-eabi/lib/thumb/v7e-m/fpv4-sp/hard/crt0.o (exit)
c:/ac6/systemworkbench/plugins/fr.ac6.mcu.externaltools.arm-none.win32_1.15.0.201708311556/tools/compiler/bin/../lib/gcc/arm-none-eabi/6.3.1/../../../../arm-none-eabi/lib/thumb/v7e-m/fpv4-sp/hard\libc_nano.a(lib_a-impure.o)
                              c:/ac6/systemworkbench/plugins/fr.ac6.mcu.externaltools.arm-none.win32_1.15.0.201708311556/tools/compiler/bin/../lib/gcc/arm-none-eabi/6.3.1/../../../../arm-none-eabi/lib/thumb/v7e-m/fpv4-sp/hard\libc_nano.a(lib_a-exit.o) (_global_impure_ptr)
c:/ac6/systemworkbench/plugins/fr.ac6.mcu.externaltools.arm-none.win32_1.15.0.201708311556/tools/compiler/bin/../lib/gcc/arm-none-eabi/6.3.1/../../../../arm-none-eabi/lib/thumb/v7e-m/fpv4-sp/hard\libc_nano.a(lib_a-init.o)
                              c:/ac6/systemworkbench/plugins/fr.ac6.mcu.externaltools.arm-none.win32_1.15.0.201708311556/tools/compiler/bin/../lib/gcc/arm-none-eabi/6.3.1/../../../../arm-none-eabi/lib/thumb/v7e-m/fpv4-sp/hard/crt0.o (__libc_init_array)
c:/ac6/systemworkbench/plugins/fr.ac6.mcu.externaltools.arm-none.win32_1.15.0.201708311556/tools/compiler/bin/../lib/gcc/arm-none-eabi/6.3.1/../../../../arm-none-eabi/lib/thumb/v7e-m/fpv4-sp/hard\libc_nano.a(lib_a-memset.o)
                              c:/ac6/systemworkbench/plugins/fr.ac6.mcu.externaltools.arm-none.win32_1.15.0.201708311556/tools/compiler/bin/../lib/gcc/arm-none-eabi/6.3.1/../../../../arm-none-eabi/lib/thumb/v7e-m/fpv4-sp/hard/crt0.o (memset)
c:/ac6/systemworkbench/plugins/fr.ac6.mcu.externaltools.arm-none.win32_1.15.0.201708311556/tools/compiler/bin/../lib/gcc/arm-none-eabi/6.3.1/../../../../arm-none-eabi/lib/thumb/v7e-m/fpv4-sp/hard\libnosys.a(_exit.o)
                              c:/ac6/systemworkbench/plugins/fr.ac6.mcu.externaltools.arm-none.win32_1.15.0.201708311556/tools/compiler/bin/../lib/gcc/arm-none-eabi/6.3.1/../../../../arm-none-eabi/lib/thumb/v7e-m/fpv4-sp/hard\libc_nano.a(lib_a-exit.o) (_exit)

Allocating common symbols
Common symbol       size              file

rxData              0xa               Application/User/main.o
uwTick              0x4               Drivers/STM32L4xx_HAL_Driver/stm32l4xx_hal.o
pFlash              0x20              Drivers/STM32L4xx_HAL_Driver/stm32l4xx_hal_flash.o
huart2              0x78              Application/User/main.o

Discarded input sections

 .text          0x00000000        0x0 c:/ac6/systemworkbench/plugins/fr.ac6.mcu.externaltools.arm-none.win32_1.15.0.201708311556/tools/compiler/bin/../lib/gcc/arm-none-eabi/6.3.1/thumb/v7e-m/fpv4-sp/hard/crti.o
 .data          0x00000000        0x0 c:/ac6/systemworkbench/plugins/fr.ac6.mcu.externaltools.arm-none.win32_1.15.0.201708311556/tools/compiler/bin/../lib/gcc/arm-none-eabi/6.3.1/thumb/v7e-m/fpv4-sp/hard/crti.o
 .bss           0x00000000        0x0 c:/ac6/systemworkbench/plugins/fr.ac6.mcu.externaltools.arm-none.win32_1.15.0.201708311556/tools/compiler/bin/../lib/gcc/arm-none-eabi/6.3.1/thumb/v7e-m/fpv4-sp/hard/crti.o
 .data          0x00000000        0x4 c:/ac6/systemworkbench/plugins/fr.ac6.mcu.externaltools.arm-none.win32_1.15.0.201708311556/tools/compiler/bin/../lib/gcc/arm-none-eabi/6.3.1/thumb/v7e-m/fpv4-sp/hard/crtbegin.o
[...]
Memory Configuration

Name             Origin             Length             Attributes
RAM              0x20000000         0x00018000         xrw
RAM2             0x10000000         0x00008000         xrw
FLASH            0x08000000         0x00100000         xr
*default*        0x00000000         0xffffffff

Linker script and memory map

LOAD c:/ac6/systemworkbench/plugins/fr.ac6.mcu.externaltools.arm-none.win32_1.15.0.201708311556/tools/compiler/bin/../lib/gcc/arm-none-eabi/6.3.1/thumb/v7e-m/fpv4-sp/hard/crti.o
LOAD c:/ac6/systemworkbench/plugins/fr.ac6.mcu.externaltools.arm-none.win32_1.15.0.201708311556/tools/compiler/bin/../lib/gcc/arm-none-eabi/6.3.1/thumb/v7e-m/fpv4-sp/hard/crtbegin.o
LOAD c:/ac6/systemworkbench/plugins/fr.ac6.mcu.externaltools.arm-none.win32_1.15.0.201708311556/tools/compiler/bin/../lib/gcc/arm-none-eabi/6.3.1/../../../../arm-none-eabi/lib/thumb/v7e-m/fpv4-sp/hard/crt0.o
LOAD Application/SW4STM32/startup_stm32l476xx.o
LOAD Application/User/main.o
LOAD Application/User/stm32l4xx_hal_msp.o
LOAD Application/User/stm32l4xx_it.o
LOAD Drivers/CMSIS/system_stm32l4xx.o
LOAD Drivers/STM32L4xx_HAL_Driver/stm32l4xx_hal.o
LOAD Drivers/STM32L4xx_HAL_Driver/stm32l4xx_hal_cortex.o
LOAD Drivers/STM32L4xx_HAL_Driver/stm32l4xx_hal_dma.o
LOAD Drivers/STM32L4xx_HAL_Driver/stm32l4xx_hal_dma_ex.o
LOAD Drivers/STM32L4xx_HAL_Driver/stm32l4xx_hal_flash.o
LOAD Drivers/STM32L4xx_HAL_Driver/stm32l4xx_hal_flash_ex.o
LOAD Drivers/STM32L4xx_HAL_Driver/stm32l4xx_hal_flash_ramfunc.o
LOAD Drivers/STM32L4xx_HAL_Driver/stm32l4xx_hal_gpio.o
LOAD Drivers/STM32L4xx_HAL_Driver/stm32l4xx_hal_i2c.o
LOAD Drivers/STM32L4xx_HAL_Driver/stm32l4xx_hal_i2c_ex.o
LOAD Drivers/STM32L4xx_HAL_Driver/stm32l4xx_hal_pwr.o
LOAD Drivers/STM32L4xx_HAL_Driver/stm32l4xx_hal_pwr_ex.o
LOAD Drivers/STM32L4xx_HAL_Driver/stm32l4xx_hal_rcc.o
LOAD Drivers/STM32L4xx_HAL_Driver/stm32l4xx_hal_rcc_ex.o
LOAD Drivers/STM32L4xx_HAL_Driver/stm32l4xx_hal_tim.o
LOAD Drivers/STM32L4xx_HAL_Driver/stm32l4xx_hal_tim_ex.o
LOAD Drivers/STM32L4xx_HAL_Driver/stm32l4xx_hal_uart.o
LOAD Drivers/STM32L4xx_HAL_Driver/stm32l4xx_hal_uart_ex.o
LOAD c:/ac6/systemworkbench/plugins/fr.ac6.mcu.externaltools.arm-none.win32_1.15.0.201708311556/tools/compiler/bin/../lib/gcc/arm-none-eabi/6.3.1/../../../../arm-none-eabi/lib/thumb/v7e-m/fpv4-sp/hard\libm.a
START GROUP
LOAD c:/ac6/systemworkbench/plugins/fr.ac6.mcu.externaltools.arm-none.win32_1.15.0.201708311556/tools/compiler/bin/../lib/gcc/arm-none-eabi/6.3.1/thumb/v7e-m/fpv4-sp/hard\libgcc.a
LOAD c:/ac6/systemworkbench/plugins/fr.ac6.mcu.externaltools.arm-none.win32_1.15.0.201708311556/tools/compiler/bin/../lib/gcc/arm-none-eabi/6.3.1/../../../../arm-none-eabi/lib/thumb/v7e-m/fpv4-sp/hard\libc_nano.a
END GROUP
START GROUP
LOAD c:/ac6/systemworkbench/plugins/fr.ac6.mcu.externaltools.arm-none.win32_1.15.0.201708311556/tools/compiler/bin/../lib/gcc/arm-none-eabi/6.3.1/thumb/v7e-m/fpv4-sp/hard\libgcc.a
LOAD c:/ac6/systemworkbench/plugins/fr.ac6.mcu.externaltools.arm-none.win32_1.15.0.201708311556/tools/compiler/bin/../lib/gcc/arm-none-eabi/6.3.1/../../../../arm-none-eabi/lib/thumb/v7e-m/fpv4-sp/hard\libc_nano.a
LOAD c:/ac6/systemworkbench/plugins/fr.ac6.mcu.externaltools.arm-none.win32_1.15.0.201708311556/tools/compiler/bin/../lib/gcc/arm-none-eabi/6.3.1/../../../../arm-none-eabi/lib/thumb/v7e-m/fpv4-sp/hard\libnosys.a
END GROUP
START GROUP
LOAD c:/ac6/systemworkbench/plugins/fr.ac6.mcu.externaltools.arm-none.win32_1.15.0.201708311556/tools/compiler/bin/../lib/gcc/arm-none-eabi/6.3.1/thumb/v7e-m/fpv4-sp/hard\libgcc.a
LOAD c:/ac6/systemworkbench/plugins/fr.ac6.mcu.externaltools.arm-none.win32_1.15.0.201708311556/tools/compiler/bin/../lib/gcc/arm-none-eabi/6.3.1/../../../../arm-none-eabi/lib/thumb/v7e-m/fpv4-sp/hard\libc_nano.a
LOAD c:/ac6/systemworkbench/plugins/fr.ac6.mcu.externaltools.arm-none.win32_1.15.0.201708311556/tools/compiler/bin/../lib/gcc/arm-none-eabi/6.3.1/../../../../arm-none-eabi/lib/thumb/v7e-m/fpv4-sp/hard\libnosys.a
END GROUP
LOAD c:/ac6/systemworkbench/plugins/fr.ac6.mcu.externaltools.arm-none.win32_1.15.0.201708311556/tools/compiler/bin/../lib/gcc/arm-none-eabi/6.3.1/thumb/v7e-m/fpv4-sp/hard/crtend.o
LOAD c:/ac6/systemworkbench/plugins/fr.ac6.mcu.externaltools.arm-none.win32_1.15.0.201708311556/tools/compiler/bin/../lib/gcc/arm-none-eabi/6.3.1/thumb/v7e-m/fpv4-sp/hard/crtn.o
                0x20018000                _estack = 0x20018000
                0x00000200                _Min_Heap_Size = 0x200
                0x00000400                _Min_Stack_Size = 0x400

.isr_vector     0x08000000      0x188
                0x08000000                . = ALIGN (0x8)
 *(.isr_vector)
 .isr_vector    0x08000000      0x188 Application/SW4STM32/startup_stm32l476xx.o
                0x08000000                g_pfnVectors
                0x08000188                . = ALIGN (0x8)

.text           0x08000188     0x3830
                0x08000188                . = ALIGN (0x8)
 *(.text)
 .text          0x08000188       0x6c c:/ac6/systemworkbench/plugins/fr.ac6.mcu.externaltools.arm-none.win32_1.15.0.201708311556/tools/compiler/bin/../lib/gcc/arm-none-eabi/6.3.1/thumb/v7e-m/fpv4-sp/hard/crtbegin.o
 .text          0x080001f4       0x30 c:/ac6/systemworkbench/plugins/fr.ac6.mcu.externaltools.arm-none.win32_1.15.0.201708311556/tools/compiler/bin/../lib/gcc/arm-none-eabi/6.3.1/thumb/v7e-m/fpv4-sp/hard\libgcc.a(_aeabi_uldivmod.o)
                0x080001f4                __aeabi_uldivmod
 .text          0x08000224      0x2dc c:/ac6/systemworkbench/plugins/fr.ac6.mcu.externaltools.arm-none.win32_1.15.0.201708311556/tools/compiler/bin/../lib/gcc/arm-none-eabi/6.3.1/thumb/v7e-m/fpv4-sp/hard\libgcc.a(_udivmoddi4.o)
                0x08000224                __udivmoddi4
 .text          0x08000500        0x4 c:/ac6/systemworkbench/plugins/fr.ac6.mcu.externaltools.arm-none.win32_1.15.0.201708311556/tools/compiler/bin/../lib/gcc/arm-none-eabi/6.3.1/thumb/v7e-m/fpv4-sp/hard\libgcc.a(_dvmd_tls.o)
                0x08000500                __aeabi_idiv0
                0x08000500                __aeabi_ldiv0
 *(.text*)
 .text.Reset_Handler
                0x08000504       0x50 Application/SW4STM32/startup_stm32l476xx.o
                0x08000504                Reset_Handler
 .text.Default_Handler
                0x08000554        0x2 Application/SW4STM32/startup_stm32l476xx.o
                0x08000554                RTC_Alarm_IRQHandler
                0x08000554                EXTI2_IRQHandler
                0x08000554                TIM8_TRG_COM_IRQHandler
                0x08000554                TIM8_CC_IRQHandler
                0x08000554                TIM1_CC_IRQHandler
                0x08000554                TSC_IRQHandler
                0x08000554                TAMP_STAMP_IRQHandler
                0x08000554                EXTI3_IRQHandler
                0x08000554                LPTIM2_IRQHandler
                0x08000554                DFSDM1_FLT1_IRQHandler
                0x08000554                I2C3_ER_IRQHandler
                0x08000554                DFSDM1_FLT2_IRQHandler
                0x08000554                EXTI0_IRQHandler
                0x08000554                I2C2_EV_IRQHandler
                0x08000554                CAN1_RX0_IRQHandler
                0x08000554                TIM1_UP_TIM16_IRQHandler
                0x08000554                ADC1_2_IRQHandler
                0x08000554                SPI1_IRQHandler
                0x08000554                TIM6_DAC_IRQHandler
                0x08000554                TIM8_UP_IRQHandler
                0x08000554                DMA2_Channel2_IRQHandler
                0x08000554                DMA1_Channel4_IRQHandler
                0x08000554                SAI2_IRQHandler
                0x08000554                DFSDM1_FLT3_IRQHandler
                0x08000554                USART3_IRQHandler
                0x08000554                DMA1_Channel7_IRQHandler
                0x08000554                CAN1_RX1_IRQHandler
                0x08000554                LCD_IRQHandler
                0x08000554                UART5_IRQHandler
                0x08000554                ADC3_IRQHandler
                0x08000554                TIM4_IRQHandler
                0x08000554                DMA2_Channel1_IRQHandler
                0x08000554                QUADSPI_IRQHandler
                0x08000554                I2C1_EV_IRQHandler
                0x08000554                DMA1_Channel6_IRQHandler
                0x08000554                UART4_IRQHandler
                0x08000554                DMA2_Channel4_IRQHandler
                0x08000554                TIM3_IRQHandler
                0x08000554                RCC_IRQHandler
                0x08000554                DMA1_Channel1_IRQHandler
                0x08000554                Default_Handler
                0x08000554                DMA2_Channel7_IRQHandler
                0x08000554                EXTI15_10_IRQHandler
                0x08000554                TIM7_IRQHandler
                0x08000554                SDMMC1_IRQHandler
                0x08000554                TIM5_IRQHandler
                0x08000554                I2C3_EV_IRQHandler
                0x08000554                EXTI9_5_IRQHandler
                0x08000554                RTC_WKUP_IRQHandler
                0x08000554                PVD_PVM_IRQHandler
                0x08000554                SPI2_IRQHandler
                0x08000554                CAN1_TX_IRQHandler
                0x08000554                DMA2_Channel5_IRQHandler
                0x08000554                DMA1_Channel5_IRQHandler
                0x08000554                EXTI4_IRQHandler
                0x08000554                RNG_IRQHandler
                0x08000554                TIM1_TRG_COM_TIM17_IRQHandler
                0x08000554                DMA1_Channel3_IRQHandler
                0x08000554                COMP_IRQHandler
                0x08000554                WWDG_IRQHandler
                0x08000554                LPUART1_IRQHandler
                0x08000554                DMA2_Channel6_IRQHandler
                0x08000554                TIM2_IRQHandler
                0x08000554                EXTI1_IRQHandler
                0x08000554                DFSDM1_FLT0_IRQHandler
                0x08000554                I2C2_ER_IRQHandler
                0x08000554                DMA1_Channel2_IRQHandler
                0x08000554                TIM8_BRK_IRQHandler
                0x08000554                CAN1_SCE_IRQHandler
                0x08000554                FLASH_IRQHandler
                0x08000554                USART1_IRQHandler
                0x08000554                OTG_FS_IRQHandler
                0x08000554                SPI3_IRQHandler
                0x08000554                I2C1_ER_IRQHandler
                0x08000554                FMC_IRQHandler
                0x08000554                SWPMI1_IRQHandler
                0x08000554                LPTIM1_IRQHandler
                0x08000554                SAI1_IRQHandler
                0x08000554                DMA2_Channel3_IRQHandler
                0x08000554                TIM1_BRK_TIM15_IRQHandler
 .text.ITM_SendChar
                0x08000556       0x4e Application/User/main.o
 .text.main     0x080005a4       0x68 Application/User/main.o
                0x080005a4                main
 .text.SystemClock_Config
                0x0800060c      0x104 Application/User/main.o
                0x0800060c                SystemClock_Config
 .text.MX_NVIC_Init
                0x08000710       0x18 Application/User/main.o
 .text.MX_USART2_UART_Init
                0x08000728       0x68 Application/User/main.o
 .text.MX_GPIO_Init
                0x08000790      0x144 Application/User/main.o
 .text.HAL_UART_RxCpltCallback
                0x080008d4       0x5c Application/User/main.o
                0x080008d4                HAL_UART_RxCpltCallback
 .text._Error_Handler
                0x08000930        0xc Application/User/main.o
                0x08000930                _Error_Handler
 .text.HAL_MspInit
                0x0800093c       0xac Application/User/stm32l4xx_hal_msp.o
                0x0800093c                HAL_MspInit
 .text.HAL_UART_MspInit
                0x080009e8       0x5c Application/User/stm32l4xx_hal_msp.o
                0x080009e8                HAL_UART_MspInit
 .text.NMI_Handler
                0x08000a44        0xe Application/User/stm32l4xx_it.o
                0x08000a44                NMI_Handler
 .text.HardFault_Handler
                0x08000a52        0x6 Application/User/stm32l4xx_it.o
                0x08000a52                HardFault_Handler
 .text.MemManage_Handler
                0x08000a58        0x6 Application/User/stm32l4xx_it.o
                0x08000a58                MemManage_Handler
 .text.BusFault_Handler
                0x08000a5e        0x6 Application/User/stm32l4xx_it.o
                0x08000a5e                BusFault_Handler
 .text.UsageFault_Handler
                0x08000a64        0x6 Application/User/stm32l4xx_it.o
                0x08000a64                UsageFault_Handler
 .text.SVC_Handler
                0x08000a6a        0xe Application/User/stm32l4xx_it.o
                0x08000a6a                SVC_Handler
 .text.DebugMon_Handler
                0x08000a78        0xe Application/User/stm32l4xx_it.o
                0x08000a78                DebugMon_Handler
 .text.PendSV_Handler
                0x08000a86        0xe Application/User/stm32l4xx_it.o
                0x08000a86                PendSV_Handler
 .text.SysTick_Handler
                0x08000a94       0x10 Application/User/stm32l4xx_it.o
                0x08000a94                SysTick_Handler
 .text.USART2_IRQHandler
                0x08000aa4       0x1c Application/User/stm32l4xx_it.o
                0x08000aa4                USART2_IRQHandler
 .text.FPU_IRQHandler
                0x08000ac0        0xe Application/User/stm32l4xx_it.o
                0x08000ac0                FPU_IRQHandler
 *fill*         0x08000ace        0x2 
 .text.SystemInit
                0x08000ad0       0x6c Drivers/CMSIS/system_stm32l4xx.o
                0x08000ad0                SystemInit
 .text.HAL_Init
                0x08000b3c       0x1a Drivers/STM32L4xx_HAL_Driver/stm32l4xx_hal.o
                0x08000b3c                HAL_Init
 *fill*         0x08000b56        0x2 
 .text.HAL_InitTick
                0x08000b58       0x38 Drivers/STM32L4xx_HAL_Driver/stm32l4xx_hal.o
                0x08000b58                HAL_InitTick
 .text.HAL_IncTick
                0x08000b90       0x1c Drivers/STM32L4xx_HAL_Driver/stm32l4xx_hal.o
                0x08000b90                HAL_IncTick
 .text.HAL_GetTick
                0x08000bac       0x18 Drivers/STM32L4xx_HAL_Driver/stm32l4xx_hal.o
                0x08000bac                HAL_GetTick
 .text.HAL_Delay
                0x08000bc4       0x3a Drivers/STM32L4xx_HAL_Driver/stm32l4xx_hal.o
                0x08000bc4                HAL_Delay
 *fill*         0x08000bfe        0x2 
 .text.NVIC_SetPriorityGrouping
                0x08000c00       0x48 Drivers/STM32L4xx_HAL_Driver/stm32l4xx_hal_cortex.o
 .text.NVIC_GetPriorityGrouping
                0x08000c48       0x1c Drivers/STM32L4xx_HAL_Driver/stm32l4xx_hal_cortex.o
 .text.NVIC_EnableIRQ
                0x08000c64       0x34 Drivers/STM32L4xx_HAL_Driver/stm32l4xx_hal_cortex.o
 .text.NVIC_SetPriority
                0x08000c98       0x54 Drivers/STM32L4xx_HAL_Driver/stm32l4xx_hal_cortex.o
 .text.NVIC_EncodePriority
                0x08000cec       0x62 Drivers/STM32L4xx_HAL_Driver/stm32l4xx_hal_cortex.o
 *fill*         0x08000d4e        0x2 
 .text.SysTick_Config
                0x08000d50       0x44 Drivers/STM32L4xx_HAL_Driver/stm32l4xx_hal_cortex.o
 .text.HAL_NVIC_SetPriorityGrouping
                0x08000d94       0x16 Drivers/STM32L4xx_HAL_Driver/stm32l4xx_hal_cortex.o
                0x08000d94                HAL_NVIC_SetPriorityGrouping
 .text.HAL_NVIC_SetPriority
                0x08000daa       0x38 Drivers/STM32L4xx_HAL_Driver/stm32l4xx_hal_cortex.o
                0x08000daa                HAL_NVIC_SetPriority
 .text.HAL_NVIC_EnableIRQ
                0x08000de2       0x1c Drivers/STM32L4xx_HAL_Driver/stm32l4xx_hal_cortex.o
                0x08000de2                HAL_NVIC_EnableIRQ
 .text.HAL_SYSTICK_Config
                0x08000dfe       0x18 Drivers/STM32L4xx_HAL_Driver/stm32l4xx_hal_cortex.o
                0x08000dfe                HAL_SYSTICK_Config
 *fill*         0x08000e16        0x2 
 .text.HAL_SYSTICK_CLKSourceConfig
                0x08000e18       0x38 Drivers/STM32L4xx_HAL_Driver/stm32l4xx_hal_cortex.o
                0x08000e18                HAL_SYSTICK_CLKSourceConfig
 .text.HAL_SYSTICK_IRQHandler
                0x08000e50        0xc Drivers/STM32L4xx_HAL_Driver/stm32l4xx_hal_cortex.o
                0x08000e50                HAL_SYSTICK_IRQHandler
 .text.HAL_SYSTICK_Callback
                0x08000e5c        0xe Drivers/STM32L4xx_HAL_Driver/stm32l4xx_hal_cortex.o
                0x08000e5c                HAL_SYSTICK_Callback
 .text.HAL_DMA_Abort_IT
                0x08000e6a       0x7e Drivers/STM32L4xx_HAL_Driver/stm32l4xx_hal_dma.o
                0x08000e6a                HAL_DMA_Abort_IT
 .text.HAL_GPIO_Init
                0x08000ee8      0x358 Drivers/STM32L4xx_HAL_Driver/stm32l4xx_hal_gpio.o
                0x08000ee8                HAL_GPIO_Init
 .text.HAL_GPIO_WritePin
                0x08001240       0x30 Drivers/STM32L4xx_HAL_Driver/stm32l4xx_hal_gpio.o
                0x08001240                HAL_GPIO_WritePin
 .text.HAL_GPIO_TogglePin
                0x08001270       0x24 Drivers/STM32L4xx_HAL_Driver/stm32l4xx_hal_gpio.o
                0x08001270                HAL_GPIO_TogglePin
 .text.HAL_PWREx_GetVoltageRange
                0x08001294       0x1c Drivers/STM32L4xx_HAL_Driver/stm32l4xx_hal_pwr_ex.o
                0x08001294                HAL_PWREx_GetVoltageRange
 .text.HAL_PWREx_ControlVoltageScaling
                0x080012b0       0xac Drivers/STM32L4xx_HAL_Driver/stm32l4xx_hal_pwr_ex.o
                0x080012b0                HAL_PWREx_ControlVoltageScaling
 .text.HAL_RCC_OscConfig
                0x0800135c      0x6c4 Drivers/STM32L4xx_HAL_Driver/stm32l4xx_hal_rcc.o
                0x0800135c                HAL_RCC_OscConfig
 .text.HAL_RCC_ClockConfig
                0x08001a20      0x230 Drivers/STM32L4xx_HAL_Driver/stm32l4xx_hal_rcc.o
                0x08001a20                HAL_RCC_ClockConfig
 .text.HAL_RCC_GetSysClockFreq
                0x08001c50      0x160 Drivers/STM32L4xx_HAL_Driver/stm32l4xx_hal_rcc.o
                0x08001c50                HAL_RCC_GetSysClockFreq
 .text.HAL_RCC_GetHCLKFreq
                0x08001db0       0x18 Drivers/STM32L4xx_HAL_Driver/stm32l4xx_hal_rcc.o
                0x08001db0                HAL_RCC_GetHCLKFreq
 .text.HAL_RCC_GetPCLK1Freq
                0x08001dc8       0x28 Drivers/STM32L4xx_HAL_Driver/stm32l4xx_hal_rcc.o
                0x08001dc8                HAL_RCC_GetPCLK1Freq
 .text.HAL_RCC_GetPCLK2Freq
                0x08001df0       0x28 Drivers/STM32L4xx_HAL_Driver/stm32l4xx_hal_rcc.o
                0x08001df0                HAL_RCC_GetPCLK2Freq
 .text.RCC_SetFlashLatencyFromMSIRange
                0x08001e18       0xc4 Drivers/STM32L4xx_HAL_Driver/stm32l4xx_hal_rcc.o
 .text.HAL_RCCEx_PeriphCLKConfig
                0x08001edc      0x5c8 Drivers/STM32L4xx_HAL_Driver/stm32l4xx_hal_rcc_ex.o
                0x08001edc                HAL_RCCEx_PeriphCLKConfig
 .text.RCCEx_PLLSAI1_Config
                0x080024a4      0x1e4 Drivers/STM32L4xx_HAL_Driver/stm32l4xx_hal_rcc_ex.o
 .text.RCCEx_PLLSAI2_Config
                0x08002688      0x1b8 Drivers/STM32L4xx_HAL_Driver/stm32l4xx_hal_rcc_ex.o
 .text.HAL_UART_Init
                0x08002840       0xa2 Drivers/STM32L4xx_HAL_Driver/stm32l4xx_hal_uart.o
                0x08002840                HAL_UART_Init
 *fill*         0x080028e2        0x2 
 .text.HAL_UART_Transmit_IT
                0x080028e4       0xbc Drivers/STM32L4xx_HAL_Driver/stm32l4xx_hal_uart.o
                0x080028e4                HAL_UART_Transmit_IT
 .text.HAL_UART_Receive_IT
                0x080029a0      0x140 Drivers/STM32L4xx_HAL_Driver/stm32l4xx_hal_uart.o
                0x080029a0                HAL_UART_Receive_IT
 .text.HAL_UART_IRQHandler
                0x08002ae0      0x26c Drivers/STM32L4xx_HAL_Driver/stm32l4xx_hal_uart.o
                0x08002ae0                HAL_UART_IRQHandler
 .text.HAL_UART_TxCpltCallback
                0x08002d4c       0x14 Drivers/STM32L4xx_HAL_Driver/stm32l4xx_hal_uart.o
                0x08002d4c                HAL_UART_TxCpltCallback
 .text.HAL_UART_ErrorCallback
                0x08002d60       0x14 Drivers/STM32L4xx_HAL_Driver/stm32l4xx_hal_uart.o
                0x08002d60                HAL_UART_ErrorCallback
 .text.UART_SetConfig
                0x08002d74      0x67c Drivers/STM32L4xx_HAL_Driver/stm32l4xx_hal_uart.o
                0x08002d74                UART_SetConfig
 .text.UART_AdvFeatureConfig
                0x080033f0      0x144 Drivers/STM32L4xx_HAL_Driver/stm32l4xx_hal_uart.o
                0x080033f0                UART_AdvFeatureConfig
 .text.UART_CheckIdleState
                0x08003534       0x92 Drivers/STM32L4xx_HAL_Driver/stm32l4xx_hal_uart.o
                0x08003534                UART_CheckIdleState
 .text.UART_WaitOnFlagUntilTimeout
                0x080035c6       0x94 Drivers/STM32L4xx_HAL_Driver/stm32l4xx_hal_uart.o
                0x080035c6                UART_WaitOnFlagUntilTimeout
 .text.UART_EndRxTransfer
                0x0800365a       0x42 Drivers/STM32L4xx_HAL_Driver/stm32l4xx_hal_uart.o
 .text.UART_DMAAbortOnError
                0x0800369c       0x2c Drivers/STM32L4xx_HAL_Driver/stm32l4xx_hal_uart.o
 .text.UART_TxISR_8BIT
                0x080036c8       0x74 Drivers/STM32L4xx_HAL_Driver/stm32l4xx_hal_uart.o
 .text.UART_TxISR_16BIT
                0x0800373c       0x80 Drivers/STM32L4xx_HAL_Driver/stm32l4xx_hal_uart.o
 .text.UART_EndTransmit_IT
                0x080037bc       0x34 Drivers/STM32L4xx_HAL_Driver/stm32l4xx_hal_uart.o
 .text.UART_RxISR_8BIT
                0x080037f0       0xa6 Drivers/STM32L4xx_HAL_Driver/stm32l4xx_hal_uart.o
 .text.UART_RxISR_16BIT
                0x08003896       0xaa Drivers/STM32L4xx_HAL_Driver/stm32l4xx_hal_uart.o
 .text.HAL_UARTEx_WakeupCallback
                0x08003940       0x14 Drivers/STM32L4xx_HAL_Driver/stm32l4xx_hal_uart_ex.o
                0x08003940                HAL_UARTEx_WakeupCallback
 .text.__libc_init_array
                0x08003954       0x48 c:/ac6/systemworkbench/plugins/fr.ac6.mcu.externaltools.arm-none.win32_1.15.0.201708311556/tools/compiler/bin/../lib/gcc/arm-none-eabi/6.3.1/../../../../arm-none-eabi/lib/thumb/v7e-m/fpv4-sp/hard\libc_nano.a(lib_a-init.o)
                0x08003954                __libc_init_array
 *(.glue_7)
 .glue_7        0x0800399c        0x0 linker stubs
 *(.glue_7t)
 .glue_7t       0x0800399c        0x0 linker stubs
 *(.eh_frame)
 .eh_frame      0x0800399c        0x0 c:/ac6/systemworkbench/plugins/fr.ac6.mcu.externaltools.arm-none.win32_1.15.0.201708311556/tools/compiler/bin/../lib/gcc/arm-none-eabi/6.3.1/thumb/v7e-m/fpv4-sp/hard/crtbegin.o
 *(.init)
 .init          0x0800399c        0x4 c:/ac6/systemworkbench/plugins/fr.ac6.mcu.externaltools.arm-none.win32_1.15.0.201708311556/tools/compiler/bin/../lib/gcc/arm-none-eabi/6.3.1/thumb/v7e-m/fpv4-sp/hard/crti.o
                0x0800399c                _init
 .init          0x080039a0        0x8 c:/ac6/systemworkbench/plugins/fr.ac6.mcu.externaltools.arm-none.win32_1.15.0.201708311556/tools/compiler/bin/../lib/gcc/arm-none-eabi/6.3.1/thumb/v7e-m/fpv4-sp/hard/crtn.o
 *(.fini)
 .fini          0x080039a8        0x4 c:/ac6/systemworkbench/plugins/fr.ac6.mcu.externaltools.arm-none.win32_1.15.0.201708311556/tools/compiler/bin/../lib/gcc/arm-none-eabi/6.3.1/thumb/v7e-m/fpv4-sp/hard/crti.o
                0x080039a8                _fini
 .fini          0x080039ac        0x8 c:/ac6/systemworkbench/plugins/fr.ac6.mcu.externaltools.arm-none.win32_1.15.0.201708311556/tools/compiler/bin/../lib/gcc/arm-none-eabi/6.3.1/thumb/v7e-m/fpv4-sp/hard/crtn.o
                0x080039b8                . = ALIGN (0x8)
 *fill*         0x080039b4        0x4 
                0x080039b8                _etext = .

.vfp11_veneer   0x080039b8        0x0
 .vfp11_veneer  0x080039b8        0x0 linker stubs

.v4_bx          0x080039b8        0x0
 .v4_bx         0x080039b8        0x0 linker stubs

.iplt           0x080039b8        0x0
 .iplt          0x080039b8        0x0 c:/ac6/systemworkbench/plugins/fr.ac6.mcu.externaltools.arm-none.win32_1.15.0.201708311556/tools/compiler/bin/../lib/gcc/arm-none-eabi/6.3.1/thumb/v7e-m/fpv4-sp/hard/crtbegin.o

.rodata         0x080039b8       0xa0
                0x080039b8                . = ALIGN (0x8)
 *(.rodata)
 .rodata        0x080039b8       0x51 Application/User/main.o
 *fill*         0x08003a09        0x3 
 .rodata        0x08003a0c       0x48 Drivers/CMSIS/system_stm32l4xx.o
                0x08003a0c                AHBPrescTable
                0x08003a1c                APBPrescTable
                0x08003a24                MSIRangeTable
 *(.rodata*)
                0x08003a58                . = ALIGN (0x8)
 *fill*         0x08003a54        0x4 

.ARM.extab      0x08003a58        0x0
                0x08003a58                . = ALIGN (0x8)
 *(.ARM.extab* .gnu.linkonce.armextab.*)
                0x08003a58                . = ALIGN (0x8)

.ARM            0x08003a58        0x8
                0x08003a58                . = ALIGN (0x8)
                0x08003a58                __exidx_start = .
 *(.ARM.exidx*)
 .ARM.exidx     0x08003a58        0x8 c:/ac6/systemworkbench/plugins/fr.ac6.mcu.externaltools.arm-none.win32_1.15.0.201708311556/tools/compiler/bin/../lib/gcc/arm-none-eabi/6.3.1/thumb/v7e-m/fpv4-sp/hard\libgcc.a(_udivmoddi4.o)
                0x08003a60                __exidx_end = .
                0x08003a60                . = ALIGN (0x8)

.rel.dyn        0x08003a60        0x0
 .rel.iplt      0x08003a60        0x0 c:/ac6/systemworkbench/plugins/fr.ac6.mcu.externaltools.arm-none.win32_1.15.0.201708311556/tools/compiler/bin/../lib/gcc/arm-none-eabi/6.3.1/thumb/v7e-m/fpv4-sp/hard/crtbegin.o

.preinit_array  0x08003a60        0x0
                0x08003a60                . = ALIGN (0x8)
                0x08003a60                PROVIDE (__preinit_array_start, .)
 *(.preinit_array*)
                0x08003a60                PROVIDE (__preinit_array_end, .)
                0x08003a60                . = ALIGN (0x8)

.init_array     0x08003a60        0x8
                0x08003a60                . = ALIGN (0x8)
                0x08003a60                PROVIDE (__init_array_start, .)
 *(SORT(.init_array.*))
 *(.init_array*)
 .init_array    0x08003a60        0x4 c:/ac6/systemworkbench/plugins/fr.ac6.mcu.externaltools.arm-none.win32_1.15.0.201708311556/tools/compiler/bin/../lib/gcc/arm-none-eabi/6.3.1/thumb/v7e-m/fpv4-sp/hard/crtbegin.o
                0x08003a64                PROVIDE (__init_array_end, .)
                0x08003a68                . = ALIGN (0x8)
 *fill*         0x08003a64        0x4 

.fini_array     0x08003a68        0x8
                0x08003a68                . = ALIGN (0x8)
                [!provide]                PROVIDE (__fini_array_start, .)
 *(SORT(.fini_array.*))
 *(.fini_array*)
 .fini_array    0x08003a68        0x4 c:/ac6/systemworkbench/plugins/fr.ac6.mcu.externaltools.arm-none.win32_1.15.0.201708311556/tools/compiler/bin/../lib/gcc/arm-none-eabi/6.3.1/thumb/v7e-m/fpv4-sp/hard/crtbegin.o
                [!provide]                PROVIDE (__fini_array_end, .)
                0x08003a70                . = ALIGN (0x8)
 *fill*         0x08003a6c        0x4 
                0x08003a70                _sidata = LOADADDR (.data)

.data           0x20000000        0x8 load address 0x08003a70
                0x20000000                . = ALIGN (0x8)
                0x20000000                _sdata = .
 *(.data)
 .data          0x20000000        0x3 Application/User/main.o
                0x20000000                txData
 *fill*         0x20000003        0x1 
 .data          0x20000004        0x4 Drivers/CMSIS/system_stm32l4xx.o
                0x20000004                SystemCoreClock
 *(.data*)
                0x20000008                . = ALIGN (0x8)
                0x20000008                _edata = .

.jcr            0x20000008        0x0 load address 0x08003a78
 .jcr           0x20000008        0x0 c:/ac6/systemworkbench/plugins/fr.ac6.mcu.externaltools.arm-none.win32_1.15.0.201708311556/tools/compiler/bin/../lib/gcc/arm-none-eabi/6.3.1/thumb/v7e-m/fpv4-sp/hard/crtbegin.o

.igot.plt       0x20000008        0x0 load address 0x08003a78
 .igot.plt      0x20000008        0x0 c:/ac6/systemworkbench/plugins/fr.ac6.mcu.externaltools.arm-none.win32_1.15.0.201708311556/tools/compiler/bin/../lib/gcc/arm-none-eabi/6.3.1/thumb/v7e-m/fpv4-sp/hard/crtbegin.o
                0x20000008                . = ALIGN (0x4)

.bss            0x20000008       0xa4 load address 0x08003a78
                0x20000008                _sbss = .
                0x20000008                __bss_start__ = _sbss
 *(.bss)
 .bss           0x20000008       0x1c c:/ac6/systemworkbench/plugins/fr.ac6.mcu.externaltools.arm-none.win32_1.15.0.201708311556/tools/compiler/bin/../lib/gcc/arm-none-eabi/6.3.1/thumb/v7e-m/fpv4-sp/hard/crtbegin.o
 *(.bss*)
 *(COMMON)
 COMMON         0x20000024       0x84 Application/User/main.o
                0x20000024                rxData
                0x20000030                huart2
 COMMON         0x200000a8        0x4 Drivers/STM32L4xx_HAL_Driver/stm32l4xx_hal.o
                0x200000a8                uwTick
                0x200000ac                . = ALIGN (0x4)
                0x200000ac                _ebss = .
                0x200000ac                __bss_end__ = _ebss

._user_heap_stack
                0x200000ac      0x604 load address 0x08003a78
                0x200000b0                . = ALIGN (0x8)
 *fill*         0x200000ac        0x4 
                [!provide]                PROVIDE (end, .)
                [!provide]                PROVIDE (_end, .)
                0x200002b0                . = (. + _Min_Heap_Size)
 *fill*         0x200000b0      0x200 
                0x200006b0                . = (. + _Min_Stack_Size)
 *fill*         0x200002b0      0x400 
                0x200006b0                . = ALIGN (0x8)

/DISCARD/
 libc.a(*)
 libm.a(*)
 libgcc.a(*)

.ARM.attributes
                0x00000000       0x30
 *(.ARM.attributes)
 .ARM.attributes
                0x00000000       0x22 c:/ac6/systemworkbench/plugins/fr.ac6.mcu.externaltools.arm-none.win32_1.15.0.201708311556/tools/compiler/bin/../lib/gcc/arm-none-eabi/6.3.1/thumb/v7e-m/fpv4-sp/hard/crti.o
 .ARM.attributes
                0x00000022       0x34 c:/ac6/systemworkbench/plugins/fr.ac6.mcu.externaltools.arm-none.win32_1.15.0.201708311556/tools/compiler/bin/../lib/gcc/arm-none-eabi/6.3.1/thumb/v7e-m/fpv4-sp/hard/crtbegin.o
 .ARM.attributes
                0x00000056       0x21 Application/SW4STM32/startup_stm32l476xx.o
 .ARM.attributes
                0x00000077       0x39 Application/User/main.o
 .ARM.attributes
                0x000000b0       0x39 Application/User/stm32l4xx_hal_msp.o
 .ARM.attributes
                0x000000e9       0x39 Application/User/stm32l4xx_it.o
 .ARM.attributes
                0x00000122       0x39 Drivers/CMSIS/system_stm32l4xx.o
 .ARM.attributes
                0x0000015b       0x39 Drivers/STM32L4xx_HAL_Driver/stm32l4xx_hal.o
 .ARM.attributes
                0x00000194       0x39 Drivers/STM32L4xx_HAL_Driver/stm32l4xx_hal_cortex.o
 .ARM.attributes
                0x000001cd       0x39 Drivers/STM32L4xx_HAL_Driver/stm32l4xx_hal_dma.o
 .ARM.attributes
                0x00000206       0x39 Drivers/STM32L4xx_HAL_Driver/stm32l4xx_hal_gpio.o
 .ARM.attributes
                0x0000023f       0x39 Drivers/STM32L4xx_HAL_Driver/stm32l4xx_hal_pwr_ex.o
 .ARM.attributes
                0x00000278       0x39 Drivers/STM32L4xx_HAL_Driver/stm32l4xx_hal_rcc.o
 .ARM.attributes
                0x000002b1       0x39 Drivers/STM32L4xx_HAL_Driver/stm32l4xx_hal_rcc_ex.o
 .ARM.attributes
                0x000002ea       0x39 Drivers/STM32L4xx_HAL_Driver/stm32l4xx_hal_uart.o
 .ARM.attributes
                0x00000323       0x39 Drivers/STM32L4xx_HAL_Driver/stm32l4xx_hal_uart_ex.o
 .ARM.attributes
                0x0000035c       0x22 c:/ac6/systemworkbench/plugins/fr.ac6.mcu.externaltools.arm-none.win32_1.15.0.201708311556/tools/compiler/bin/../lib/gcc/arm-none-eabi/6.3.1/thumb/v7e-m/fpv4-sp/hard\libgcc.a(_aeabi_uldivmod.o)
 .ARM.attributes
                0x0000037e       0x34 c:/ac6/systemworkbench/plugins/fr.ac6.mcu.externaltools.arm-none.win32_1.15.0.201708311556/tools/compiler/bin/../lib/gcc/arm-none-eabi/6.3.1/thumb/v7e-m/fpv4-sp/hard\libgcc.a(_udivmoddi4.o)
 .ARM.attributes
                0x000003b2       0x22 c:/ac6/systemworkbench/plugins/fr.ac6.mcu.externaltools.arm-none.win32_1.15.0.201708311556/tools/compiler/bin/../lib/gcc/arm-none-eabi/6.3.1/thumb/v7e-m/fpv4-sp/hard\libgcc.a(_dvmd_tls.o)
 .ARM.attributes
                0x000003d4       0x34 c:/ac6/systemworkbench/plugins/fr.ac6.mcu.externaltools.arm-none.win32_1.15.0.201708311556/tools/compiler/bin/../lib/gcc/arm-none-eabi/6.3.1/../../../../arm-none-eabi/lib/thumb/v7e-m/fpv4-sp/hard\libc_nano.a(lib_a-init.o)
 .ARM.attributes
                0x00000408       0x22 c:/ac6/systemworkbench/plugins/fr.ac6.mcu.externaltools.arm-none.win32_1.15.0.201708311556/tools/compiler/bin/../lib/gcc/arm-none-eabi/6.3.1/thumb/v7e-m/fpv4-sp/hard/crtn.o
OUTPUT(uart2.elf elf32-littlearm)

.debug_line     0x00000000     0x9490
 .debug_line    0x00000000       0xbf Application/SW4STM32/startup_stm32l476xx.o
 .debug_line    0x000000bf      0x9ad Application/User/main.o
 .debug_line    0x00000a6c      0x8bc Application/User/stm32l4xx_hal_msp.o
 .debug_line    0x00001328      0x94d Application/User/stm32l4xx_it.o
 .debug_line    0x00001c75      0x8ba Drivers/CMSIS/system_stm32l4xx.o
 .debug_line    0x0000252f      0xaef Drivers/STM32L4xx_HAL_Driver/stm32l4xx_hal.o
 .debug_line    0x0000301e      0xba5 Drivers/STM32L4xx_HAL_Driver/stm32l4xx_hal_cortex.o
 .debug_line    0x00003bc3      0xab8 Drivers/STM32L4xx_HAL_Driver/stm32l4xx_hal_dma.o
 .debug_line    0x0000467b      0xa51 Drivers/STM32L4xx_HAL_Driver/stm32l4xx_hal_gpio.o
 .debug_line    0x000050cc      0xc59 Drivers/STM32L4xx_HAL_Driver/stm32l4xx_hal_pwr_ex.o
 .debug_line    0x00005d25      0xb7e Drivers/STM32L4xx_HAL_Driver/stm32l4xx_hal_rcc.o
 .debug_line    0x000068a3      0xe8b Drivers/STM32L4xx_HAL_Driver/stm32l4xx_hal_rcc_ex.o
 .debug_line    0x0000772e     0x13c3 Drivers/STM32L4xx_HAL_Driver/stm32l4xx_hal_uart.o
 .debug_line    0x00008af1      0x99f Drivers/STM32L4xx_HAL_Driver/stm32l4xx_hal_uart_ex.o

.debug_info     0x00000000    0x103fc
 .debug_info    0x00000000       0xdc Application/SW4STM32/startup_stm32l476xx.o
 .debug_info    0x000000dc     0x1bea Application/User/main.o
 .debug_info    0x00001cc6     0x14d7 Application/User/stm32l4xx_hal_msp.o
 .debug_info    0x0000319d     0x1082 Application/User/stm32l4xx_it.o
 .debug_info    0x0000421f      0xde3 Drivers/CMSIS/system_stm32l4xx.o
 .debug_info    0x00005002     0x1265 Drivers/STM32L4xx_HAL_Driver/stm32l4xx_hal.o
 .debug_info    0x00006267     0x1623 Drivers/STM32L4xx_HAL_Driver/stm32l4xx_hal_cortex.o
 .debug_info    0x0000788a      0xfe6 Drivers/STM32L4xx_HAL_Driver/stm32l4xx_hal_dma.o
 .debug_info    0x00008870     0x1087 Drivers/STM32L4xx_HAL_Driver/stm32l4xx_hal_gpio.o
 .debug_info    0x000098f7     0x1285 Drivers/STM32L4xx_HAL_Driver/stm32l4xx_hal_pwr_ex.o
 .debug_info    0x0000ab7c     0x1390 Drivers/STM32L4xx_HAL_Driver/stm32l4xx_hal_rcc.o
 .debug_info    0x0000bf0c     0x1578 Drivers/STM32L4xx_HAL_Driver/stm32l4xx_hal_rcc_ex.o
 .debug_info    0x0000d484     0x1e6f Drivers/STM32L4xx_HAL_Driver/stm32l4xx_hal_uart.o
 .debug_info    0x0000f2f3     0x1109 Drivers/STM32L4xx_HAL_Driver/stm32l4xx_hal_uart_ex.o

.debug_abbrev   0x00000000     0x22a7
 .debug_abbrev  0x00000000       0x12 Application/SW4STM32/startup_stm32l476xx.o
 .debug_abbrev  0x00000012      0x32a Application/User/main.o
 .debug_abbrev  0x0000033c      0x22d Application/User/stm32l4xx_hal_msp.o
 .debug_abbrev  0x00000569      0x1f0 Application/User/stm32l4xx_it.o
 .debug_abbrev  0x00000759      0x226 Drivers/CMSIS/system_stm32l4xx.o
 .debug_abbrev  0x0000097f      0x2b5 Drivers/STM32L4xx_HAL_Driver/stm32l4xx_hal.o
 .debug_abbrev  0x00000c34      0x381 Drivers/STM32L4xx_HAL_Driver/stm32l4xx_hal_cortex.o
 .debug_abbrev  0x00000fb5      0x289 Drivers/STM32L4xx_HAL_Driver/stm32l4xx_hal_dma.o
 .debug_abbrev  0x0000123e      0x287 Drivers/STM32L4xx_HAL_Driver/stm32l4xx_hal_gpio.o
 .debug_abbrev  0x000014c5      0x2bf Drivers/STM32L4xx_HAL_Driver/stm32l4xx_hal_pwr_ex.o
 .debug_abbrev  0x00001784      0x303 Drivers/STM32L4xx_HAL_Driver/stm32l4xx_hal_rcc.o
 .debug_abbrev  0x00001a87      0x2dc Drivers/STM32L4xx_HAL_Driver/stm32l4xx_hal_rcc_ex.o
 .debug_abbrev  0x00001d63      0x2bb Drivers/STM32L4xx_HAL_Driver/stm32l4xx_hal_uart.o
 .debug_abbrev  0x0000201e      0x289 Drivers/STM32L4xx_HAL_Driver/stm32l4xx_hal_uart_ex.o

.debug_aranges  0x00000000      0x920
 .debug_aranges
                0x00000000       0x28 Application/SW4STM32/startup_stm32l476xx.o
 .debug_aranges
                0x00000028       0x58 Application/User/main.o
 .debug_aranges
                0x00000080       0x30 Application/User/stm32l4xx_hal_msp.o
 .debug_aranges
                0x000000b0       0x70 Application/User/stm32l4xx_it.o
 .debug_aranges
                0x00000120       0x28 Drivers/CMSIS/system_stm32l4xx.o
 .debug_aranges
                0x00000148      0x118 Drivers/STM32L4xx_HAL_Driver/stm32l4xx_hal.o
 .debug_aranges
                0x00000260      0x118 Drivers/STM32L4xx_HAL_Driver/stm32l4xx_hal_cortex.o
 .debug_aranges
                0x00000378       0x80 Drivers/STM32L4xx_HAL_Driver/stm32l4xx_hal_dma.o
 .debug_aranges
                0x000003f8       0x58 Drivers/STM32L4xx_HAL_Driver/stm32l4xx_hal_gpio.o
 .debug_aranges
                0x00000450      0x148 Drivers/STM32L4xx_HAL_Driver/stm32l4xx_hal_pwr_ex.o
 .debug_aranges
                0x00000598       0x88 Drivers/STM32L4xx_HAL_Driver/stm32l4xx_hal_rcc.o
 .debug_aranges
                0x00000620       0xb8 Drivers/STM32L4xx_HAL_Driver/stm32l4xx_hal_rcc_ex.o
 .debug_aranges
                0x000006d8      0x1f8 Drivers/STM32L4xx_HAL_Driver/stm32l4xx_hal_uart.o
 .debug_aranges
                0x000008d0       0x50 Drivers/STM32L4xx_HAL_Driver/stm32l4xx_hal_uart_ex.o

.debug_ranges   0x00000000      0x848
 .debug_ranges  0x00000000       0x20 Application/SW4STM32/startup_stm32l476xx.o
 .debug_ranges  0x00000020       0x48 Application/User/main.o
 .debug_ranges  0x00000068       0x20 Application/User/stm32l4xx_hal_msp.o
 .debug_ranges  0x00000088       0x60 Application/User/stm32l4xx_it.o
 .debug_ranges  0x000000e8       0x18 Drivers/CMSIS/system_stm32l4xx.o
 .debug_ranges  0x00000100      0x108 Drivers/STM32L4xx_HAL_Driver/stm32l4xx_hal.o
 .debug_ranges  0x00000208      0x108 Drivers/STM32L4xx_HAL_Driver/stm32l4xx_hal_cortex.o
 .debug_ranges  0x00000310       0x70 Drivers/STM32L4xx_HAL_Driver/stm32l4xx_hal_dma.o
 .debug_ranges  0x00000380       0x48 Drivers/STM32L4xx_HAL_Driver/stm32l4xx_hal_gpio.o
 .debug_ranges  0x000003c8      0x138 Drivers/STM32L4xx_HAL_Driver/stm32l4xx_hal_pwr_ex.o
 .debug_ranges  0x00000500       0x78 Drivers/STM32L4xx_HAL_Driver/stm32l4xx_hal_rcc.o
 .debug_ranges  0x00000578       0xa8 Drivers/STM32L4xx_HAL_Driver/stm32l4xx_hal_rcc_ex.o
 .debug_ranges  0x00000620      0x1e8 Drivers/STM32L4xx_HAL_Driver/stm32l4xx_hal_uart.o
 .debug_ranges  0x00000808       0x40 Drivers/STM32L4xx_HAL_Driver/stm32l4xx_hal_uart_ex.o

.debug_macro    0x00000000    0x2637e
 .debug_macro   0x00000000      0x33f Application/User/main.o
 .debug_macro   0x0000033f      0x8bc Application/User/main.o
 .debug_macro   0x00000bfb       0x1c Application/User/main.o
 .debug_macro   0x00000c17       0xae Application/User/main.o
 .debug_macro   0x00000cc5       0x2e Application/User/main.o
 .debug_macro   0x00000cf3       0x28 Application/User/main.o
 .debug_macro   0x00000d1b       0x22 Application/User/main.o
 .debug_macro   0x00000d3d       0x87 Application/User/main.o
 .debug_macro   0x00000dc4       0x51 Application/User/main.o
 .debug_macro   0x00000e15       0xef Application/User/main.o
 .debug_macro   0x00000f04       0x6a Application/User/main.o
 .debug_macro   0x00000f6e      0x1df Application/User/main.o
 .debug_macro   0x0000114d       0x35 Application/User/main.o
 .debug_macro   0x00001182       0x50 Application/User/main.o
 .debug_macro   0x000011d2      0xe66 Application/User/main.o
 .debug_macro   0x00002038    0x1a1c2 Application/User/main.o
 .debug_macro   0x0001c1fa       0x43 Application/User/main.o
 .debug_macro   0x0001c23d     0x36a8 Application/User/main.o
 .debug_macro   0x0001f8e5       0x58 Application/User/main.o
 .debug_macro   0x0001f93d       0x35 Application/User/main.o
 .debug_macro   0x0001f972       0x9c Application/User/main.o
 .debug_macro   0x0001fa0e       0x16 Application/User/main.o
 .debug_macro   0x0001fa24       0x97 Application/User/main.o
 .debug_macro   0x0001fabb      0x330 Application/User/main.o
 .debug_macro   0x0001fdeb       0xfd Application/User/main.o
 .debug_macro   0x0001fee8       0x10 Application/User/main.o
 .debug_macro   0x0001fef8       0x58 Application/User/main.o
 .debug_macro   0x0001ff50       0x1f Application/User/main.o
 .debug_macro   0x0001ff6f       0x43 Application/User/main.o
 .debug_macro   0x0001ffb2       0x20 Application/User/main.o
 .debug_macro   0x0001ffd2      0x187 Application/User/main.o
 .debug_macro   0x00020159       0x10 Application/User/main.o
 .debug_macro   0x00020169       0x1c Application/User/main.o
 .debug_macro   0x00020185       0x52 Application/User/main.o
 .debug_macro   0x000201d7       0x40 Application/User/main.o
 .debug_macro   0x00020217       0x10 Application/User/main.o
 .debug_macro   0x00020227       0x40 Application/User/main.o
 .debug_macro   0x00020267       0xd7 Application/User/main.o
 .debug_macro   0x0002033e       0x16 Application/User/main.o
 .debug_macro   0x00020354      0x18b Application/User/main.o
 .debug_macro   0x000204df       0x50 Application/User/main.o
 .debug_macro   0x0002052f     0x1566 Application/User/main.o
 .debug_macro   0x00021a95      0x59e Application/User/main.o
 .debug_macro   0x00022033      0x148 Application/User/main.o
 .debug_macro   0x0002217b      0x18b Application/User/main.o
 .debug_macro   0x00022306      0x26b Application/User/main.o
 .debug_macro   0x00022571      0x23a Application/User/main.o
 .debug_macro   0x000227ab      0x367 Application/User/main.o
 .debug_macro   0x00022b12       0x10 Application/User/main.o
 .debug_macro   0x00022b22       0xe4 Application/User/main.o
 .debug_macro   0x00022c06      0x202 Application/User/main.o
 .debug_macro   0x00022e08       0x61 Application/User/main.o
 .debug_macro   0x00022e69       0x90 Application/User/main.o
 .debug_macro   0x00022ef9      0x126 Application/User/main.o
 .debug_macro   0x0002301f      0x3db Application/User/main.o
 .debug_macro   0x000233fa      0x535 Application/User/main.o
 .debug_macro   0x0002392f       0x44 Application/User/main.o
 .debug_macro   0x00023973      0x325 Application/User/main.o
 .debug_macro   0x00023c98       0x16 Application/User/main.o
 .debug_macro   0x00023cae       0x35 Application/User/main.o
 .debug_macro   0x00023ce3      0x31a Application/User/stm32l4xx_hal_msp.o
 .debug_macro   0x00023ffd      0x324 Application/User/stm32l4xx_it.o
 .debug_macro   0x00024321      0x321 Drivers/CMSIS/system_stm32l4xx.o
 .debug_macro   0x00024642      0x368 Drivers/STM32L4xx_HAL_Driver/stm32l4xx_hal.o
 .debug_macro   0x000249aa      0x31a Drivers/STM32L4xx_HAL_Driver/stm32l4xx_hal_cortex.o
 .debug_macro   0x00024cc4      0x31a Drivers/STM32L4xx_HAL_Driver/stm32l4xx_hal_dma.o
 .debug_macro   0x00024fde      0x359 Drivers/STM32L4xx_HAL_Driver/stm32l4xx_hal_gpio.o
 .debug_macro   0x00025337      0x33e Drivers/STM32L4xx_HAL_Driver/stm32l4xx_hal_pwr_ex.o
 .debug_macro   0x00025675      0x35c Drivers/STM32L4xx_HAL_Driver/stm32l4xx_hal_rcc.o
 .debug_macro   0x000259d1      0x350 Drivers/STM32L4xx_HAL_Driver/stm32l4xx_hal_rcc_ex.o
 .debug_macro   0x00025d21      0x343 Drivers/STM32L4xx_HAL_Driver/stm32l4xx_hal_uart.o
 .debug_macro   0x00026064      0x31a Drivers/STM32L4xx_HAL_Driver/stm32l4xx_hal_uart_ex.o

.debug_str      0x00000000    0xe2a5b
 .debug_str     0x00000000    0xe0252 Application/User/main.o
                              0xe067d (size before relaxing)
 .debug_str     0x000e0252       0x8a Application/User/stm32l4xx_hal_msp.o
                              0xe0195 (size before relaxing)
 .debug_str     0x000e02dc      0x118 Application/User/stm32l4xx_it.o
                              0xdfbec (size before relaxing)
 .debug_str     0x000e03f4      0x107 Drivers/CMSIS/system_stm32l4xx.o
                              0xdf83c (size before relaxing)
 .debug_str     0x000e04fb      0x5f1 Drivers/STM32L4xx_HAL_Driver/stm32l4xx_hal.o
                              0xe0320 (size before relaxing)
 .debug_str     0x000e0aec      0x3d1 Drivers/STM32L4xx_HAL_Driver/stm32l4xx_hal_cortex.o
                              0xe0084 (size before relaxing)
 .debug_str     0x000e0ebd      0x297 Drivers/STM32L4xx_HAL_Driver/stm32l4xx_hal_dma.o
                              0xdfad6 (size before relaxing)
 .debug_str     0x000e1154      0x2c6 Drivers/STM32L4xx_HAL_Driver/stm32l4xx_hal_gpio.o
                              0xdfb17 (size before relaxing)
 .debug_str     0x000e141a      0x4d6 Drivers/STM32L4xx_HAL_Driver/stm32l4xx_hal_pwr_ex.o
                              0xdfd3e (size before relaxing)
 .debug_str     0x000e18f0      0x3cd Drivers/STM32L4xx_HAL_Driver/stm32l4xx_hal_rcc.o
                              0xdfdd5 (size before relaxing)
 .debug_str     0x000e1cbd      0x3bb Drivers/STM32L4xx_HAL_Driver/stm32l4xx_hal_rcc_ex.o
                              0xdff5c (size before relaxing)
 .debug_str     0x000e2078      0x855 Drivers/STM32L4xx_HAL_Driver/stm32l4xx_hal_uart.o
                              0xe04cb (size before relaxing)
 .debug_str     0x000e28cd      0x18e Drivers/STM32L4xx_HAL_Driver/stm32l4xx_hal_uart_ex.o
                              0xdfc99 (size before relaxing)

.comment        0x00000000       0x7f
 .comment       0x00000000       0x7f Application/User/main.o
                                 0x80 (size before relaxing)
 .comment       0x0000007f       0x80 Application/User/stm32l4xx_hal_msp.o
 .comment       0x0000007f       0x80 Application/User/stm32l4xx_it.o
 .comment       0x0000007f       0x80 Drivers/CMSIS/system_stm32l4xx.o
 .comment       0x0000007f       0x80 Drivers/STM32L4xx_HAL_Driver/stm32l4xx_hal.o
 .comment       0x0000007f       0x80 Drivers/STM32L4xx_HAL_Driver/stm32l4xx_hal_cortex.o
 .comment       0x0000007f       0x80 Drivers/STM32L4xx_HAL_Driver/stm32l4xx_hal_dma.o
 .comment       0x0000007f       0x80 Drivers/STM32L4xx_HAL_Driver/stm32l4xx_hal_gpio.o
 .comment       0x0000007f       0x80 Drivers/STM32L4xx_HAL_Driver/stm32l4xx_hal_pwr_ex.o
 .comment       0x0000007f       0x80 Drivers/STM32L4xx_HAL_Driver/stm32l4xx_hal_rcc.o
 .comment       0x0000007f       0x80 Drivers/STM32L4xx_HAL_Driver/stm32l4xx_hal_rcc_ex.o
 .comment       0x0000007f       0x80 Drivers/STM32L4xx_HAL_Driver/stm32l4xx_hal_uart.o
 .comment       0x0000007f       0x80 Drivers/STM32L4xx_HAL_Driver/stm32l4xx_hal_uart_ex.o

.debug_frame    0x00000000     0x23e4
 .debug_frame   0x00000000      0x118 Application/User/main.o
 .debug_frame   0x00000118       0x7c Application/User/stm32l4xx_hal_msp.o
 .debug_frame   0x00000194      0x148 Application/User/stm32l4xx_it.o
 .debug_frame   0x000002dc       0x58 Drivers/CMSIS/system_stm32l4xx.o
 .debug_frame   0x00000334      0x42c Drivers/STM32L4xx_HAL_Driver/stm32l4xx_hal.o
 .debug_frame   0x00000760      0x498 Drivers/STM32L4xx_HAL_Driver/stm32l4xx_hal_cortex.o
 .debug_frame   0x00000bf8      0x204 Drivers/STM32L4xx_HAL_Driver/stm32l4xx_hal_dma.o
 .debug_frame   0x00000dfc      0x14c Drivers/STM32L4xx_HAL_Driver/stm32l4xx_hal_gpio.o
 .debug_frame   0x00000f48      0x524 Drivers/STM32L4xx_HAL_Driver/stm32l4xx_hal_pwr_ex.o
 .debug_frame   0x0000146c      0x1f8 Drivers/STM32L4xx_HAL_Driver/stm32l4xx_hal_rcc.o
 .debug_frame   0x00001664      0x2d4 Drivers/STM32L4xx_HAL_Driver/stm32l4xx_hal_rcc_ex.o
 .debug_frame   0x00001938      0x900 Drivers/STM32L4xx_HAL_Driver/stm32l4xx_hal_uart.o
 .debug_frame   0x00002238      0x120 Drivers/STM32L4xx_HAL_Driver/stm32l4xx_hal_uart_ex.o
 .debug_frame   0x00002358       0x2c c:/ac6/systemworkbench/plugins/fr.ac6.mcu.externaltools.arm-none.win32_1.15.0.201708311556/tools/compiler/bin/../lib/gcc/arm-none-eabi/6.3.1/thumb/v7e-m/fpv4-sp/hard\libgcc.a(_aeabi_uldivmod.o)
 .debug_frame   0x00002384       0x34 c:/ac6/systemworkbench/plugins/fr.ac6.mcu.externaltools.arm-none.win32_1.15.0.201708311556/tools/compiler/bin/../lib/gcc/arm-none-eabi/6.3.1/thumb/v7e-m/fpv4-sp/hard\libgcc.a(_udivmoddi4.o)
 .debug_frame   0x000023b8       0x2c c:/ac6/systemworkbench/plugins/fr.ac6.mcu.externaltools.arm-none.win32_1.15.0.201708311556/tools/compiler/bin/../lib/gcc/arm-none-eabi/6.3.1/../../../../arm-none-eabi/lib/thumb/v7e-m/fpv4-sp/hard\libc_nano.a(lib_a-init.o)
