16:32:03 **** Incremental Build of configuration Debug for project stmcube ****
make all 
Building file: ../Src/main.c
Invoking: MCU GCC Compiler
C:\Users\Joel\Desktop\HGCD\Prototype_two\Software\stmcube\Debug
arm-none-eabi-gcc -mcpu=cortex-m4 -mthumb -mfloat-abi=hard -mfpu=fpv4-sp-d16 '-D__weak=__attribute__((weak))' '-D__packed=__attribute__((__packed__))' -DUSE_HAL_DRIVER -DSTM32L476xx -I"C:/Users/Joel/Desktop/HGCD/Prototype_two/Software/stmcube/Inc" -I"C:/Users/Joel/Desktop/HGCD/Prototype_two/Software/stmcube/Drivers/STM32L4xx_HAL_Driver/Inc" -I"C:/Users/Joel/Desktop/HGCD/Prototype_two/Software/stmcube/Drivers/STM32L4xx_HAL_Driver/Inc/Legacy" -I"C:/Users/Joel/Desktop/HGCD/Prototype_two/Software/stmcube/Drivers/CMSIS/Device/ST/STM32L4xx/Include" -I"C:/Users/Joel/Desktop/HGCD/Prototype_two/Software/stmcube/Drivers/CMSIS/Include"  -Og -g3 -Wall -fmessage-length=0 -ffunction-sections -c -fmessage-length=0 -MMD -MP -MF"Src/main.d" -MT"Src/main.o" -o "Src/main.o" "../Src/main.c"
../Src/main.c: In function 'main':
../Src/main.c:277:3: warning: implicit declaration of function 'TestBitmap' [-Wimplicit-function-declaration]
   TestBitmap();
   ^~~~~~~~~~
../Src/main.c: In function 'Display':
../Src/main.c:664:7: warning: pointer targets in passing argument 1 of 'PStr' differ in signedness [-Wpointer-sign]
  PStr(message, &TS);
       ^~~~~~~
In file included from ../Src/main.c:45:0:
C:/Users/Joel/Desktop/HGCD/Prototype_two/Software/stmcube/Inc/GFXC.h:57:8: note: expected 'const char *' but argument is of type 'uint8_t * {aka unsigned char *}'
 int8_t PStr(const char*, TextParamStruct*);
        ^~~~
../Src/main.c: In function 'CallibrateFlex':
../Src/main.c:686:15: warning: implicit declaration of function 'FlexsensorValue' [-Wimplicit-function-declaration]
    int temp = FlexsensorValue();
               ^~~~~~~~~~~~~~~
../Src/main.c: In function 'Startup':
../Src/main.c:749:3: warning: implicit declaration of function 'CallibrateHall' [-Wimplicit-function-declaration]
   CallibrateHall();
   ^~~~~~~~~~~~~~
../Src/main.c: At top level:
../Src/main.c:765:6: warning: conflicting types for 'CallibrateHall'
 void CallibrateHall(){
      ^~~~~~~~~~~~~~
../Src/main.c:749:3: note: previous implicit declaration of 'CallibrateHall' was here
   CallibrateHall();
   ^~~~~~~~~~~~~~
../Src/main.c: In function 'CallibrateHall':
../Src/main.c:766:13: warning: implicit declaration of function 'HallsensorValue' [-Wimplicit-function-declaration]
  int temp = HallsensorValue();
             ^~~~~~~~~~~~~~~
../Src/main.c: In function 'TestFlex':
../Src/main.c:974:2: warning: implicit declaration of function 'itoa' [-Wimplicit-function-declaration]
  itoa(test_flex, test_flex_data, 10);
  ^~~~
../Src/main.c: At top level:
../Src/main.c:1001:6: warning: conflicting types for 'TestBitmap'
 void TestBitmap(){
      ^~~~~~~~~~
../Src/main.c:277:3: note: previous implicit declaration of 'TestBitmap' was here
   TestBitmap();
   ^~~~~~~~~~
../Src/main.c: In function 'TestBitmap':
../Src/main.c:1006:2: warning: implicit declaration of function 'drawRGBBitmap2' [-Wimplicit-function-declaration]
  drawRGBBitmap2(0,-32,m22,128,160);
  ^~~~~~~~~~~~~~
Finished building: ../Src/main.c
 
Building target: stmcube.elf
Invoking: MCU GCC Linker
arm-none-eabi-gcc -mcpu=cortex-m4 -mthumb -mfloat-abi=hard -mfpu=fpv4-sp-d16 -specs=nosys.specs -specs=nano.specs -T"../STM32L476RGTx_FLASH.ld" -Wl,-Map=output.map -Wl,--gc-sections -o "stmcube.elf" @"objects.list"   -lm
Finished building target: stmcube.elf
 
make --no-print-directory post-build
Generating binary and Printing size information:
arm-none-eabi-objcopy -O binary "stmcube.elf" "stmcube.bin"
arm-none-eabi-size "stmcube.elf"
   text	   data	    bss	    dec	    hex	filename
  16936	  84000	   2464	 103400	  193e8	stmcube.elf
 
16:32:15 **** Incremental Build of configuration Debug for project stmcube ****
make all 
make: Nothing to be done for 'all'.
16:32:43 **** Incremental Build of configuration Debug for project stmcube ****
make all 
Building file: ../Src/main.c
Invoking: MCU GCC Compiler
C:\Users\Joel\Desktop\HGCD\Prototype_two\Software\stmcube\Debug
arm-none-eabi-gcc -mcpu=cortex-m4 -mthumb -mfloat-abi=hard -mfpu=fpv4-sp-d16 '-D__weak=__attribute__((weak))' '-D__packed=__attribute__((__packed__))' -DUSE_HAL_DRIVER -DSTM32L476xx -I"C:/Users/Joel/Desktop/HGCD/Prototype_two/Software/stmcube/Inc" -I"C:/Users/Joel/Desktop/HGCD/Prototype_two/Software/stmcube/Drivers/STM32L4xx_HAL_Driver/Inc" -I"C:/Users/Joel/Desktop/HGCD/Prototype_two/Software/stmcube/Drivers/STM32L4xx_HAL_Driver/Inc/Legacy" -I"C:/Users/Joel/Desktop/HGCD/Prototype_two/Software/stmcube/Drivers/CMSIS/Device/ST/STM32L4xx/Include" -I"C:/Users/Joel/Desktop/HGCD/Prototype_two/Software/stmcube/Drivers/CMSIS/Include"  -Og -g3 -Wall -fmessage-length=0 -ffunction-sections -c -fmessage-length=0 -MMD -MP -MF"Src/main.d" -MT"Src/main.o" -o "Src/main.o" "../Src/main.c"
../Src/main.c: In function 'main':
../Src/main.c:277:3: warning: implicit declaration of function 'TestBitmap' [-Wimplicit-function-declaration]
   TestBitmap();
   ^~~~~~~~~~
../Src/main.c: In function 'Display':
../Src/main.c:664:7: warning: pointer targets in passing argument 1 of 'PStr' differ in signedness [-Wpointer-sign]
  PStr(message, &TS);
       ^~~~~~~
In file included from ../Src/main.c:45:0:
C:/Users/Joel/Desktop/HGCD/Prototype_two/Software/stmcube/Inc/GFXC.h:57:8: note: expected 'const char *' but argument is of type 'uint8_t * {aka unsigned char *}'
 int8_t PStr(const char*, TextParamStruct*);
        ^~~~
../Src/main.c: In function 'CallibrateFlex':
../Src/main.c:686:15: warning: implicit declaration of function 'FlexsensorValue' [-Wimplicit-function-declaration]
    int temp = FlexsensorValue();
               ^~~~~~~~~~~~~~~
../Src/main.c: In function 'Startup':
../Src/main.c:749:3: warning: implicit declaration of function 'CallibrateHall' [-Wimplicit-function-declaration]
   CallibrateHall();
   ^~~~~~~~~~~~~~
../Src/main.c: At top level:
../Src/main.c:765:6: warning: conflicting types for 'CallibrateHall'
 void CallibrateHall(){
      ^~~~~~~~~~~~~~
../Src/main.c:749:3: note: previous implicit declaration of 'CallibrateHall' was here
   CallibrateHall();
   ^~~~~~~~~~~~~~
../Src/main.c: In function 'CallibrateHall':
../Src/main.c:766:13: warning: implicit declaration of function 'HallsensorValue' [-Wimplicit-function-declaration]
  int temp = HallsensorValue();
             ^~~~~~~~~~~~~~~
../Src/main.c: In function 'TestFlex':
../Src/main.c:974:2: warning: implicit declaration of function 'itoa' [-Wimplicit-function-declaration]
  itoa(test_flex, test_flex_data, 10);
  ^~~~
../Src/main.c: At top level:
../Src/main.c:1001:6: warning: conflicting types for 'TestBitmap'
 void TestBitmap(){
      ^~~~~~~~~~
../Src/main.c:277:3: note: previous implicit declaration of 'TestBitmap' was here
   TestBitmap();
   ^~~~~~~~~~
../Src/main.c: In function 'TestBitmap':
../Src/main.c:1006:2: warning: implicit declaration of function 'drawRGBBitmap2' [-Wimplicit-function-declaration]
  drawRGBBitmap2(0,-32,picture_one,128,160);
  ^~~~~~~~~~~~~~
Finished building: ../Src/main.c
 
Building target: stmcube.elf
Invoking: MCU GCC Linker
arm-none-eabi-gcc -mcpu=cortex-m4 -mthumb -mfloat-abi=hard -mfpu=fpv4-sp-d16 -specs=nosys.specs -specs=nano.specs -T"../STM32L476RGTx_FLASH.ld" -Wl,-Map=output.map -Wl,--gc-sections -o "stmcube.elf" @"objects.list"   -lm
Finished building target: stmcube.elf
 
make --no-print-directory post-build
Generating binary and Printing size information:
arm-none-eabi-objcopy -O binary "stmcube.elf" "stmcube.bin"
arm-none-eabi-size "stmcube.elf"
   text	   data	    bss	    dec	    hex	filename
  57896	  84000	   2464	 144360	  233e8	stmcube.elf
 
17:44:59 **** Incremental Build of configuration Debug for project stmcube ****
make all 
Building file: ../Src/main.c
Invoking: MCU GCC Compiler
C:\Users\Joel\Desktop\HGCD\Prototype_two\Software\stmcube\Debug
arm-none-eabi-gcc -mcpu=cortex-m4 -mthumb -mfloat-abi=hard -mfpu=fpv4-sp-d16 '-D__weak=__attribute__((weak))' '-D__packed=__attribute__((__packed__))' -DUSE_HAL_DRIVER -DSTM32L476xx -I"C:/Users/Joel/Desktop/HGCD/Prototype_two/Software/stmcube/Inc" -I"C:/Users/Joel/Desktop/HGCD/Prototype_two/Software/stmcube/Drivers/STM32L4xx_HAL_Driver/Inc" -I"C:/Users/Joel/Desktop/HGCD/Prototype_two/Software/stmcube/Drivers/STM32L4xx_HAL_Driver/Inc/Legacy" -I"C:/Users/Joel/Desktop/HGCD/Prototype_two/Software/stmcube/Drivers/CMSIS/Device/ST/STM32L4xx/Include" -I"C:/Users/Joel/Desktop/HGCD/Prototype_two/Software/stmcube/Drivers/CMSIS/Include"  -Og -g3 -Wall -fmessage-length=0 -ffunction-sections -c -fmessage-length=0 -MMD -MP -MF"Src/main.d" -MT"Src/main.o" -o "Src/main.o" "../Src/main.c"
../Src/main.c: In function 'main':
../Src/main.c:275:3: warning: implicit declaration of function 'TestBitmap' [-Wimplicit-function-declaration]
   TestBitmap();
   ^~~~~~~~~~
../Src/main.c: In function 'Display':
../Src/main.c:662:7: warning: pointer targets in passing argument 1 of 'PStr' differ in signedness [-Wpointer-sign]
  PStr(message, &TS);
       ^~~~~~~
In file included from ../Src/main.c:45:0:
C:/Users/Joel/Desktop/HGCD/Prototype_two/Software/stmcube/Inc/GFXC.h:57:8: note: expected 'const char *' but argument is of type 'uint8_t * {aka unsigned char *}'
 int8_t PStr(const char*, TextParamStruct*);
        ^~~~
../Src/main.c: In function 'CallibrateFlex':
../Src/main.c:684:15: warning: implicit declaration of function 'FlexsensorValue' [-Wimplicit-function-declaration]
    int temp = FlexsensorValue();
               ^~~~~~~~~~~~~~~
../Src/main.c: In function 'Startup':
../Src/main.c:747:3: warning: implicit declaration of function 'CallibrateHall' [-Wimplicit-function-declaration]
   CallibrateHall();
   ^~~~~~~~~~~~~~
../Src/main.c: At top level:
../Src/main.c:763:6: warning: conflicting types for 'CallibrateHall'
 void CallibrateHall(){
      ^~~~~~~~~~~~~~
../Src/main.c:747:3: note: previous implicit declaration of 'CallibrateHall' was here
   CallibrateHall();
   ^~~~~~~~~~~~~~
../Src/main.c: In function 'CallibrateHall':
../Src/main.c:764:13: warning: implicit declaration of function 'HallsensorValue' [-Wimplicit-function-declaration]
  int temp = HallsensorValue();
             ^~~~~~~~~~~~~~~
../Src/main.c: In function 'TestFlex':
../Src/main.c:972:2: warning: implicit declaration of function 'itoa' [-Wimplicit-function-declaration]
  itoa(test_flex, test_flex_data, 10);
  ^~~~
../Src/main.c: At top level:
../Src/main.c:999:6: warning: conflicting types for 'TestBitmap'
 void TestBitmap(){
      ^~~~~~~~~~
../Src/main.c:275:3: note: previous implicit declaration of 'TestBitmap' was here
   TestBitmap();
   ^~~~~~~~~~
../Src/main.c: In function 'TestBitmap':
../Src/main.c:1004:2: warning: implicit declaration of function 'drawRGBBitmap2' [-Wimplicit-function-declaration]
  drawRGBBitmap2(0,-32,m21,128,160);
  ^~~~~~~~~~~~~~
Finished building: ../Src/main.c
 
Building target: stmcube.elf
Invoking: MCU GCC Linker
arm-none-eabi-gcc -mcpu=cortex-m4 -mthumb -mfloat-abi=hard -mfpu=fpv4-sp-d16 -specs=nosys.specs -specs=nano.specs -T"../STM32L476RGTx_FLASH.ld" -Wl,-Map=output.map -Wl,--gc-sections -o "stmcube.elf" @"objects.list"   -lm
Finished building target: stmcube.elf
 
make --no-print-directory post-build
Generating binary and Printing size information:
arm-none-eabi-objcopy -O binary "stmcube.elf" "stmcube.bin"
arm-none-eabi-size "stmcube.elf"
   text	   data	    bss	    dec	    hex	filename
 385776	   2080	   2464	 390320	  5f4b0	stmcube.elf
 
17:56:22 **** Incremental Build of configuration Debug for project stmcube ****
make all 
Building file: ../Src/main.c
Invoking: MCU GCC Compiler
C:\Users\Joel\Desktop\HGCD\Prototype_two\Software\stmcube\Debug
arm-none-eabi-gcc -mcpu=cortex-m4 -mthumb -mfloat-abi=hard -mfpu=fpv4-sp-d16 '-D__weak=__attribute__((weak))' '-D__packed=__attribute__((__packed__))' -DUSE_HAL_DRIVER -DSTM32L476xx -I"C:/Users/Joel/Desktop/HGCD/Prototype_two/Software/stmcube/Inc" -I"C:/Users/Joel/Desktop/HGCD/Prototype_two/Software/stmcube/Drivers/STM32L4xx_HAL_Driver/Inc" -I"C:/Users/Joel/Desktop/HGCD/Prototype_two/Software/stmcube/Drivers/STM32L4xx_HAL_Driver/Inc/Legacy" -I"C:/Users/Joel/Desktop/HGCD/Prototype_two/Software/stmcube/Drivers/CMSIS/Device/ST/STM32L4xx/Include" -I"C:/Users/Joel/Desktop/HGCD/Prototype_two/Software/stmcube/Drivers/CMSIS/Include"  -Og -g3 -Wall -fmessage-length=0 -ffunction-sections -c -fmessage-length=0 -MMD -MP -MF"Src/main.d" -MT"Src/main.o" -o "Src/main.o" "../Src/main.c"
../Src/main.c: In function 'main':
../Src/main.c:277:3: warning: implicit declaration of function 'TestBitmap' [-Wimplicit-function-declaration]
   TestBitmap();
   ^~~~~~~~~~
../Src/main.c: In function 'Display':
../Src/main.c:664:7: warning: pointer targets in passing argument 1 of 'PStr' differ in signedness [-Wpointer-sign]
  PStr(message, &TS);
       ^~~~~~~
In file included from ../Src/main.c:45:0:
C:/Users/Joel/Desktop/HGCD/Prototype_two/Software/stmcube/Inc/GFXC.h:57:8: note: expected 'const char *' but argument is of type 'uint8_t * {aka unsigned char *}'
 int8_t PStr(const char*, TextParamStruct*);
        ^~~~
../Src/main.c: In function 'CallibrateFlex':
../Src/main.c:686:15: warning: implicit declaration of function 'FlexsensorValue' [-Wimplicit-function-declaration]
    int temp = FlexsensorValue();
               ^~~~~~~~~~~~~~~
../Src/main.c: In function 'Startup':
../Src/main.c:749:3: warning: implicit declaration of function 'CallibrateHall' [-Wimplicit-function-declaration]
   CallibrateHall();
   ^~~~~~~~~~~~~~
../Src/main.c: At top level:
../Src/main.c:765:6: warning: conflicting types for 'CallibrateHall'
 void CallibrateHall(){
      ^~~~~~~~~~~~~~
../Src/main.c:749:3: note: previous implicit declaration of 'CallibrateHall' was here
   CallibrateHall();
   ^~~~~~~~~~~~~~
../Src/main.c: In function 'CallibrateHall':
../Src/main.c:766:13: warning: implicit declaration of function 'HallsensorValue' [-Wimplicit-function-declaration]
  int temp = HallsensorValue();
             ^~~~~~~~~~~~~~~
../Src/main.c: In function 'TestFlex':
../Src/main.c:974:2: warning: implicit declaration of function 'itoa' [-Wimplicit-function-declaration]
  itoa(test_flex, test_flex_data, 10);
  ^~~~
../Src/main.c: At top level:
../Src/main.c:1001:6: warning: conflicting types for 'TestBitmap'
 void TestBitmap(){
      ^~~~~~~~~~
../Src/main.c:277:3: note: previous implicit declaration of 'TestBitmap' was here
   TestBitmap();
   ^~~~~~~~~~
../Src/main.c: In function 'TestBitmap':
../Src/main.c:1006:2: warning: implicit declaration of function 'drawRGBBitmap2' [-Wimplicit-function-declaration]
  drawRGBBitmap2(0,-32,m21,128,160);
  ^~~~~~~~~~~~~~
Finished building: ../Src/main.c
 
Building target: stmcube.elf
Invoking: MCU GCC Linker
arm-none-eabi-gcc -mcpu=cortex-m4 -mthumb -mfloat-abi=hard -mfpu=fpv4-sp-d16 -specs=nosys.specs -specs=nano.specs -T"../STM32L476RGTx_FLASH.ld" -Wl,-Map=output.map -Wl,--gc-sections -o "stmcube.elf" @"objects.list"   -lm
Finished building target: stmcube.elf
 
make --no-print-directory post-build
Generating binary and Printing size information:
arm-none-eabi-objcopy -O binary "stmcube.elf" "stmcube.bin"
arm-none-eabi-size "stmcube.elf"
   text	   data	    bss	    dec	    hex	filename
 385832	   3360	   2464	 391656	  5f9e8	stmcube.elf
 
17:58:12 **** Incremental Build of configuration Debug for project stmcube ****
make all 
Building file: ../Src/main.c
Invoking: MCU GCC Compiler
C:\Users\Joel\Desktop\HGCD\Prototype_two\Software\stmcube\Debug
arm-none-eabi-gcc -mcpu=cortex-m4 -mthumb -mfloat-abi=hard -mfpu=fpv4-sp-d16 '-D__weak=__attribute__((weak))' '-D__packed=__attribute__((__packed__))' -DUSE_HAL_DRIVER -DSTM32L476xx -I"C:/Users/Joel/Desktop/HGCD/Prototype_two/Software/stmcube/Inc" -I"C:/Users/Joel/Desktop/HGCD/Prototype_two/Software/stmcube/Drivers/STM32L4xx_HAL_Driver/Inc" -I"C:/Users/Joel/Desktop/HGCD/Prototype_two/Software/stmcube/Drivers/STM32L4xx_HAL_Driver/Inc/Legacy" -I"C:/Users/Joel/Desktop/HGCD/Prototype_two/Software/stmcube/Drivers/CMSIS/Device/ST/STM32L4xx/Include" -I"C:/Users/Joel/Desktop/HGCD/Prototype_two/Software/stmcube/Drivers/CMSIS/Include"  -Og -g3 -Wall -fmessage-length=0 -ffunction-sections -c -fmessage-length=0 -MMD -MP -MF"Src/main.d" -MT"Src/main.o" -o "Src/main.o" "../Src/main.c"
../Src/main.c: In function 'main':
../Src/main.c:277:3: warning: implicit declaration of function 'TestBitmap' [-Wimplicit-function-declaration]
   TestBitmap();
   ^~~~~~~~~~
../Src/main.c: In function 'Display':
../Src/main.c:664:7: warning: pointer targets in passing argument 1 of 'PStr' differ in signedness [-Wpointer-sign]
  PStr(message, &TS);
       ^~~~~~~
In file included from ../Src/main.c:45:0:
C:/Users/Joel/Desktop/HGCD/Prototype_two/Software/stmcube/Inc/GFXC.h:57:8: note: expected 'const char *' but argument is of type 'uint8_t * {aka unsigned char *}'
 int8_t PStr(const char*, TextParamStruct*);
        ^~~~
../Src/main.c: In function 'CallibrateFlex':
../Src/main.c:686:15: warning: implicit declaration of function 'FlexsensorValue' [-Wimplicit-function-declaration]
    int temp = FlexsensorValue();
               ^~~~~~~~~~~~~~~
../Src/main.c: In function 'Startup':
../Src/main.c:749:3: warning: implicit declaration of function 'CallibrateHall' [-Wimplicit-function-declaration]
   CallibrateHall();
   ^~~~~~~~~~~~~~
../Src/main.c: At top level:
../Src/main.c:765:6: warning: conflicting types for 'CallibrateHall'
 void CallibrateHall(){
      ^~~~~~~~~~~~~~
../Src/main.c:749:3: note: previous implicit declaration of 'CallibrateHall' was here
   CallibrateHall();
   ^~~~~~~~~~~~~~
../Src/main.c: In function 'CallibrateHall':
../Src/main.c:766:13: warning: implicit declaration of function 'HallsensorValue' [-Wimplicit-function-declaration]
  int temp = HallsensorValue();
             ^~~~~~~~~~~~~~~
../Src/main.c: In function 'TestFlex':
../Src/main.c:974:2: warning: implicit declaration of function 'itoa' [-Wimplicit-function-declaration]
  itoa(test_flex, test_flex_data, 10);
  ^~~~
../Src/main.c: At top level:
../Src/main.c:1001:6: warning: conflicting types for 'TestBitmap'
 void TestBitmap(){
      ^~~~~~~~~~
../Src/main.c:277:3: note: previous implicit declaration of 'TestBitmap' was here
   TestBitmap();
   ^~~~~~~~~~
../Src/main.c: In function 'TestBitmap':
../Src/main.c:1023:2: warning: implicit declaration of function 'drawRGBBitmap2' [-Wimplicit-function-declaration]
  drawRGBBitmap2(96,-30,m29,32,10);
  ^~~~~~~~~~~~~~
Finished building: ../Src/main.c
 
Building target: stmcube.elf
Invoking: MCU GCC Linker
arm-none-eabi-gcc -mcpu=cortex-m4 -mthumb -mfloat-abi=hard -mfpu=fpv4-sp-d16 -specs=nosys.specs -specs=nano.specs -T"../STM32L476RGTx_FLASH.ld" -Wl,-Map=output.map -Wl,--gc-sections -o "stmcube.elf" @"objects.list"   -lm
Finished building target: stmcube.elf
 
make --no-print-directory post-build
Generating binary and Printing size information:
arm-none-eabi-objcopy -O binary "stmcube.elf" "stmcube.bin"
arm-none-eabi-size "stmcube.elf"
   text	   data	    bss	    dec	    hex	filename
 386896	   2080	   2464	 391440	  5f910	stmcube.elf
 
18:01:17 **** Incremental Build of configuration Debug for project stmcube ****
make all 
Building file: ../Src/main.c
Invoking: MCU GCC Compiler
C:\Users\Joel\Desktop\HGCD\Prototype_two\Software\stmcube\Debug
arm-none-eabi-gcc -mcpu=cortex-m4 -mthumb -mfloat-abi=hard -mfpu=fpv4-sp-d16 '-D__weak=__attribute__((weak))' '-D__packed=__attribute__((__packed__))' -DUSE_HAL_DRIVER -DSTM32L476xx -I"C:/Users/Joel/Desktop/HGCD/Prototype_two/Software/stmcube/Inc" -I"C:/Users/Joel/Desktop/HGCD/Prototype_two/Software/stmcube/Drivers/STM32L4xx_HAL_Driver/Inc" -I"C:/Users/Joel/Desktop/HGCD/Prototype_two/Software/stmcube/Drivers/STM32L4xx_HAL_Driver/Inc/Legacy" -I"C:/Users/Joel/Desktop/HGCD/Prototype_two/Software/stmcube/Drivers/CMSIS/Device/ST/STM32L4xx/Include" -I"C:/Users/Joel/Desktop/HGCD/Prototype_two/Software/stmcube/Drivers/CMSIS/Include"  -Og -g3 -Wall -fmessage-length=0 -ffunction-sections -c -fmessage-length=0 -MMD -MP -MF"Src/main.d" -MT"Src/main.o" -o "Src/main.o" "../Src/main.c"
../Src/main.c: In function 'main':
../Src/main.c:277:3: warning: implicit declaration of function 'TestBitmap' [-Wimplicit-function-declaration]
   TestBitmap();
   ^~~~~~~~~~
../Src/main.c: In function 'Display':
../Src/main.c:664:7: warning: pointer targets in passing argument 1 of 'PStr' differ in signedness [-Wpointer-sign]
  PStr(message, &TS);
       ^~~~~~~
In file included from ../Src/main.c:45:0:
C:/Users/Joel/Desktop/HGCD/Prototype_two/Software/stmcube/Inc/GFXC.h:57:8: note: expected 'const char *' but argument is of type 'uint8_t * {aka unsigned char *}'
 int8_t PStr(const char*, TextParamStruct*);
        ^~~~
../Src/main.c: In function 'CallibrateFlex':
../Src/main.c:686:15: warning: implicit declaration of function 'FlexsensorValue' [-Wimplicit-function-declaration]
    int temp = FlexsensorValue();
               ^~~~~~~~~~~~~~~
../Src/main.c: In function 'Startup':
../Src/main.c:749:3: warning: implicit declaration of function 'CallibrateHall' [-Wimplicit-function-declaration]
   CallibrateHall();
   ^~~~~~~~~~~~~~
../Src/main.c: At top level:
../Src/main.c:765:6: warning: conflicting types for 'CallibrateHall'
 void CallibrateHall(){
      ^~~~~~~~~~~~~~
../Src/main.c:749:3: note: previous implicit declaration of 'CallibrateHall' was here
   CallibrateHall();
   ^~~~~~~~~~~~~~
../Src/main.c: In function 'CallibrateHall':
../Src/main.c:766:13: warning: implicit declaration of function 'HallsensorValue' [-Wimplicit-function-declaration]
  int temp = HallsensorValue();
             ^~~~~~~~~~~~~~~
../Src/main.c: In function 'TestFlex':
../Src/main.c:974:2: warning: implicit declaration of function 'itoa' [-Wimplicit-function-declaration]
  itoa(test_flex, test_flex_data, 10);
  ^~~~
../Src/main.c: At top level:
../Src/main.c:1001:6: warning: conflicting types for 'TestBitmap'
 void TestBitmap(){
      ^~~~~~~~~~
../Src/main.c:277:3: note: previous implicit declaration of 'TestBitmap' was here
   TestBitmap();
   ^~~~~~~~~~
../Src/main.c: In function 'TestBitmap':
../Src/main.c:1023:2: warning: implicit declaration of function 'drawRGBBitmap2' [-Wimplicit-function-declaration]
  drawRGBBitmap2(114,-30,m29,20,10);
  ^~~~~~~~~~~~~~
Finished building: ../Src/main.c
 
Building target: stmcube.elf
Invoking: MCU GCC Linker
arm-none-eabi-gcc -mcpu=cortex-m4 -mthumb -mfloat-abi=hard -mfpu=fpv4-sp-d16 -specs=nosys.specs -specs=nano.specs -T"../STM32L476RGTx_FLASH.ld" -Wl,-Map=output.map -Wl,--gc-sections -o "stmcube.elf" @"objects.list"   -lm
Finished building target: stmcube.elf
 
make --no-print-directory post-build
Generating binary and Printing size information:
arm-none-eabi-objcopy -O binary "stmcube.elf" "stmcube.bin"
arm-none-eabi-size "stmcube.elf"
   text	   data	    bss	    dec	    hex	filename
 386656	   2080	   2464	 391200	  5f820	stmcube.elf
 
18:16:32 **** Incremental Build of configuration Debug for project stmcube ****
make all 
Building file: ../Src/main.c
Invoking: MCU GCC Compiler
C:\Users\Joel\Desktop\HGCD\Prototype_two\Software\stmcube\Debug
arm-none-eabi-gcc -mcpu=cortex-m4 -mthumb -mfloat-abi=hard -mfpu=fpv4-sp-d16 '-D__weak=__attribute__((weak))' '-D__packed=__attribute__((__packed__))' -DUSE_HAL_DRIVER -DSTM32L476xx -I"C:/Users/Joel/Desktop/HGCD/Prototype_two/Software/stmcube/Inc" -I"C:/Users/Joel/Desktop/HGCD/Prototype_two/Software/stmcube/Drivers/STM32L4xx_HAL_Driver/Inc" -I"C:/Users/Joel/Desktop/HGCD/Prototype_two/Software/stmcube/Drivers/STM32L4xx_HAL_Driver/Inc/Legacy" -I"C:/Users/Joel/Desktop/HGCD/Prototype_two/Software/stmcube/Drivers/CMSIS/Device/ST/STM32L4xx/Include" -I"C:/Users/Joel/Desktop/HGCD/Prototype_two/Software/stmcube/Drivers/CMSIS/Include"  -Og -g3 -Wall -fmessage-length=0 -ffunction-sections -c -fmessage-length=0 -MMD -MP -MF"Src/main.d" -MT"Src/main.o" -o "Src/main.o" "../Src/main.c"
../Src/main.c: In function 'main':
../Src/main.c:277:3: warning: implicit declaration of function 'TestBitmap' [-Wimplicit-function-declaration]
   TestBitmap();
   ^~~~~~~~~~
../Src/main.c: In function 'Display':
../Src/main.c:664:7: warning: pointer targets in passing argument 1 of 'PStr' differ in signedness [-Wpointer-sign]
  PStr(message, &TS);
       ^~~~~~~
In file included from ../Src/main.c:45:0:
C:/Users/Joel/Desktop/HGCD/Prototype_two/Software/stmcube/Inc/GFXC.h:57:8: note: expected 'const char *' but argument is of type 'uint8_t * {aka unsigned char *}'
 int8_t PStr(const char*, TextParamStruct*);
        ^~~~
../Src/main.c: In function 'CallibrateFlex':
../Src/main.c:686:15: warning: implicit declaration of function 'FlexsensorValue' [-Wimplicit-function-declaration]
    int temp = FlexsensorValue();
               ^~~~~~~~~~~~~~~
../Src/main.c: In function 'Startup':
../Src/main.c:749:3: warning: implicit declaration of function 'CallibrateHall' [-Wimplicit-function-declaration]
   CallibrateHall();
   ^~~~~~~~~~~~~~
../Src/main.c: At top level:
../Src/main.c:765:6: warning: conflicting types for 'CallibrateHall'
 void CallibrateHall(){
      ^~~~~~~~~~~~~~
../Src/main.c:749:3: note: previous implicit declaration of 'CallibrateHall' was here
   CallibrateHall();
   ^~~~~~~~~~~~~~
../Src/main.c: In function 'CallibrateHall':
../Src/main.c:766:13: warning: implicit declaration of function 'HallsensorValue' [-Wimplicit-function-declaration]
  int temp = HallsensorValue();
             ^~~~~~~~~~~~~~~
../Src/main.c: In function 'TestFlex':
../Src/main.c:974:2: warning: implicit declaration of function 'itoa' [-Wimplicit-function-declaration]
  itoa(test_flex, test_flex_data, 10);
  ^~~~
../Src/main.c: At top level:
../Src/main.c:1001:6: warning: conflicting types for 'TestBitmap'
 void TestBitmap(){
      ^~~~~~~~~~
../Src/main.c:277:3: note: previous implicit declaration of 'TestBitmap' was here
   TestBitmap();
   ^~~~~~~~~~
../Src/main.c: In function 'TestBitmap':
../Src/main.c:1023:2: warning: implicit declaration of function 'drawRGBBitmap2' [-Wimplicit-function-declaration]
  drawRGBBitmap2(108,-30,m29,20,10);
  ^~~~~~~~~~~~~~
Finished building: ../Src/main.c
 
Building target: stmcube.elf
Invoking: MCU GCC Linker
arm-none-eabi-gcc -mcpu=cortex-m4 -mthumb -mfloat-abi=hard -mfpu=fpv4-sp-d16 -specs=nosys.specs -specs=nano.specs -T"../STM32L476RGTx_FLASH.ld" -Wl,-Map=output.map -Wl,--gc-sections -o "stmcube.elf" @"objects.list"   -lm
Finished building target: stmcube.elf
 
make --no-print-directory post-build
Generating binary and Printing size information:
arm-none-eabi-objcopy -O binary "stmcube.elf" "stmcube.bin"
arm-none-eabi-size "stmcube.elf"
   text	   data	    bss	    dec	    hex	filename
 386632	   2080	   2464	 391176	  5f808	stmcube.elf
 
18:20:24 **** Incremental Build of configuration Debug for project stmcube ****
make all 
Building file: ../Src/main.c
Invoking: MCU GCC Compiler
C:\Users\Joel\Desktop\HGCD\Prototype_two\Software\stmcube\Debug
arm-none-eabi-gcc -mcpu=cortex-m4 -mthumb -mfloat-abi=hard -mfpu=fpv4-sp-d16 '-D__weak=__attribute__((weak))' '-D__packed=__attribute__((__packed__))' -DUSE_HAL_DRIVER -DSTM32L476xx -I"C:/Users/Joel/Desktop/HGCD/Prototype_two/Software/stmcube/Inc" -I"C:/Users/Joel/Desktop/HGCD/Prototype_two/Software/stmcube/Drivers/STM32L4xx_HAL_Driver/Inc" -I"C:/Users/Joel/Desktop/HGCD/Prototype_two/Software/stmcube/Drivers/STM32L4xx_HAL_Driver/Inc/Legacy" -I"C:/Users/Joel/Desktop/HGCD/Prototype_two/Software/stmcube/Drivers/CMSIS/Device/ST/STM32L4xx/Include" -I"C:/Users/Joel/Desktop/HGCD/Prototype_two/Software/stmcube/Drivers/CMSIS/Include"  -Og -g3 -Wall -fmessage-length=0 -ffunction-sections -c -fmessage-length=0 -MMD -MP -MF"Src/main.d" -MT"Src/main.o" -o "Src/main.o" "../Src/main.c"
../Src/main.c: In function 'main':
../Src/main.c:277:3: warning: implicit declaration of function 'TestBitmap' [-Wimplicit-function-declaration]
   TestBitmap();
   ^~~~~~~~~~
../Src/main.c: In function 'Display':
../Src/main.c:664:7: warning: pointer targets in passing argument 1 of 'PStr' differ in signedness [-Wpointer-sign]
  PStr(message, &TS);
       ^~~~~~~
In file included from ../Src/main.c:45:0:
C:/Users/Joel/Desktop/HGCD/Prototype_two/Software/stmcube/Inc/GFXC.h:57:8: note: expected 'const char *' but argument is of type 'uint8_t * {aka unsigned char *}'
 int8_t PStr(const char*, TextParamStruct*);
        ^~~~
../Src/main.c: In function 'CallibrateFlex':
../Src/main.c:686:15: warning: implicit declaration of function 'FlexsensorValue' [-Wimplicit-function-declaration]
    int temp = FlexsensorValue();
               ^~~~~~~~~~~~~~~
../Src/main.c: In function 'Startup':
../Src/main.c:749:3: warning: implicit declaration of function 'CallibrateHall' [-Wimplicit-function-declaration]
   CallibrateHall();
   ^~~~~~~~~~~~~~
../Src/main.c: At top level:
../Src/main.c:765:6: warning: conflicting types for 'CallibrateHall'
 void CallibrateHall(){
      ^~~~~~~~~~~~~~
../Src/main.c:749:3: note: previous implicit declaration of 'CallibrateHall' was here
   CallibrateHall();
   ^~~~~~~~~~~~~~
../Src/main.c: In function 'CallibrateHall':
../Src/main.c:766:13: warning: implicit declaration of function 'HallsensorValue' [-Wimplicit-function-declaration]
  int temp = HallsensorValue();
             ^~~~~~~~~~~~~~~
../Src/main.c: In function 'TestFlex':
../Src/main.c:974:2: warning: implicit declaration of function 'itoa' [-Wimplicit-function-declaration]
  itoa(test_flex, test_flex_data, 10);
  ^~~~
../Src/main.c: At top level:
../Src/main.c:1001:6: warning: conflicting types for 'TestBitmap'
 void TestBitmap(){
      ^~~~~~~~~~
../Src/main.c:277:3: note: previous implicit declaration of 'TestBitmap' was here
   TestBitmap();
   ^~~~~~~~~~
../Src/main.c: In function 'TestBitmap':
../Src/main.c:1023:2: warning: implicit declaration of function 'drawRGBBitmap2' [-Wimplicit-function-declaration]
  drawRGBBitmap2(108,-30,m29,20,10);
  ^~~~~~~~~~~~~~
Finished building: ../Src/main.c
 
Building target: stmcube.elf
Invoking: MCU GCC Linker
arm-none-eabi-gcc -mcpu=cortex-m4 -mthumb -mfloat-abi=hard -mfpu=fpv4-sp-d16 -specs=nosys.specs -specs=nano.specs -T"../STM32L476RGTx_FLASH.ld" -Wl,-Map=output.map -Wl,--gc-sections -o "stmcube.elf" @"objects.list"   -lm
Finished building target: stmcube.elf
 
make --no-print-directory post-build
Generating binary and Printing size information:
arm-none-eabi-objcopy -O binary "stmcube.elf" "stmcube.bin"
arm-none-eabi-size "stmcube.elf"
   text	   data	    bss	    dec	    hex	filename
 386912	   2080	   2464	 391456	  5f920	stmcube.elf
 
18:21:18 **** Incremental Build of configuration Debug for project stmcube ****
make all 
Building file: ../Src/main.c
Invoking: MCU GCC Compiler
C:\Users\Joel\Desktop\HGCD\Prototype_two\Software\stmcube\Debug
arm-none-eabi-gcc -mcpu=cortex-m4 -mthumb -mfloat-abi=hard -mfpu=fpv4-sp-d16 '-D__weak=__attribute__((weak))' '-D__packed=__attribute__((__packed__))' -DUSE_HAL_DRIVER -DSTM32L476xx -I"C:/Users/Joel/Desktop/HGCD/Prototype_two/Software/stmcube/Inc" -I"C:/Users/Joel/Desktop/HGCD/Prototype_two/Software/stmcube/Drivers/STM32L4xx_HAL_Driver/Inc" -I"C:/Users/Joel/Desktop/HGCD/Prototype_two/Software/stmcube/Drivers/STM32L4xx_HAL_Driver/Inc/Legacy" -I"C:/Users/Joel/Desktop/HGCD/Prototype_two/Software/stmcube/Drivers/CMSIS/Device/ST/STM32L4xx/Include" -I"C:/Users/Joel/Desktop/HGCD/Prototype_two/Software/stmcube/Drivers/CMSIS/Include"  -Og -g3 -Wall -fmessage-length=0 -ffunction-sections -c -fmessage-length=0 -MMD -MP -MF"Src/main.d" -MT"Src/main.o" -o "Src/main.o" "../Src/main.c"
../Src/main.c: In function 'main':
../Src/main.c:277:3: warning: implicit declaration of function 'TestBitmap' [-Wimplicit-function-declaration]
   TestBitmap();
   ^~~~~~~~~~
../Src/main.c: In function 'Display':
../Src/main.c:664:7: warning: pointer targets in passing argument 1 of 'PStr' differ in signedness [-Wpointer-sign]
  PStr(message, &TS);
       ^~~~~~~
In file included from ../Src/main.c:45:0:
C:/Users/Joel/Desktop/HGCD/Prototype_two/Software/stmcube/Inc/GFXC.h:57:8: note: expected 'const char *' but argument is of type 'uint8_t * {aka unsigned char *}'
 int8_t PStr(const char*, TextParamStruct*);
        ^~~~
../Src/main.c: In function 'CallibrateFlex':
../Src/main.c:686:15: warning: implicit declaration of function 'FlexsensorValue' [-Wimplicit-function-declaration]
    int temp = FlexsensorValue();
               ^~~~~~~~~~~~~~~
../Src/main.c: In function 'Startup':
../Src/main.c:749:3: warning: implicit declaration of function 'CallibrateHall' [-Wimplicit-function-declaration]
   CallibrateHall();
   ^~~~~~~~~~~~~~
../Src/main.c: At top level:
../Src/main.c:765:6: warning: conflicting types for 'CallibrateHall'
 void CallibrateHall(){
      ^~~~~~~~~~~~~~
../Src/main.c:749:3: note: previous implicit declaration of 'CallibrateHall' was here
   CallibrateHall();
   ^~~~~~~~~~~~~~
../Src/main.c: In function 'CallibrateHall':
../Src/main.c:766:13: warning: implicit declaration of function 'HallsensorValue' [-Wimplicit-function-declaration]
  int temp = HallsensorValue();
             ^~~~~~~~~~~~~~~
../Src/main.c: In function 'TestFlex':
../Src/main.c:974:2: warning: implicit declaration of function 'itoa' [-Wimplicit-function-declaration]
  itoa(test_flex, test_flex_data, 10);
  ^~~~
../Src/main.c: At top level:
../Src/main.c:1001:6: warning: conflicting types for 'TestBitmap'
 void TestBitmap(){
      ^~~~~~~~~~
../Src/main.c:277:3: note: previous implicit declaration of 'TestBitmap' was here
   TestBitmap();
   ^~~~~~~~~~
../Src/main.c: In function 'TestBitmap':
../Src/main.c:1023:2: warning: implicit declaration of function 'drawRGBBitmap2' [-Wimplicit-function-declaration]
  drawRGBBitmap2(102,-30,m29,20,13);
  ^~~~~~~~~~~~~~
Finished building: ../Src/main.c
 
Building target: stmcube.elf
Invoking: MCU GCC Linker
arm-none-eabi-gcc -mcpu=cortex-m4 -mthumb -mfloat-abi=hard -mfpu=fpv4-sp-d16 -specs=nosys.specs -specs=nano.specs -T"../STM32L476RGTx_FLASH.ld" -Wl,-Map=output.map -Wl,--gc-sections -o "stmcube.elf" @"objects.list"   -lm
Finished building target: stmcube.elf
 
make --no-print-directory post-build
Generating binary and Printing size information:
arm-none-eabi-objcopy -O binary "stmcube.elf" "stmcube.bin"
arm-none-eabi-size "stmcube.elf"
   text	   data	    bss	    dec	    hex	filename
 386912	   2080	   2464	 391456	  5f920	stmcube.elf
 
18:22:38 **** Incremental Build of configuration Debug for project stmcube ****
make all 
make: Nothing to be done for 'all'.
07:58:52 **** Incremental Build of configuration Debug for project stmcube ****
make all 
Building file: ../Src/main.c
Invoking: MCU GCC Compiler
C:\Users\Joel\Desktop\HGCD\Prototype_two\Software\stmcube\Debug
arm-none-eabi-gcc -mcpu=cortex-m4 -mthumb -mfloat-abi=hard -mfpu=fpv4-sp-d16 '-D__weak=__attribute__((weak))' '-D__packed=__attribute__((__packed__))' -DUSE_HAL_DRIVER -DSTM32L476xx -I"C:/Users/Joel/Desktop/HGCD/Prototype_two/Software/stmcube/Inc" -I"C:/Users/Joel/Desktop/HGCD/Prototype_two/Software/stmcube/Drivers/STM32L4xx_HAL_Driver/Inc" -I"C:/Users/Joel/Desktop/HGCD/Prototype_two/Software/stmcube/Drivers/STM32L4xx_HAL_Driver/Inc/Legacy" -I"C:/Users/Joel/Desktop/HGCD/Prototype_two/Software/stmcube/Drivers/CMSIS/Device/ST/STM32L4xx/Include" -I"C:/Users/Joel/Desktop/HGCD/Prototype_two/Software/stmcube/Drivers/CMSIS/Include"  -Og -g3 -Wall -fmessage-length=0 -ffunction-sections -c -fmessage-length=0 -MMD -MP -MF"Src/main.d" -MT"Src/main.o" -o "Src/main.o" "../Src/main.c"
../Src/main.c: In function 'main':
../Src/main.c:277:3: warning: implicit declaration of function 'TestBitmap' [-Wimplicit-function-declaration]
   TestBitmap();
   ^~~~~~~~~~
../Src/main.c: In function 'Display':
../Src/main.c:664:7: warning: pointer targets in passing argument 1 of 'PStr' differ in signedness [-Wpointer-sign]
  PStr(message, &TS);
       ^~~~~~~
In file included from ../Src/main.c:45:0:
C:/Users/Joel/Desktop/HGCD/Prototype_two/Software/stmcube/Inc/GFXC.h:57:8: note: expected 'const char *' but argument is of type 'uint8_t * {aka unsigned char *}'
 int8_t PStr(const char*, TextParamStruct*);
        ^~~~
../Src/main.c: In function 'CallibrateFlex':
../Src/main.c:686:15: warning: implicit declaration of function 'FlexsensorValue' [-Wimplicit-function-declaration]
    int temp = FlexsensorValue();
               ^~~~~~~~~~~~~~~
../Src/main.c: In function 'Startup':
../Src/main.c:749:3: warning: implicit declaration of function 'CallibrateHall' [-Wimplicit-function-declaration]
   CallibrateHall();
   ^~~~~~~~~~~~~~
../Src/main.c: At top level:
../Src/main.c:765:6: warning: conflicting types for 'CallibrateHall'
 void CallibrateHall(){
      ^~~~~~~~~~~~~~
../Src/main.c:749:3: note: previous implicit declaration of 'CallibrateHall' was here
   CallibrateHall();
   ^~~~~~~~~~~~~~
../Src/main.c: In function 'CallibrateHall':
../Src/main.c:766:13: warning: implicit declaration of function 'HallsensorValue' [-Wimplicit-function-declaration]
  int temp = HallsensorValue();
             ^~~~~~~~~~~~~~~
../Src/main.c: In function 'TestFlex':
../Src/main.c:974:2: warning: implicit declaration of function 'itoa' [-Wimplicit-function-declaration]
  itoa(test_flex, test_flex_data, 10);
  ^~~~
../Src/main.c: At top level:
../Src/main.c:1001:6: warning: conflicting types for 'TestBitmap'
 void TestBitmap(){
      ^~~~~~~~~~
../Src/main.c:277:3: note: previous implicit declaration of 'TestBitmap' was here
   TestBitmap();
   ^~~~~~~~~~
../Src/main.c: In function 'TestBitmap':
../Src/main.c:1023:2: warning: implicit declaration of function 'drawRGBBitmap2' [-Wimplicit-function-declaration]
  drawRGBBitmap2(100,-30,m29,28,14);
  ^~~~~~~~~~~~~~
Finished building: ../Src/main.c
 
Building target: stmcube.elf
Invoking: MCU GCC Linker
arm-none-eabi-gcc -mcpu=cortex-m4 -mthumb -mfloat-abi=hard -mfpu=fpv4-sp-d16 -specs=nosys.specs -specs=nano.specs -T"../STM32L476RGTx_FLASH.ld" -Wl,-Map=output.map -Wl,--gc-sections -o "stmcube.elf" @"objects.list"   -lm
Finished building target: stmcube.elf
 
make --no-print-directory post-build
Generating binary and Printing size information:
arm-none-eabi-objcopy -O binary "stmcube.elf" "stmcube.bin"
arm-none-eabi-size "stmcube.elf"
   text	   data	    bss	    dec	    hex	filename
 387016	   2080	   2464	 391560	  5f988	stmcube.elf
 
08:00:10 **** Incremental Build of configuration Debug for project stmcube ****
make all 
Building file: ../Src/main.c
Invoking: MCU GCC Compiler
C:\Users\Joel\Desktop\HGCD\Prototype_two\Software\stmcube\Debug
arm-none-eabi-gcc -mcpu=cortex-m4 -mthumb -mfloat-abi=hard -mfpu=fpv4-sp-d16 '-D__weak=__attribute__((weak))' '-D__packed=__attribute__((__packed__))' -DUSE_HAL_DRIVER -DSTM32L476xx -I"C:/Users/Joel/Desktop/HGCD/Prototype_two/Software/stmcube/Inc" -I"C:/Users/Joel/Desktop/HGCD/Prototype_two/Software/stmcube/Drivers/STM32L4xx_HAL_Driver/Inc" -I"C:/Users/Joel/Desktop/HGCD/Prototype_two/Software/stmcube/Drivers/STM32L4xx_HAL_Driver/Inc/Legacy" -I"C:/Users/Joel/Desktop/HGCD/Prototype_two/Software/stmcube/Drivers/CMSIS/Device/ST/STM32L4xx/Include" -I"C:/Users/Joel/Desktop/HGCD/Prototype_two/Software/stmcube/Drivers/CMSIS/Include"  -Og -g3 -Wall -fmessage-length=0 -ffunction-sections -c -fmessage-length=0 -MMD -MP -MF"Src/main.d" -MT"Src/main.o" -o "Src/main.o" "../Src/main.c"
../Src/main.c: In function 'main':
../Src/main.c:277:3: warning: implicit declaration of function 'TestBitmap' [-Wimplicit-function-declaration]
   TestBitmap();
   ^~~~~~~~~~
../Src/main.c: In function 'Display':
../Src/main.c:664:7: warning: pointer targets in passing argument 1 of 'PStr' differ in signedness [-Wpointer-sign]
  PStr(message, &TS);
       ^~~~~~~
In file included from ../Src/main.c:45:0:
C:/Users/Joel/Desktop/HGCD/Prototype_two/Software/stmcube/Inc/GFXC.h:57:8: note: expected 'const char *' but argument is of type 'uint8_t * {aka unsigned char *}'
 int8_t PStr(const char*, TextParamStruct*);
        ^~~~
../Src/main.c: In function 'CallibrateFlex':
../Src/main.c:686:15: warning: implicit declaration of function 'FlexsensorValue' [-Wimplicit-function-declaration]
    int temp = FlexsensorValue();
               ^~~~~~~~~~~~~~~
../Src/main.c: In function 'Startup':
../Src/main.c:749:3: warning: implicit declaration of function 'CallibrateHall' [-Wimplicit-function-declaration]
   CallibrateHall();
   ^~~~~~~~~~~~~~
../Src/main.c: At top level:
../Src/main.c:765:6: warning: conflicting types for 'CallibrateHall'
 void CallibrateHall(){
      ^~~~~~~~~~~~~~
../Src/main.c:749:3: note: previous implicit declaration of 'CallibrateHall' was here
   CallibrateHall();
   ^~~~~~~~~~~~~~
../Src/main.c: In function 'CallibrateHall':
../Src/main.c:766:13: warning: implicit declaration of function 'HallsensorValue' [-Wimplicit-function-declaration]
  int temp = HallsensorValue();
             ^~~~~~~~~~~~~~~
../Src/main.c: In function 'TestFlex':
../Src/main.c:974:2: warning: implicit declaration of function 'itoa' [-Wimplicit-function-declaration]
  itoa(test_flex, test_flex_data, 10);
  ^~~~
../Src/main.c: At top level:
../Src/main.c:1001:6: warning: conflicting types for 'TestBitmap'
 void TestBitmap(){
      ^~~~~~~~~~
../Src/main.c:277:3: note: previous implicit declaration of 'TestBitmap' was here
   TestBitmap();
   ^~~~~~~~~~
../Src/main.c: In function 'TestBitmap':
../Src/main.c:1023:2: warning: implicit declaration of function 'drawRGBBitmap2' [-Wimplicit-function-declaration]
  drawRGBBitmap2(0,-32,m22,128,160);
  ^~~~~~~~~~~~~~
Finished building: ../Src/main.c
 
Building target: stmcube.elf
Invoking: MCU GCC Linker
arm-none-eabi-gcc -mcpu=cortex-m4 -mthumb -mfloat-abi=hard -mfpu=fpv4-sp-d16 -specs=nosys.specs -specs=nano.specs -T"../STM32L476RGTx_FLASH.ld" -Wl,-Map=output.map -Wl,--gc-sections -o "stmcube.elf" @"objects.list"   -lm
Finished building target: stmcube.elf
 
make --no-print-directory post-build
Generating binary and Printing size information:
arm-none-eabi-objcopy -O binary "stmcube.elf" "stmcube.bin"
arm-none-eabi-size "stmcube.elf"
   text	   data	    bss	    dec	    hex	filename
 387048	   2080	   2464	 391592	  5f9a8	stmcube.elf
 
