11:09:07 **** Incremental Build of configuration Debug for project stmcube ****
make all 
Building file: ../Src/main.c
Invoking: MCU GCC Compiler
C:\Users\Joel\Desktop\HGCD\Prototype_two\Software\stmcube\Debug
arm-none-eabi-gcc -mcpu=cortex-m4 -mthumb -mfloat-abi=hard -mfpu=fpv4-sp-d16 '-D__weak=__attribute__((weak))' '-D__packed=__attribute__((__packed__))' -DUSE_HAL_DRIVER -DSTM32L476xx -I"C:/Users/Joel/Desktop/HGCD/Prototype_two/Software/stmcube/Inc" -I"C:/Users/Joel/Desktop/HGCD/Prototype_two/Software/stmcube/Drivers/STM32L4xx_HAL_Driver/Inc" -I"C:/Users/Joel/Desktop/HGCD/Prototype_two/Software/stmcube/Drivers/STM32L4xx_HAL_Driver/Inc/Legacy" -I"C:/Users/Joel/Desktop/HGCD/Prototype_two/Software/stmcube/Drivers/CMSIS/Device/ST/STM32L4xx/Include" -I"C:/Users/Joel/Desktop/HGCD/Prototype_two/Software/stmcube/Drivers/CMSIS/Include"  -Og -g3 -Wall -fmessage-length=0 -ffunction-sections -c -fmessage-length=0 -MMD -MP -MF"Src/main.d" -MT"Src/main.o" -o "Src/main.o" "../Src/main.c"
../Src/main.c: In function 'main':
../Src/main.c:280:3: warning: implicit declaration of function 'Startup' [-Wimplicit-function-declaration]
   Startup();
   ^~~~~~~
../Src/main.c:300:2: warning: implicit declaration of function 'ChargeStatus' [-Wimplicit-function-declaration]
  ChargeStatus();
  ^~~~~~~~~~~~
../Src/main.c:302:3: warning: implicit declaration of function 'UpdateTap' [-Wimplicit-function-declaration]
   UpdateTap();
   ^~~~~~~~~
../Src/main.c:303:3: warning: implicit declaration of function 'ChangeState' [-Wimplicit-function-declaration]
   ChangeState();
   ^~~~~~~~~~~
../Src/main.c:304:3: warning: implicit declaration of function 'GasMode' [-Wimplicit-function-declaration]
   GasMode();
   ^~~~~~~
../Src/main.c: In function 'DisplayText':
../Src/main.c:661:7: warning: pointer targets in passing argument 1 of 'PStr' differ in signedness [-Wpointer-sign]
  PStr(message, &TS);
       ^~~~~~~
In file included from ../Src/main.c:45:0:
C:/Users/Joel/Desktop/HGCD/Prototype_two/Software/stmcube/Inc/GFXC.h:57:8: note: expected 'const char *' but argument is of type 'uint8_t * {aka unsigned char *}'
 int8_t PStr(const char*, TextParamStruct*);
        ^~~~
../Src/main.c: In function 'Display':
../Src/main.c:734:5: warning: implicit declaration of function 'drawRGBBitmapLeaveOutArea' [-Wimplicit-function-declaration]
     drawRGBBitmapLeaveOutArea(0,-32,m21,128,160,100,128,-30,-17);
     ^~~~~~~~~~~~~~~~~~~~~~~~~
../Src/main.c:758:5: warning: implicit declaration of function 'drawRGBBitmap2' [-Wimplicit-function-declaration]
     drawRGBBitmap2(100,-30,m29,28,14);
     ^~~~~~~~~~~~~~
../Src/main.c: In function 'CallibrateFlex':
../Src/main.c:778:15: warning: implicit declaration of function 'FlexsensorValue' [-Wimplicit-function-declaration]
    int temp = FlexsensorValue();
               ^~~~~~~~~~~~~~~
../Src/main.c: At top level:
../Src/main.c:812:6: warning: conflicting types for 'Startup'
 void Startup(){
      ^~~~~~~
../Src/main.c:280:3: note: previous implicit declaration of 'Startup' was here
   Startup();
   ^~~~~~~
../Src/main.c: In function 'Startup':
../Src/main.c:822:3: warning: implicit declaration of function 'CallibrateHall' [-Wimplicit-function-declaration]
   CallibrateHall();
   ^~~~~~~~~~~~~~
../Src/main.c: At top level:
../Src/main.c:834:6: warning: conflicting types for 'CallibrateHall'
 void CallibrateHall(){
      ^~~~~~~~~~~~~~
../Src/main.c:822:3: note: previous implicit declaration of 'CallibrateHall' was here
   CallibrateHall();
   ^~~~~~~~~~~~~~
../Src/main.c: In function 'CallibrateHall':
../Src/main.c:835:13: warning: implicit declaration of function 'HallsensorValue' [-Wimplicit-function-declaration]
  int temp = HallsensorValue();
             ^~~~~~~~~~~~~~~
../Src/main.c: At top level:
../Src/main.c:856:6: warning: conflicting types for 'GasMode'
 void GasMode(){
      ^~~~~~~
../Src/main.c:304:3: note: previous implicit declaration of 'GasMode' was here
   GasMode();
   ^~~~~~~
../Src/main.c:878:6: warning: conflicting types for 'ChangeState'
 void ChangeState(){
      ^~~~~~~~~~~
../Src/main.c:303:3: note: previous implicit declaration of 'ChangeState' was here
   ChangeState();
   ^~~~~~~~~~~
../Src/main.c:910:6: warning: conflicting types for 'UpdateTap'
 void UpdateTap(){
      ^~~~~~~~~
../Src/main.c:302:3: note: previous implicit declaration of 'UpdateTap' was here
   UpdateTap();
   ^~~~~~~~~
../Src/main.c:964:6: warning: conflicting types for 'ChargeStatus'
 void ChargeStatus(){
      ^~~~~~~~~~~~
../Src/main.c:300:2: note: previous implicit declaration of 'ChargeStatus' was here
  ChargeStatus();
  ^~~~~~~~~~~~
../Src/main.c: In function 'TestFlex':
../Src/main.c:1009:2: warning: implicit declaration of function 'itoa' [-Wimplicit-function-declaration]
  itoa(test_flex, test_flex_data, 10);
  ^~~~
../Src/main.c: In function 'TestDisplay':
../Src/main.c:1034:10: warning: passing argument 1 of 'Display' makes integer from pointer without a cast [-Wint-conversion]
  Display(m11);
          ^~~
../Src/main.c:664:6: note: expected 'uint8_t {aka unsigned char}' but argument is of type 'uint8_t * {aka unsigned char *}'
 void Display(uint8_t disp_numb){
      ^~~~~~~
Finished building: ../Src/main.c
 
Building target: stmcube.elf
Invoking: MCU GCC Linker
arm-none-eabi-gcc -mcpu=cortex-m4 -mthumb -mfloat-abi=hard -mfpu=fpv4-sp-d16 -specs=nosys.specs -specs=nano.specs -T"../STM32L476RGTx_FLASH.ld" -Wl,-Map=output.map -Wl,--gc-sections -o "stmcube.elf" @"objects.list"   -lm
Finished building target: stmcube.elf
 
make --no-print-directory post-build
Generating binary and Printing size information:
arm-none-eabi-objcopy -O binary "stmcube.elf" "stmcube.bin"
arm-none-eabi-size "stmcube.elf"
   text	   data	    bss	    dec	    hex	filename
 350960	   1880	   2544	 355384	  56c38	stmcube.elf
 

11:09:10 Build Finished (took 3s.451ms)

