15:19:42 **** Incremental Build of configuration Debug for project uart_DMA ****
make all 
Building file: C:/Users/phiwersports/Desktop/Projects/Generated code/uart_DMA/Src/main.c
Invoking: MCU GCC Compiler
C:\Users\phiwersports\Desktop\Projects\Generated code\uart_DMA\SW4STM32\uart_DMA\Debug
arm-none-eabi-gcc -mcpu=cortex-m4 -mthumb -mfloat-abi=hard -mfpu=fpv4-sp-d16 '-D__weak=__attribute__((weak))' '-D__packed=__attribute__((__packed__))' -DUSE_HAL_DRIVER -DSTM32L476xx -I"C:/Users/phiwersports/Desktop/Projects/Generated code/uart_DMA/Inc" -I"C:/Users/phiwersports/Desktop/Projects/Generated code/uart_DMA/Drivers/STM32L4xx_HAL_Driver/Inc" -I"C:/Users/phiwersports/Desktop/Projects/Generated code/uart_DMA/Drivers/STM32L4xx_HAL_Driver/Inc/Legacy" -I"C:/Users/phiwersports/Desktop/Projects/Generated code/uart_DMA/Drivers/CMSIS/Device/ST/STM32L4xx/Include" -I"C:/Users/phiwersports/Desktop/Projects/Generated code/uart_DMA/Drivers/CMSIS/Include"  -Og -g3 -Wall -fmessage-length=0 -ffunction-sections -c -fmessage-length=0 -MMD -MP -MF"Application/User/main.d" -MT"Application/User/main.o" -o "Application/User/main.o" "C:/Users/phiwersports/Desktop/Projects/Generated code/uart_DMA/Src/main.c"
C:/Users/phiwersports/Desktop/Projects/Generated code/uart_DMA/Src/main.c: In function 'main':
C:/Users/phiwersports/Desktop/Projects/Generated code/uart_DMA/Src/main.c:112:32: warning: passing argument 2 of 'HAL_UART_Receive_DMA' from incompatible pointer type [-Wincompatible-pointer-types]
   HAL_UART_Receive_DMA(&huart2,&rxBuff,1);
                                ^
In file included from C:/Users/phiwersports/Desktop/Projects/Generated code/uart_DMA/Inc/stm32l4xx_hal_conf.h:376:0,
                 from C:/Users/phiwersports/Desktop/Projects/Generated code/uart_DMA/Drivers/STM32L4xx_HAL_Driver/Inc/stm32l4xx_hal.h:46,
                 from C:/Users/phiwersports/Desktop/Projects/Generated code/uart_DMA/Src/main.c:40:
C:/Users/phiwersports/Desktop/Projects/Generated code/uart_DMA/Drivers/STM32L4xx_HAL_Driver/Inc/stm32l4xx_hal_uart.h:1552:19: note: expected 'uint8_t * {aka unsigned char *}' but argument is of type 'uint32_t * {aka long unsigned int *}'
 HAL_StatusTypeDef HAL_UART_Receive_DMA(UART_HandleTypeDef *huart, uint8_t *pData, uint16_t Size);
                   ^~~~~~~~~~~~~~~~~~~~
Finished building: C:/Users/phiwersports/Desktop/Projects/Generated code/uart_DMA/Src/main.c
 
Building target: uart_DMA.elf
Invoking: MCU GCC Linker
arm-none-eabi-gcc -mcpu=cortex-m4 -mthumb -mfloat-abi=hard -mfpu=fpv4-sp-d16 -specs=nosys.specs -specs=nano.specs -T"../STM32L476RGTx_FLASH.ld" -Wl,-Map=output.map -Wl,--gc-sections -o "uart_DMA.elf" @"objects.list"   -lm
Finished building target: uart_DMA.elf
 
make --no-print-directory post-build
Generating binary and Printing size information:
arm-none-eabi-objcopy -O binary "uart_DMA.elf" "uart_DMA.bin"
arm-none-eabi-size "uart_DMA.elf"
   text	   data	    bss	    dec	    hex	filename
  10872	     24	   1872	  12768	   31e0	uart_DMA.elf
 
