16:57:58 **** Incremental Build of configuration Debug for project CAN3 ****
make -j4 all 
Building file: ../Src/main.c
Invoking: MCU GCC Compiler
C:\Users\Simon Lindell\Desktop\Development\NEW\STM_CUBE_GENERATIONS\CAN3\CAN3\Debug
arm-none-eabi-gcc -mcpu=cortex-m4 -mthumb -mfloat-abi=hard -mfpu=fpv4-sp-d16 '-D__weak=__attribute__((weak))' '-D__packed=__attribute__((__packed__))' -DUSE_HAL_DRIVER -DSTM32L476xx -I"C:/Users/Simon Lindell/Desktop/Development/NEW/STM_CUBE_GENERATIONS/CAN3/CAN3/Inc" -I"C:/Users/Simon Lindell/Desktop/Development/NEW/STM_CUBE_GENERATIONS/CAN3/CAN3/Drivers/STM32L4xx_HAL_Driver/Inc" -I"C:/Users/Simon Lindell/Desktop/Development/NEW/STM_CUBE_GENERATIONS/CAN3/CAN3/Drivers/STM32L4xx_HAL_Driver/Inc/Legacy" -I"C:/Users/Simon Lindell/Desktop/Development/NEW/STM_CUBE_GENERATIONS/CAN3/CAN3/Drivers/CMSIS/Device/ST/STM32L4xx/Include" -I"C:/Users/Simon Lindell/Desktop/Development/NEW/STM_CUBE_GENERATIONS/CAN3/CAN3/Drivers/CMSIS/Include"  -Og -g3 -Wall -fmessage-length=0 -ffunction-sections -c -fmessage-length=0 -MMD -MP -MF"Src/main.d" -MT"Src/main.o" -o "Src/main.o" "../Src/main.c"
Finished building: ../Src/main.c
 
Building target: CAN3.elf
Invoking: MCU GCC Linker
arm-none-eabi-gcc -mcpu=cortex-m4 -mthumb -mfloat-abi=hard -mfpu=fpv4-sp-d16 -specs=nosys.specs -specs=nano.specs -T"../STM32L476RGTx_FLASH.ld" -Wl,-Map=output.map -Wl,--gc-sections -o "CAN3.elf" @"objects.list"   -lm
Finished building target: CAN3.elf
 
make --no-print-directory post-build
Generating binary and Printing size information:
arm-none-eabi-objcopy -O binary "CAN3.elf" "CAN3.bin"
arm-none-eabi-size "CAN3.elf"
   text	   data	    bss	    dec	    hex	filename
   6320	     24	   1680	   8024	   1f58	CAN3.elf
 
16:58:25 **** Incremental Build of configuration Debug for project CAN3 ****
make -j4 all 
make: Nothing to be done for 'all'.
