16:28:23 **** Incremental Build of configuration Debug for project CANTRY2 ****
make all 
Building file: ../Src/main.c
Invoking: MCU GCC Compiler
C:\Users\Simon Lindell\Desktop\Development\NEW\STM_CUBE_GENERATIONS\CAN2\CANTRY2\Debug
arm-none-eabi-gcc -mcpu=cortex-m4 -mthumb -mfloat-abi=hard -mfpu=fpv4-sp-d16 '-D__weak=__attribute__((weak))' '-D__packed=__attribute__((__packed__))' -DUSE_HAL_DRIVER -DSTM32L476xx -I"C:/Users/Simon Lindell/Desktop/Development/NEW/STM_CUBE_GENERATIONS/CAN2/CANTRY2/Inc" -I"C:/Users/Simon Lindell/Desktop/Development/NEW/STM_CUBE_GENERATIONS/CAN2/CANTRY2/Drivers/STM32L4xx_HAL_Driver/Inc" -I"C:/Users/Simon Lindell/Desktop/Development/NEW/STM_CUBE_GENERATIONS/CAN2/CANTRY2/Drivers/STM32L4xx_HAL_Driver/Inc/Legacy" -I"C:/Users/Simon Lindell/Desktop/Development/NEW/STM_CUBE_GENERATIONS/CAN2/CANTRY2/Drivers/CMSIS/Device/ST/STM32L4xx/Include" -I"C:/Users/Simon Lindell/Desktop/Development/NEW/STM_CUBE_GENERATIONS/CAN2/CANTRY2/Drivers/CMSIS/Include"  -Og -g3 -Wall -fmessage-length=0 -ffunction-sections -c -fmessage-length=0 -MMD -MP -MF"Src/main.d" -MT"Src/main.o" -o "Src/main.o" "../Src/main.c"
../Src/main.c: In function 'CAN1_Rx':
../Src/main.c:71:8: warning: suggest parentheses around operand of '!' or change '&' to '&&' or '!' to '~' [-Wparentheses]
  while(!CAN1->RF0R&3);      //this is in the CAN receive FIFO 0 register (CAN_RF0R) (FMP0[1:0]) FIFO 0 message pending
        ^~~~~~~~~~~
../Src/main.c: In function 'main':
../Src/main.c:93:13: warning: variable 'RxData' set but not used [-Wunused-but-set-variable]
  uint8_t i, RxData;
             ^~~~~~
../Src/main.c:148:5: warning: 'i' may be used uninitialized in this function [-Wmaybe-uninitialized]
    i++;
    ~^~
Finished building: ../Src/main.c
 
Building target: CANTRY2.elf
Invoking: MCU GCC Linker
arm-none-eabi-gcc -mcpu=cortex-m4 -mthumb -mfloat-abi=hard -mfpu=fpv4-sp-d16 -specs=nosys.specs -specs=nano.specs -T"../STM32L476RGTx_FLASH.ld" -Wl,-Map=output.map -Wl,--gc-sections -o "CANTRY2.elf" @"objects.list"   -lm
Finished building target: CANTRY2.elf
 
make --no-print-directory post-build
Generating binary and Printing size information:
arm-none-eabi-objcopy -O binary "CANTRY2.elf" "CANTRY2.bin"
arm-none-eabi-size "CANTRY2.elf"
   text	   data	    bss	    dec	    hex	filename
   5280	     24	   1608	   6912	   1b00	CANTRY2.elf
 

16:28:27 Build Finished (took 3s.839ms)

