14:59:43 **** Incremental Build of configuration Debug for project uart ****
make all 
Building file: C:/Users/phiwersports/Desktop/Projects/Generated code/uart/uart/Src/main.c
Invoking: MCU GCC Compiler
C:\Users\phiwersports\Desktop\Projects\Generated code\uart\uart\SW4STM32\uart\Debug
arm-none-eabi-gcc -mcpu=cortex-m4 -mthumb -mfloat-abi=hard -mfpu=fpv4-sp-d16 '-D__weak=__attribute__((weak))' '-D__packed=__attribute__((__packed__))' -DUSE_HAL_DRIVER -DSTM32L476xx -I"C:/Users/phiwersports/Desktop/Projects/Generated code/uart/uart/Inc" -I"C:/Users/phiwersports/Desktop/Projects/Generated code/uart/uart/Drivers/STM32L4xx_HAL_Driver/Inc" -I"C:/Users/phiwersports/Desktop/Projects/Generated code/uart/uart/Drivers/STM32L4xx_HAL_Driver/Inc/Legacy" -I"C:/Users/phiwersports/Desktop/Projects/Generated code/uart/uart/Drivers/CMSIS/Device/ST/STM32L4xx/Include" -I"C:/Users/phiwersports/Desktop/Projects/Generated code/uart/uart/Drivers/CMSIS/Include" -I"C:/Users/phiwersports/Desktop/Projects/Generated code/uart/uart/Inc"  -Og -g3 -Wall -fmessage-length=0 -ffunction-sections -c -fmessage-length=0 -MMD -MP -MF"Application/User/main.d" -MT"Application/User/main.o" -o "Application/User/main.o" "C:/Users/phiwersports/Desktop/Projects/Generated code/uart/uart/Src/main.c"
C:/Users/phiwersports/Desktop/Projects/Generated code/uart/uart/Src/main.c: In function 'main':
C:/Users/phiwersports/Desktop/Projects/Generated code/uart/uart/Src/main.c:141:32: warning: cast from pointer to integer of different size [-Wpointer-to-int-cast]
   HAL_UART_Receive_DMA(&huart2,(uint8_t) rxData,10);
                                ^
C:/Users/phiwersports/Desktop/Projects/Generated code/uart/uart/Src/main.c:141:32: warning: passing argument 2 of 'HAL_UART_Receive_DMA' makes pointer from integer without a cast [-Wint-conversion]
In file included from C:/Users/phiwersports/Desktop/Projects/Generated code/uart/uart/Inc/stm32l4xx_hal_conf.h:376:0,
                 from C:/Users/phiwersports/Desktop/Projects/Generated code/uart/uart/Drivers/STM32L4xx_HAL_Driver/Inc/stm32l4xx_hal.h:46,
                 from C:/Users/phiwersports/Desktop/Projects/Generated code/uart/uart/Src/main.c:40:
C:/Users/phiwersports/Desktop/Projects/Generated code/uart/uart/Drivers/STM32L4xx_HAL_Driver/Inc/stm32l4xx_hal_uart.h:1552:19: note: expected 'uint8_t * {aka unsigned char *}' but argument is of type 'unsigned char'
 HAL_StatusTypeDef HAL_UART_Receive_DMA(UART_HandleTypeDef *huart, uint8_t *pData, uint16_t Size);
                   ^~~~~~~~~~~~~~~~~~~~
C:/Users/phiwersports/Desktop/Projects/Generated code/uart/uart/Src/main.c:137:7: warning: unused variable 'txData' [-Wunused-variable]
  char txData[30] = "Hello world\n";
       ^~~~~~
C:/Users/phiwersports/Desktop/Projects/Generated code/uart/uart/Src/main.c: In function 'HAL_UART_RxCpltCallback':
C:/Users/phiwersports/Desktop/Projects/Generated code/uart/uart/Src/main.c:349:48: warning: implicit declaration of function 'strlen' [-Wimplicit-function-declaration]
    HAL_UART_Transmit(&huart2,(uint8_t *)rxData,strlen(rxData),10);
                                                ^~~~~~
C:/Users/phiwersports/Desktop/Projects/Generated code/uart/uart/Src/main.c:349:48: warning: incompatible implicit declaration of built-in function 'strlen'
C:/Users/phiwersports/Desktop/Projects/Generated code/uart/uart/Src/main.c:349:48: note: include '<string.h>' or provide a declaration of 'strlen'
C:/Users/phiwersports/Desktop/Projects/Generated code/uart/uart/Src/main.c: In function '_Error_Handler':
C:/Users/phiwersports/Desktop/Projects/Generated code/uart/uart/Src/main.c:370:38: warning: incompatible implicit declaration of built-in function 'strlen'
    HAL_UART_Transmit(&huart2,"error",strlen("error"),10);
                                      ^~~~~~
C:/Users/phiwersports/Desktop/Projects/Generated code/uart/uart/Src/main.c:370:38: note: include '<string.h>' or provide a declaration of 'strlen'
C:/Users/phiwersports/Desktop/Projects/Generated code/uart/uart/Src/main.c:370:30: warning: pointer targets in passing argument 2 of 'HAL_UART_Transmit' differ in signedness [-Wpointer-sign]
    HAL_UART_Transmit(&huart2,"error",strlen("error"),10);
                              ^~~~~~~
In file included from C:/Users/phiwersports/Desktop/Projects/Generated code/uart/uart/Inc/stm32l4xx_hal_conf.h:376:0,
                 from C:/Users/phiwersports/Desktop/Projects/Generated code/uart/uart/Drivers/STM32L4xx_HAL_Driver/Inc/stm32l4xx_hal.h:46,
                 from C:/Users/phiwersports/Desktop/Projects/Generated code/uart/uart/Src/main.c:40:
C:/Users/phiwersports/Desktop/Projects/Generated code/uart/uart/Drivers/STM32L4xx_HAL_Driver/Inc/stm32l4xx_hal_uart.h:1547:19: note: expected 'uint8_t * {aka unsigned char *}' but argument is of type 'char *'
 HAL_StatusTypeDef HAL_UART_Transmit(UART_HandleTypeDef *huart, uint8_t *pData, uint16_t Size, uint32_t Timeout);
                   ^~~~~~~~~~~~~~~~~
Finished building: C:/Users/phiwersports/Desktop/Projects/Generated code/uart/uart/Src/main.c
 
Building target: uart.elf
Invoking: MCU GCC Linker
arm-none-eabi-gcc -mcpu=cortex-m4 -mthumb -mfloat-abi=hard -mfpu=fpv4-sp-d16 -specs=nosys.specs -specs=nano.specs -T"../STM32L476RGTx_FLASH.ld" -Wl,-Map=output.map -Wl,--gc-sections -o "uart.elf" @"objects.list"   -lm
Finished building target: uart.elf
 
make --no-print-directory post-build
Generating binary and Printing size information:
arm-none-eabi-objcopy -O binary "uart.elf" "uart.bin"
arm-none-eabi-size "uart.elf"
   text	   data	    bss	    dec	    hex	filename
  11128	     24	   1792	  12944	   3290	uart.elf
 
14:59:47 **** Incremental Build of configuration Debug for project uart ****
make all 
make: Nothing to be done for 'all'.
