Archive member included to satisfy reference by file (symbol)

c:/ac6/systemworkbench/plugins/fr.ac6.mcu.externaltools.arm-none.win32_1.15.0.201708311556/tools/compiler/bin/../lib/gcc/arm-none-eabi/6.3.1/thumb/v7e-m/fpv4-sp/hard\libgcc.a(_aeabi_uldivmod.o)
                              Drivers/STM32L4xx_HAL_Driver/stm32l4xx_hal_uart.o (__aeabi_uldivmod)
c:/ac6/systemworkbench/plugins/fr.ac6.mcu.externaltools.arm-none.win32_1.15.0.201708311556/tools/compiler/bin/../lib/gcc/arm-none-eabi/6.3.1/thumb/v7e-m/fpv4-sp/hard\libgcc.a(_udivmoddi4.o)
                              c:/ac6/systemworkbench/plugins/fr.ac6.mcu.externaltools.arm-none.win32_1.15.0.201708311556/tools/compiler/bin/../lib/gcc/arm-none-eabi/6.3.1/thumb/v7e-m/fpv4-sp/hard\libgcc.a(_aeabi_uldivmod.o) (__udivmoddi4)
c:/ac6/systemworkbench/plugins/fr.ac6.mcu.externaltools.arm-none.win32_1.15.0.201708311556/tools/compiler/bin/../lib/gcc/arm-none-eabi/6.3.1/thumb/v7e-m/fpv4-sp/hard\libgcc.a(_dvmd_tls.o)
                              c:/ac6/systemworkbench/plugins/fr.ac6.mcu.externaltools.arm-none.win32_1.15.0.201708311556/tools/compiler/bin/../lib/gcc/arm-none-eabi/6.3.1/thumb/v7e-m/fpv4-sp/hard\libgcc.a(_aeabi_uldivmod.o) (__aeabi_ldiv0)
c:/ac6/systemworkbench/plugins/fr.ac6.mcu.externaltools.arm-none.win32_1.15.0.201708311556/tools/compiler/bin/../lib/gcc/arm-none-eabi/6.3.1/../../../../arm-none-eabi/lib/thumb/v7e-m/fpv4-sp/hard\libc_nano.a(lib_a-exit.o)
                              c:/ac6/systemworkbench/plugins/fr.ac6.mcu.externaltools.arm-none.win32_1.15.0.201708311556/tools/compiler/bin/../lib/gcc/arm-none-eabi/6.3.1/../../../../arm-none-eabi/lib/thumb/v7e-m/fpv4-sp/hard/crt0.o (exit)
c:/ac6/systemworkbench/plugins/fr.ac6.mcu.externaltools.arm-none.win32_1.15.0.201708311556/tools/compiler/bin/../lib/gcc/arm-none-eabi/6.3.1/../../../../arm-none-eabi/lib/thumb/v7e-m/fpv4-sp/hard\libc_nano.a(lib_a-impure.o)
                              c:/ac6/systemworkbench/plugins/fr.ac6.mcu.externaltools.arm-none.win32_1.15.0.201708311556/tools/compiler/bin/../lib/gcc/arm-none-eabi/6.3.1/../../../../arm-none-eabi/lib/thumb/v7e-m/fpv4-sp/hard\libc_nano.a(lib_a-exit.o) (_global_impure_ptr)
c:/ac6/systemworkbench/plugins/fr.ac6.mcu.externaltools.arm-none.win32_1.15.0.201708311556/tools/compiler/bin/../lib/gcc/arm-none-eabi/6.3.1/../../../../arm-none-eabi/lib/thumb/v7e-m/fpv4-sp/hard\libc_nano.a(lib_a-init.o)
                              c:/ac6/systemworkbench/plugins/fr.ac6.mcu.externaltools.arm-none.win32_1.15.0.201708311556/tools/compiler/bin/../lib/gcc/arm-none-eabi/6.3.1/../../../../arm-none-eabi/lib/thumb/v7e-m/fpv4-sp/hard/crt0.o (__libc_init_array)
c:/ac6/systemworkbench/plugins/fr.ac6.mcu.externaltools.arm-none.win32_1.15.0.201708311556/tools/compiler/bin/../lib/gcc/arm-none-eabi/6.3.1/../../../../arm-none-eabi/lib/thumb/v7e-m/fpv4-sp/hard\libc_nano.a(lib_a-memset.o)
                              c:/ac6/systemworkbench/plugins/fr.ac6.mcu.externaltools.arm-none.win32_1.15.0.201708311556/tools/compiler/bin/../lib/gcc/arm-none-eabi/6.3.1/../../../../arm-none-eabi/lib/thumb/v7e-m/fpv4-sp/hard/crt0.o (memset)
c:/ac6/systemworkbench/plugins/fr.ac6.mcu.externaltools.arm-none.win32_1.15.0.201708311556/tools/compiler/bin/../lib/gcc/arm-none-eabi/6.3.1/../../../../arm-none-eabi/lib/thumb/v7e-m/fpv4-sp/hard\libnosys.a(_exit.o)
                              c:/ac6/systemworkbench/plugins/fr.ac6.mcu.externaltools.arm-none.win32_1.15.0.201708311556/tools/compiler/bin/../lib/gcc/arm-none-eabi/6.3.1/../../../../arm-none-eabi/lib/thumb/v7e-m/fpv4-sp/hard\libc_nano.a(lib_a-exit.o) (_exit)

Allocating common symbols
Common symbol       size              file

rxData              0x1e              Application/User/main.o
uwTick              0x4               Drivers/STM32L4xx_HAL_Driver/stm32l4xx_hal.o
pFlash              0x20              Drivers/STM32L4xx_HAL_Driver/stm32l4xx_hal_flash.o
huart2              0x78              Application/User/main.o

Discarded input sections

 .text          0x00000000        0x0 c:/ac6/systemworkbench/plugins/fr.ac6.mcu.externaltools.arm-none.win32_1.15.0.201708311556/tools/compiler/bin/../lib/gcc/arm-none-eabi/6.3.1/thumb/v7e-m/fpv4-sp/hard/crti.o
 .data          0x00000000        0x0 c:/ac6/systemworkbench/plugins/fr.ac6.mcu.externaltools.arm-none.win32_1.15.0.201708311556/tools/compiler/bin/../lib/gcc/arm-none-eabi/6.3.1/thumb/v7e-m/fpv4-sp/hard/crti.o
 .bss           0x00000000        0x0 c:/ac6/systemworkbench/plugins/fr.ac6.mcu.externaltools.arm-none.win32_1.15.0.201708311556/tools/compiler/bin/../lib/gcc/arm-none-eabi/6.3.1/thumb/v7e-m/fpv4-sp/hard/crti.o
 .data          0x00000000        0x4 c:/ac6/systemworkbench/plugins/fr.ac6.mcu.externaltools.arm-none.win32_1.15.0.201708311556/tools/compiler/bin/../lib/gcc/arm-none-eabi/6.3.1/thumb/v7e-m/fpv4-sp/hard/crtbegin.o
[...]
Memory Configuration

Name             Origin             Length             Attributes
RAM              0x20000000         0x00018000         xrw
RAM2             0x10000000         0x00008000         xrw
FLASH            0x08000000         0x00100000         xr
*default*        0x00000000         0xffffffff

Linker script and memory map

LOAD c:/ac6/systemworkbench/plugins/fr.ac6.mcu.externaltools.arm-none.win32_1.15.0.201708311556/tools/compiler/bin/../lib/gcc/arm-none-eabi/6.3.1/thumb/v7e-m/fpv4-sp/hard/crti.o
LOAD c:/ac6/systemworkbench/plugins/fr.ac6.mcu.externaltools.arm-none.win32_1.15.0.201708311556/tools/compiler/bin/../lib/gcc/arm-none-eabi/6.3.1/thumb/v7e-m/fpv4-sp/hard/crtbegin.o
LOAD c:/ac6/systemworkbench/plugins/fr.ac6.mcu.externaltools.arm-none.win32_1.15.0.201708311556/tools/compiler/bin/../lib/gcc/arm-none-eabi/6.3.1/../../../../arm-none-eabi/lib/thumb/v7e-m/fpv4-sp/hard/crt0.o
LOAD Application/SW4STM32/startup_stm32l476xx.o
LOAD Application/User/main.o
LOAD Application/User/stm32l4xx_hal_msp.o
LOAD Application/User/stm32l4xx_it.o
LOAD Drivers/CMSIS/system_stm32l4xx.o
LOAD Drivers/STM32L4xx_HAL_Driver/stm32l4xx_hal.o
LOAD Drivers/STM32L4xx_HAL_Driver/stm32l4xx_hal_cortex.o
LOAD Drivers/STM32L4xx_HAL_Driver/stm32l4xx_hal_dma.o
LOAD Drivers/STM32L4xx_HAL_Driver/stm32l4xx_hal_dma_ex.o
LOAD Drivers/STM32L4xx_HAL_Driver/stm32l4xx_hal_flash.o
LOAD Drivers/STM32L4xx_HAL_Driver/stm32l4xx_hal_flash_ex.o
LOAD Drivers/STM32L4xx_HAL_Driver/stm32l4xx_hal_flash_ramfunc.o
LOAD Drivers/STM32L4xx_HAL_Driver/stm32l4xx_hal_gpio.o
LOAD Drivers/STM32L4xx_HAL_Driver/stm32l4xx_hal_i2c.o
LOAD Drivers/STM32L4xx_HAL_Driver/stm32l4xx_hal_i2c_ex.o
LOAD Drivers/STM32L4xx_HAL_Driver/stm32l4xx_hal_pwr.o
LOAD Drivers/STM32L4xx_HAL_Driver/stm32l4xx_hal_pwr_ex.o
LOAD Drivers/STM32L4xx_HAL_Driver/stm32l4xx_hal_rcc.o
LOAD Drivers/STM32L4xx_HAL_Driver/stm32l4xx_hal_rcc_ex.o
LOAD Drivers/STM32L4xx_HAL_Driver/stm32l4xx_hal_tim.o
LOAD Drivers/STM32L4xx_HAL_Driver/stm32l4xx_hal_tim_ex.o
LOAD Drivers/STM32L4xx_HAL_Driver/stm32l4xx_hal_uart.o
LOAD Drivers/STM32L4xx_HAL_Driver/stm32l4xx_hal_uart_ex.o
LOAD c:/ac6/systemworkbench/plugins/fr.ac6.mcu.externaltools.arm-none.win32_1.15.0.201708311556/tools/compiler/bin/../lib/gcc/arm-none-eabi/6.3.1/../../../../arm-none-eabi/lib/thumb/v7e-m/fpv4-sp/hard\libm.a
START GROUP
LOAD c:/ac6/systemworkbench/plugins/fr.ac6.mcu.externaltools.arm-none.win32_1.15.0.201708311556/tools/compiler/bin/../lib/gcc/arm-none-eabi/6.3.1/thumb/v7e-m/fpv4-sp/hard\libgcc.a
LOAD c:/ac6/systemworkbench/plugins/fr.ac6.mcu.externaltools.arm-none.win32_1.15.0.201708311556/tools/compiler/bin/../lib/gcc/arm-none-eabi/6.3.1/../../../../arm-none-eabi/lib/thumb/v7e-m/fpv4-sp/hard\libc_nano.a
END GROUP
START GROUP
LOAD c:/ac6/systemworkbench/plugins/fr.ac6.mcu.externaltools.arm-none.win32_1.15.0.201708311556/tools/compiler/bin/../lib/gcc/arm-none-eabi/6.3.1/thumb/v7e-m/fpv4-sp/hard\libgcc.a
LOAD c:/ac6/systemworkbench/plugins/fr.ac6.mcu.externaltools.arm-none.win32_1.15.0.201708311556/tools/compiler/bin/../lib/gcc/arm-none-eabi/6.3.1/../../../../arm-none-eabi/lib/thumb/v7e-m/fpv4-sp/hard\libc_nano.a
LOAD c:/ac6/systemworkbench/plugins/fr.ac6.mcu.externaltools.arm-none.win32_1.15.0.201708311556/tools/compiler/bin/../lib/gcc/arm-none-eabi/6.3.1/../../../../arm-none-eabi/lib/thumb/v7e-m/fpv4-sp/hard\libnosys.a
END GROUP
START GROUP
LOAD c:/ac6/systemworkbench/plugins/fr.ac6.mcu.externaltools.arm-none.win32_1.15.0.201708311556/tools/compiler/bin/../lib/gcc/arm-none-eabi/6.3.1/thumb/v7e-m/fpv4-sp/hard\libgcc.a
LOAD c:/ac6/systemworkbench/plugins/fr.ac6.mcu.externaltools.arm-none.win32_1.15.0.201708311556/tools/compiler/bin/../lib/gcc/arm-none-eabi/6.3.1/../../../../arm-none-eabi/lib/thumb/v7e-m/fpv4-sp/hard\libc_nano.a
LOAD c:/ac6/systemworkbench/plugins/fr.ac6.mcu.externaltools.arm-none.win32_1.15.0.201708311556/tools/compiler/bin/../lib/gcc/arm-none-eabi/6.3.1/../../../../arm-none-eabi/lib/thumb/v7e-m/fpv4-sp/hard\libnosys.a
END GROUP
LOAD c:/ac6/systemworkbench/plugins/fr.ac6.mcu.externaltools.arm-none.win32_1.15.0.201708311556/tools/compiler/bin/../lib/gcc/arm-none-eabi/6.3.1/thumb/v7e-m/fpv4-sp/hard/crtend.o
LOAD c:/ac6/systemworkbench/plugins/fr.ac6.mcu.externaltools.arm-none.win32_1.15.0.201708311556/tools/compiler/bin/../lib/gcc/arm-none-eabi/6.3.1/thumb/v7e-m/fpv4-sp/hard/crtn.o
                0x20018000                _estack = 0x20018000
                0x00000200                _Min_Heap_Size = 0x200
                0x00000400                _Min_Stack_Size = 0x400

.isr_vector     0x08000000      0x188
                0x08000000                . = ALIGN (0x8)
 *(.isr_vector)
 .isr_vector    0x08000000      0x188 Application/SW4STM32/startup_stm32l476xx.o
                0x08000000                g_pfnVectors
                0x08000188                . = ALIGN (0x8)

.text           0x08000188     0x25a0
                0x08000188                . = ALIGN (0x8)
 *(.text)
 .text          0x08000188       0x6c c:/ac6/systemworkbench/plugins/fr.ac6.mcu.externaltools.arm-none.win32_1.15.0.201708311556/tools/compiler/bin/../lib/gcc/arm-none-eabi/6.3.1/thumb/v7e-m/fpv4-sp/hard/crtbegin.o
 .text          0x080001f4       0x30 c:/ac6/systemworkbench/plugins/fr.ac6.mcu.externaltools.arm-none.win32_1.15.0.201708311556/tools/compiler/bin/../lib/gcc/arm-none-eabi/6.3.1/thumb/v7e-m/fpv4-sp/hard\libgcc.a(_aeabi_uldivmod.o)
                0x080001f4                __aeabi_uldivmod
 .text          0x08000224      0x2dc c:/ac6/systemworkbench/plugins/fr.ac6.mcu.externaltools.arm-none.win32_1.15.0.201708311556/tools/compiler/bin/../lib/gcc/arm-none-eabi/6.3.1/thumb/v7e-m/fpv4-sp/hard\libgcc.a(_udivmoddi4.o)
                0x08000224                __udivmoddi4
 .text          0x08000500        0x4 c:/ac6/systemworkbench/plugins/fr.ac6.mcu.externaltools.arm-none.win32_1.15.0.201708311556/tools/compiler/bin/../lib/gcc/arm-none-eabi/6.3.1/thumb/v7e-m/fpv4-sp/hard\libgcc.a(_dvmd_tls.o)
                0x08000500                __aeabi_idiv0
                0x08000500                __aeabi_ldiv0
 *(.text*)
 .text.Reset_Handler
                0x08000504       0x50 Application/SW4STM32/startup_stm32l476xx.o
                0x08000504                Reset_Handler
 .text.Default_Handler
                0x08000554        0x2 Application/SW4STM32/startup_stm32l476xx.o
                0x08000554                RTC_Alarm_IRQHandler
                0x08000554                EXTI2_IRQHandler
                0x08000554                TIM8_TRG_COM_IRQHandler
                0x08000554                TIM8_CC_IRQHandler
                0x08000554                TIM1_CC_IRQHandler
                0x08000554                TSC_IRQHandler
                0x08000554                TAMP_STAMP_IRQHandler
                0x08000554                EXTI3_IRQHandler
                0x08000554                LPTIM2_IRQHandler
                0x08000554                DFSDM1_FLT1_IRQHandler
                0x08000554                I2C3_ER_IRQHandler
                0x08000554                DFSDM1_FLT2_IRQHandler
                0x08000554                EXTI0_IRQHandler
                0x08000554                I2C2_EV_IRQHandler
                0x08000554                CAN1_RX0_IRQHandler
                0x08000554                TIM1_UP_TIM16_IRQHandler
                0x08000554                ADC1_2_IRQHandler
                0x08000554                SPI1_IRQHandler
                0x08000554                TIM6_DAC_IRQHandler
                0x08000554                TIM8_UP_IRQHandler
                0x08000554                DMA2_Channel2_IRQHandler
                0x08000554                DMA1_Channel4_IRQHandler
                0x08000554                SAI2_IRQHandler
                0x08000554                DFSDM1_FLT3_IRQHandler
                0x08000554                USART3_IRQHandler
                0x08000554                DMA1_Channel7_IRQHandler
                0x08000554                CAN1_RX1_IRQHandler
                0x08000554                LCD_IRQHandler
                0x08000554                UART5_IRQHandler
                0x08000554                ADC3_IRQHandler
                0x08000554                TIM4_IRQHandler
                0x08000554                DMA2_Channel1_IRQHandler
                0x08000554                QUADSPI_IRQHandler
                0x08000554                I2C1_EV_IRQHandler
                0x08000554                DMA1_Channel6_IRQHandler
                0x08000554                UART4_IRQHandler
                0x08000554                DMA2_Channel4_IRQHandler
                0x08000554                TIM3_IRQHandler
                0x08000554                DMA1_Channel1_IRQHandler
                0x08000554                Default_Handler
                0x08000554                DMA2_Channel7_IRQHandler
                0x08000554                EXTI15_10_IRQHandler
                0x08000554                TIM7_IRQHandler
                0x08000554                SDMMC1_IRQHandler
                0x08000554                TIM5_IRQHandler
                0x08000554                I2C3_EV_IRQHandler
                0x08000554                EXTI9_5_IRQHandler
                0x08000554                RTC_WKUP_IRQHandler
                0x08000554                PVD_PVM_IRQHandler
                0x08000554                SPI2_IRQHandler
                0x08000554                CAN1_TX_IRQHandler
                0x08000554                DMA2_Channel5_IRQHandler
                0x08000554                DMA1_Channel5_IRQHandler
                0x08000554                EXTI4_IRQHandler
                0x08000554                RNG_IRQHandler
                0x08000554                TIM1_TRG_COM_TIM17_IRQHandler
                0x08000554                DMA1_Channel3_IRQHandler
                0x08000554                COMP_IRQHandler
                0x08000554                WWDG_IRQHandler
                0x08000554                LPUART1_IRQHandler
                0x08000554                DMA2_Channel6_IRQHandler
                0x08000554                TIM2_IRQHandler
                0x08000554                EXTI1_IRQHandler
                0x08000554                DFSDM1_FLT0_IRQHandler
                0x08000554                I2C2_ER_IRQHandler
                0x08000554                DMA1_Channel2_IRQHandler
                0x08000554                TIM8_BRK_IRQHandler
                0x08000554                CAN1_SCE_IRQHandler
                0x08000554                FLASH_IRQHandler
                0x08000554                USART1_IRQHandler
                0x08000554                OTG_FS_IRQHandler
                0x08000554                SPI3_IRQHandler
                0x08000554                I2C1_ER_IRQHandler
                0x08000554                FMC_IRQHandler
                0x08000554                SWPMI1_IRQHandler
                0x08000554                LPTIM1_IRQHandler
                0x08000554                SAI1_IRQHandler
                0x08000554                DMA2_Channel3_IRQHandler
                0x08000554                TIM1_BRK_TIM15_IRQHandler
 *fill*         0x08000556        0x2 
 .text.MX_GPIO_Init
                0x08000558       0xf0 Application/User/main.o
 .text.MX_NVIC_Init
                0x08000648       0x24 Application/User/main.o
 .text.HAL_UART_RxCpltCallback
                0x0800066c        0xe Application/User/main.o
                0x0800066c                HAL_UART_RxCpltCallback
 *fill*         0x0800067a        0x2 
 .text._Error_Handler
                0x0800067c       0x18 Application/User/main.o
                0x0800067c                _Error_Handler
 .text.MX_USART2_UART_Init
                0x08000694       0x40 Application/User/main.o
 .text.SystemClock_Config
                0x080006d4       0xa0 Application/User/main.o
                0x080006d4                SystemClock_Config
 .text.main     0x08000774       0x5c Application/User/main.o
                0x08000774                main
 .text.HAL_MspInit
                0x080007d0       0xa0 Application/User/stm32l4xx_hal_msp.o
                0x080007d0                HAL_MspInit
 .text.HAL_UART_MspInit
                0x08000870       0x4c Application/User/stm32l4xx_hal_msp.o
                0x08000870                HAL_UART_MspInit
 .text.NMI_Handler
                0x080008bc        0x2 Application/User/stm32l4xx_it.o
                0x080008bc                NMI_Handler
 .text.HardFault_Handler
                0x080008be        0x2 Application/User/stm32l4xx_it.o
                0x080008be                HardFault_Handler
 .text.MemManage_Handler
                0x080008c0        0x2 Application/User/stm32l4xx_it.o
                0x080008c0                MemManage_Handler
 .text.BusFault_Handler
                0x080008c2        0x2 Application/User/stm32l4xx_it.o
                0x080008c2                BusFault_Handler
 .text.UsageFault_Handler
                0x080008c4        0x2 Application/User/stm32l4xx_it.o
                0x080008c4                UsageFault_Handler
 .text.SVC_Handler
                0x080008c6        0x2 Application/User/stm32l4xx_it.o
                0x080008c6                SVC_Handler
 .text.DebugMon_Handler
                0x080008c8        0x2 Application/User/stm32l4xx_it.o
                0x080008c8                DebugMon_Handler
 .text.PendSV_Handler
                0x080008ca        0x2 Application/User/stm32l4xx_it.o
                0x080008ca                PendSV_Handler
 .text.SysTick_Handler
                0x080008cc        0xc Application/User/stm32l4xx_it.o
                0x080008cc                SysTick_Handler
 .text.RCC_IRQHandler
                0x080008d8        0x2 Application/User/stm32l4xx_it.o
                0x080008d8                RCC_IRQHandler
 .text.USART2_IRQHandler
                0x080008da        0xe Application/User/stm32l4xx_it.o
                0x080008da                USART2_IRQHandler
 .text.FPU_IRQHandler
                0x080008e8        0x2 Application/User/stm32l4xx_it.o
                0x080008e8                FPU_IRQHandler
 *fill*         0x080008ea        0x2 
 .text.SystemInit
                0x080008ec       0x48 Drivers/CMSIS/system_stm32l4xx.o
                0x080008ec                SystemInit
 .text.HAL_InitTick
                0x08000934       0x2c Drivers/STM32L4xx_HAL_Driver/stm32l4xx_hal.o
                0x08000934                HAL_InitTick
 .text.HAL_Init
                0x08000960       0x16 Drivers/STM32L4xx_HAL_Driver/stm32l4xx_hal.o
                0x08000960                HAL_Init
 *fill*         0x08000976        0x2 
 .text.HAL_IncTick
                0x08000978       0x10 Drivers/STM32L4xx_HAL_Driver/stm32l4xx_hal.o
                0x08000978                HAL_IncTick
 .text.HAL_GetTick
                0x08000988        0xc Drivers/STM32L4xx_HAL_Driver/stm32l4xx_hal.o
                0x08000988                HAL_GetTick
 .text.HAL_NVIC_SetPriorityGrouping
                0x08000994       0x24 Drivers/STM32L4xx_HAL_Driver/stm32l4xx_hal_cortex.o
                0x08000994                HAL_NVIC_SetPriorityGrouping
 .text.HAL_NVIC_SetPriority
                0x080009b8       0x64 Drivers/STM32L4xx_HAL_Driver/stm32l4xx_hal_cortex.o
                0x080009b8                HAL_NVIC_SetPriority
 .text.HAL_NVIC_EnableIRQ
                0x08000a1c       0x18 Drivers/STM32L4xx_HAL_Driver/stm32l4xx_hal_cortex.o
                0x08000a1c                HAL_NVIC_EnableIRQ
 .text.HAL_SYSTICK_Config
                0x08000a34       0x2c Drivers/STM32L4xx_HAL_Driver/stm32l4xx_hal_cortex.o
                0x08000a34                HAL_SYSTICK_Config
 .text.HAL_SYSTICK_CLKSourceConfig
                0x08000a60       0x20 Drivers/STM32L4xx_HAL_Driver/stm32l4xx_hal_cortex.o
                0x08000a60                HAL_SYSTICK_CLKSourceConfig
 .text.HAL_SYSTICK_Callback
                0x08000a80        0x2 Drivers/STM32L4xx_HAL_Driver/stm32l4xx_hal_cortex.o
                0x08000a80                HAL_SYSTICK_Callback
 .text.HAL_SYSTICK_IRQHandler
                0x08000a82        0x8 Drivers/STM32L4xx_HAL_Driver/stm32l4xx_hal_cortex.o
                0x08000a82                HAL_SYSTICK_IRQHandler
 *fill*         0x08000a8a        0x2 
 .text.HAL_GPIO_Init
                0x08000a8c      0x1d4 Drivers/STM32L4xx_HAL_Driver/stm32l4xx_hal_gpio.o
                0x08000a8c                HAL_GPIO_Init
 .text.HAL_GPIO_WritePin
                0x08000c60        0xa Drivers/STM32L4xx_HAL_Driver/stm32l4xx_hal_gpio.o
                0x08000c60                HAL_GPIO_WritePin
 .text.HAL_GPIO_TogglePin
                0x08000c6a        0x8 Drivers/STM32L4xx_HAL_Driver/stm32l4xx_hal_gpio.o
                0x08000c6a                HAL_GPIO_TogglePin
 *fill*         0x08000c72        0x2 
 .text.HAL_PWREx_GetVoltageRange
                0x08000c74       0x10 Drivers/STM32L4xx_HAL_Driver/stm32l4xx_hal_pwr_ex.o
                0x08000c74                HAL_PWREx_GetVoltageRange
 .text.HAL_PWREx_ControlVoltageScaling
                0x08000c84       0x90 Drivers/STM32L4xx_HAL_Driver/stm32l4xx_hal_pwr_ex.o
                0x08000c84                HAL_PWREx_ControlVoltageScaling
 .text.RCC_SetFlashLatencyFromMSIRange
                0x08000d14       0x90 Drivers/STM32L4xx_HAL_Driver/stm32l4xx_hal_rcc.o
 .text.HAL_RCC_GetSysClockFreq
                0x08000da4      0x100 Drivers/STM32L4xx_HAL_Driver/stm32l4xx_hal_rcc.o
                0x08000da4                HAL_RCC_GetSysClockFreq
 .text.HAL_RCC_OscConfig
                0x08000ea4      0x574 Drivers/STM32L4xx_HAL_Driver/stm32l4xx_hal_rcc.o
                0x08000ea4                HAL_RCC_OscConfig
 .text.HAL_RCC_ClockConfig
                0x08001418      0x1ac Drivers/STM32L4xx_HAL_Driver/stm32l4xx_hal_rcc.o
                0x08001418                HAL_RCC_ClockConfig
 .text.HAL_RCC_GetHCLKFreq
                0x080015c4        0xc Drivers/STM32L4xx_HAL_Driver/stm32l4xx_hal_rcc.o
                0x080015c4                HAL_RCC_GetHCLKFreq
 .text.HAL_RCC_GetPCLK1Freq
                0x080015d0       0x20 Drivers/STM32L4xx_HAL_Driver/stm32l4xx_hal_rcc.o
                0x080015d0                HAL_RCC_GetPCLK1Freq
 .text.HAL_RCC_GetPCLK2Freq
                0x080015f0       0x20 Drivers/STM32L4xx_HAL_Driver/stm32l4xx_hal_rcc.o
                0x080015f0                HAL_RCC_GetPCLK2Freq
 .text.RCCEx_PLLSAI1_Config
                0x08001610      0x180 Drivers/STM32L4xx_HAL_Driver/stm32l4xx_hal_rcc_ex.o
 .text.RCCEx_PLLSAI2_Config
                0x08001790      0x15c Drivers/STM32L4xx_HAL_Driver/stm32l4xx_hal_rcc_ex.o
 .text.HAL_RCCEx_PeriphCLKConfig
                0x080018ec      0x44c Drivers/STM32L4xx_HAL_Driver/stm32l4xx_hal_rcc_ex.o
                0x080018ec                HAL_RCCEx_PeriphCLKConfig
 .text.UART_TxISR_8BIT
                0x08001d38       0x46 Drivers/STM32L4xx_HAL_Driver/stm32l4xx_hal_uart.o
 .text.UART_TxISR_16BIT
                0x08001d7e       0x4c Drivers/STM32L4xx_HAL_Driver/stm32l4xx_hal_uart.o
 *fill*         0x08001dca        0x2 
 .text.HAL_UART_Transmit_IT
                0x08001dcc       0x78 Drivers/STM32L4xx_HAL_Driver/stm32l4xx_hal_uart.o
                0x08001dcc                HAL_UART_Transmit_IT
 .text.HAL_UART_Receive_IT
                0x08001e44       0xd4 Drivers/STM32L4xx_HAL_Driver/stm32l4xx_hal_uart.o
                0x08001e44                HAL_UART_Receive_IT
 .text.UART_RxISR_8BIT
                0x08001f18       0x64 Drivers/STM32L4xx_HAL_Driver/stm32l4xx_hal_uart.o
 .text.UART_RxISR_16BIT
                0x08001f7c       0x64 Drivers/STM32L4xx_HAL_Driver/stm32l4xx_hal_uart.o
 .text.UART_SetConfig
                0x08001fe0      0x410 Drivers/STM32L4xx_HAL_Driver/stm32l4xx_hal_uart.o
                0x08001fe0                UART_SetConfig
 .text.UART_AdvFeatureConfig
                0x080023f0       0xca Drivers/STM32L4xx_HAL_Driver/stm32l4xx_hal_uart.o
                0x080023f0                UART_AdvFeatureConfig
 .text.UART_WaitOnFlagUntilTimeout
                0x080024ba       0x64 Drivers/STM32L4xx_HAL_Driver/stm32l4xx_hal_uart.o
                0x080024ba                UART_WaitOnFlagUntilTimeout
 .text.HAL_UART_Transmit
                0x0800251e       0xd0 Drivers/STM32L4xx_HAL_Driver/stm32l4xx_hal_uart.o
                0x0800251e                HAL_UART_Transmit
 .text.UART_CheckIdleState
                0x080025ee       0x70 Drivers/STM32L4xx_HAL_Driver/stm32l4xx_hal_uart.o
                0x080025ee                UART_CheckIdleState
 .text.HAL_UART_Init
                0x0800265e       0x68 Drivers/STM32L4xx_HAL_Driver/stm32l4xx_hal_uart.o
                0x0800265e                HAL_UART_Init
 *fill*         0x080026c6        0x2 
 .text.__libc_init_array
                0x080026c8       0x48 c:/ac6/systemworkbench/plugins/fr.ac6.mcu.externaltools.arm-none.win32_1.15.0.201708311556/tools/compiler/bin/../lib/gcc/arm-none-eabi/6.3.1/../../../../arm-none-eabi/lib/thumb/v7e-m/fpv4-sp/hard\libc_nano.a(lib_a-init.o)
                0x080026c8                __libc_init_array
 *(.glue_7)
 .glue_7        0x08002710        0x0 linker stubs
 *(.glue_7t)
 .glue_7t       0x08002710        0x0 linker stubs
 *(.eh_frame)
 .eh_frame      0x08002710        0x0 c:/ac6/systemworkbench/plugins/fr.ac6.mcu.externaltools.arm-none.win32_1.15.0.201708311556/tools/compiler/bin/../lib/gcc/arm-none-eabi/6.3.1/thumb/v7e-m/fpv4-sp/hard/crtbegin.o
 *(.init)
 .init          0x08002710        0x4 c:/ac6/systemworkbench/plugins/fr.ac6.mcu.externaltools.arm-none.win32_1.15.0.201708311556/tools/compiler/bin/../lib/gcc/arm-none-eabi/6.3.1/thumb/v7e-m/fpv4-sp/hard/crti.o
                0x08002710                _init
 .init          0x08002714        0x8 c:/ac6/systemworkbench/plugins/fr.ac6.mcu.externaltools.arm-none.win32_1.15.0.201708311556/tools/compiler/bin/../lib/gcc/arm-none-eabi/6.3.1/thumb/v7e-m/fpv4-sp/hard/crtn.o
 *(.fini)
 .fini          0x0800271c        0x4 c:/ac6/systemworkbench/plugins/fr.ac6.mcu.externaltools.arm-none.win32_1.15.0.201708311556/tools/compiler/bin/../lib/gcc/arm-none-eabi/6.3.1/thumb/v7e-m/fpv4-sp/hard/crti.o
                0x0800271c                _fini
 .fini          0x08002720        0x8 c:/ac6/systemworkbench/plugins/fr.ac6.mcu.externaltools.arm-none.win32_1.15.0.201708311556/tools/compiler/bin/../lib/gcc/arm-none-eabi/6.3.1/thumb/v7e-m/fpv4-sp/hard/crtn.o
                0x08002728                . = ALIGN (0x8)
                0x08002728                _etext = .

.vfp11_veneer   0x08002728        0x0
 .vfp11_veneer  0x08002728        0x0 linker stubs

.v4_bx          0x08002728        0x0
 .v4_bx         0x08002728        0x0 linker stubs

.iplt           0x08002728        0x0
 .iplt          0x08002728        0x0 c:/ac6/systemworkbench/plugins/fr.ac6.mcu.externaltools.arm-none.win32_1.15.0.201708311556/tools/compiler/bin/../lib/gcc/arm-none-eabi/6.3.1/thumb/v7e-m/fpv4-sp/hard/crtbegin.o

.rodata         0x08002728       0xc0
                0x08002728                . = ALIGN (0x8)
 *(.rodata)
 .rodata        0x08002728       0x1e Application/User/main.o
 *fill*         0x08002746        0x2 
 .rodata        0x08002748       0x48 Drivers/CMSIS/system_stm32l4xx.o
                0x08002748                MSIRangeTable
                0x08002778                AHBPrescTable
                0x08002788                APBPrescTable
 *(.rodata*)
 .rodata.str1.4
                0x08002790       0x54 Application/User/main.o
                                 0x53 (size before relaxing)
                0x080027e8                . = ALIGN (0x8)
 *fill*         0x080027e4        0x4 

.ARM.extab      0x080027e8        0x0
                0x080027e8                . = ALIGN (0x8)
 *(.ARM.extab* .gnu.linkonce.armextab.*)
                0x080027e8                . = ALIGN (0x8)

.ARM            0x080027e8        0x8
                0x080027e8                . = ALIGN (0x8)
                0x080027e8                __exidx_start = .
 *(.ARM.exidx*)
 .ARM.exidx     0x080027e8        0x8 c:/ac6/systemworkbench/plugins/fr.ac6.mcu.externaltools.arm-none.win32_1.15.0.201708311556/tools/compiler/bin/../lib/gcc/arm-none-eabi/6.3.1/thumb/v7e-m/fpv4-sp/hard\libgcc.a(_udivmoddi4.o)
                0x080027f0                __exidx_end = .
                0x080027f0                . = ALIGN (0x8)

.rel.dyn        0x080027f0        0x0
 .rel.iplt      0x080027f0        0x0 c:/ac6/systemworkbench/plugins/fr.ac6.mcu.externaltools.arm-none.win32_1.15.0.201708311556/tools/compiler/bin/../lib/gcc/arm-none-eabi/6.3.1/thumb/v7e-m/fpv4-sp/hard/crtbegin.o

.preinit_array  0x080027f0        0x0
                0x080027f0                . = ALIGN (0x8)
                0x080027f0                PROVIDE (__preinit_array_start, .)
 *(.preinit_array*)
                0x080027f0                PROVIDE (__preinit_array_end, .)
                0x080027f0                . = ALIGN (0x8)

.init_array     0x080027f0        0x8
                0x080027f0                . = ALIGN (0x8)
                0x080027f0                PROVIDE (__init_array_start, .)
 *(SORT(.init_array.*))
 *(.init_array*)
 .init_array    0x080027f0        0x4 c:/ac6/systemworkbench/plugins/fr.ac6.mcu.externaltools.arm-none.win32_1.15.0.201708311556/tools/compiler/bin/../lib/gcc/arm-none-eabi/6.3.1/thumb/v7e-m/fpv4-sp/hard/crtbegin.o
                0x080027f4                PROVIDE (__init_array_end, .)
                0x080027f8                . = ALIGN (0x8)
 *fill*         0x080027f4        0x4 

.fini_array     0x080027f8        0x8
                0x080027f8                . = ALIGN (0x8)
                [!provide]                PROVIDE (__fini_array_start, .)
 *(SORT(.fini_array.*))
 *(.fini_array*)
 .fini_array    0x080027f8        0x4 c:/ac6/systemworkbench/plugins/fr.ac6.mcu.externaltools.arm-none.win32_1.15.0.201708311556/tools/compiler/bin/../lib/gcc/arm-none-eabi/6.3.1/thumb/v7e-m/fpv4-sp/hard/crtbegin.o
                [!provide]                PROVIDE (__fini_array_end, .)
                0x08002800                . = ALIGN (0x8)
 *fill*         0x080027fc        0x4 
                0x08002800                _sidata = LOADADDR (.data)

.data           0x20000000        0x8 load address 0x08002800
                0x20000000                . = ALIGN (0x8)
                0x20000000                _sdata = .
 *(.data)
 .data          0x20000000        0x4 Drivers/CMSIS/system_stm32l4xx.o
                0x20000000                SystemCoreClock
 *(.data*)
                0x20000008                . = ALIGN (0x8)
 *fill*         0x20000004        0x4 
                0x20000008                _edata = .

.jcr            0x20000008        0x0 load address 0x08002808
 .jcr           0x20000008        0x0 c:/ac6/systemworkbench/plugins/fr.ac6.mcu.externaltools.arm-none.win32_1.15.0.201708311556/tools/compiler/bin/../lib/gcc/arm-none-eabi/6.3.1/thumb/v7e-m/fpv4-sp/hard/crtbegin.o

.igot.plt       0x20000008        0x0 load address 0x08002808
 .igot.plt      0x20000008        0x0 c:/ac6/systemworkbench/plugins/fr.ac6.mcu.externaltools.arm-none.win32_1.15.0.201708311556/tools/compiler/bin/../lib/gcc/arm-none-eabi/6.3.1/thumb/v7e-m/fpv4-sp/hard/crtbegin.o
                0x20000008                . = ALIGN (0x4)

.bss            0x20000008       0xb8 load address 0x08002808
                0x20000008                _sbss = .
                0x20000008                __bss_start__ = _sbss
 *(.bss)
 .bss           0x20000008       0x1c c:/ac6/systemworkbench/plugins/fr.ac6.mcu.externaltools.arm-none.win32_1.15.0.201708311556/tools/compiler/bin/../lib/gcc/arm-none-eabi/6.3.1/thumb/v7e-m/fpv4-sp/hard/crtbegin.o
 *(.bss*)
 *(COMMON)
 COMMON         0x20000024       0x98 Application/User/main.o
                0x20000024                rxData
                0x20000044                huart2
 COMMON         0x200000bc        0x4 Drivers/STM32L4xx_HAL_Driver/stm32l4xx_hal.o
                0x200000bc                uwTick
                0x200000c0                . = ALIGN (0x4)
                0x200000c0                _ebss = .
                0x200000c0                __bss_end__ = _ebss

._user_heap_stack
                0x200000c0      0x600 load address 0x08002808
                0x200000c0                . = ALIGN (0x8)
                [!provide]                PROVIDE (end, .)
                [!provide]                PROVIDE (_end, .)
                0x200002c0                . = (. + _Min_Heap_Size)
 *fill*         0x200000c0      0x200 
                0x200006c0                . = (. + _Min_Stack_Size)
 *fill*         0x200002c0      0x400 
                0x200006c0                . = ALIGN (0x8)

/DISCARD/
 libc.a(*)
 libm.a(*)
 libgcc.a(*)

.ARM.attributes
                0x00000000       0x30
 *(.ARM.attributes)
 .ARM.attributes
                0x00000000       0x22 c:/ac6/systemworkbench/plugins/fr.ac6.mcu.externaltools.arm-none.win32_1.15.0.201708311556/tools/compiler/bin/../lib/gcc/arm-none-eabi/6.3.1/thumb/v7e-m/fpv4-sp/hard/crti.o
 .ARM.attributes
                0x00000022       0x34 c:/ac6/systemworkbench/plugins/fr.ac6.mcu.externaltools.arm-none.win32_1.15.0.201708311556/tools/compiler/bin/../lib/gcc/arm-none-eabi/6.3.1/thumb/v7e-m/fpv4-sp/hard/crtbegin.o
 .ARM.attributes
                0x00000056       0x21 Application/SW4STM32/startup_stm32l476xx.o
 .ARM.attributes
                0x00000077       0x39 Application/User/main.o
 .ARM.attributes
                0x000000b0       0x39 Application/User/stm32l4xx_hal_msp.o
 .ARM.attributes
                0x000000e9       0x39 Application/User/stm32l4xx_it.o
 .ARM.attributes
                0x00000122       0x39 Drivers/CMSIS/system_stm32l4xx.o
 .ARM.attributes
                0x0000015b       0x39 Drivers/STM32L4xx_HAL_Driver/stm32l4xx_hal.o
 .ARM.attributes
                0x00000194       0x39 Drivers/STM32L4xx_HAL_Driver/stm32l4xx_hal_cortex.o
 .ARM.attributes
                0x000001cd       0x39 Drivers/STM32L4xx_HAL_Driver/stm32l4xx_hal_gpio.o
 .ARM.attributes
                0x00000206       0x39 Drivers/STM32L4xx_HAL_Driver/stm32l4xx_hal_pwr_ex.o
 .ARM.attributes
                0x0000023f       0x39 Drivers/STM32L4xx_HAL_Driver/stm32l4xx_hal_rcc.o
 .ARM.attributes
                0x00000278       0x39 Drivers/STM32L4xx_HAL_Driver/stm32l4xx_hal_rcc_ex.o
 .ARM.attributes
                0x000002b1       0x39 Drivers/STM32L4xx_HAL_Driver/stm32l4xx_hal_uart.o
 .ARM.attributes
                0x000002ea       0x22 c:/ac6/systemworkbench/plugins/fr.ac6.mcu.externaltools.arm-none.win32_1.15.0.201708311556/tools/compiler/bin/../lib/gcc/arm-none-eabi/6.3.1/thumb/v7e-m/fpv4-sp/hard\libgcc.a(_aeabi_uldivmod.o)
 .ARM.attributes
                0x0000030c       0x34 c:/ac6/systemworkbench/plugins/fr.ac6.mcu.externaltools.arm-none.win32_1.15.0.201708311556/tools/compiler/bin/../lib/gcc/arm-none-eabi/6.3.1/thumb/v7e-m/fpv4-sp/hard\libgcc.a(_udivmoddi4.o)
 .ARM.attributes
                0x00000340       0x22 c:/ac6/systemworkbench/plugins/fr.ac6.mcu.externaltools.arm-none.win32_1.15.0.201708311556/tools/compiler/bin/../lib/gcc/arm-none-eabi/6.3.1/thumb/v7e-m/fpv4-sp/hard\libgcc.a(_dvmd_tls.o)
 .ARM.attributes
                0x00000362       0x34 c:/ac6/systemworkbench/plugins/fr.ac6.mcu.externaltools.arm-none.win32_1.15.0.201708311556/tools/compiler/bin/../lib/gcc/arm-none-eabi/6.3.1/../../../../arm-none-eabi/lib/thumb/v7e-m/fpv4-sp/hard\libc_nano.a(lib_a-init.o)
 .ARM.attributes
                0x00000396       0x22 c:/ac6/systemworkbench/plugins/fr.ac6.mcu.externaltools.arm-none.win32_1.15.0.201708311556/tools/compiler/bin/../lib/gcc/arm-none-eabi/6.3.1/thumb/v7e-m/fpv4-sp/hard/crtn.o
OUTPUT(uart.elf elf32-littlearm)

.debug_line     0x00000000     0x7f0c
 .debug_line    0x00000000       0xbd Application/SW4STM32/startup_stm32l476xx.o
 .debug_line    0x000000bd      0x933 Application/User/main.o
 .debug_line    0x000009f0      0x8b3 Application/User/stm32l4xx_hal_msp.o
 .debug_line    0x000012a3      0x937 Application/User/stm32l4xx_it.o
 .debug_line    0x00001bda      0x8b9 Drivers/CMSIS/system_stm32l4xx.o
 .debug_line    0x00002493      0xac3 Drivers/STM32L4xx_HAL_Driver/stm32l4xx_hal.o
 .debug_line    0x00002f56      0xa8d Drivers/STM32L4xx_HAL_Driver/stm32l4xx_hal_cortex.o
 .debug_line    0x000039e3      0x9fd Drivers/STM32L4xx_HAL_Driver/stm32l4xx_hal_gpio.o
 .debug_line    0x000043e0      0xce4 Drivers/STM32L4xx_HAL_Driver/stm32l4xx_hal_pwr_ex.o
 .debug_line    0x000050c4      0xbce Drivers/STM32L4xx_HAL_Driver/stm32l4xx_hal_rcc.o
 .debug_line    0x00005c92      0xe61 Drivers/STM32L4xx_HAL_Driver/stm32l4xx_hal_rcc_ex.o
 .debug_line    0x00006af3     0x1419 Drivers/STM32L4xx_HAL_Driver/stm32l4xx_hal_uart.o

.debug_info     0x00000000     0xf470
 .debug_info    0x00000000       0xd7 Application/SW4STM32/startup_stm32l476xx.o
 .debug_info    0x000000d7     0x1d71 Application/User/main.o
 .debug_info    0x00001e48     0x167f Application/User/stm32l4xx_hal_msp.o
 .debug_info    0x000034c7     0x10cf Application/User/stm32l4xx_it.o
 .debug_info    0x00004596      0xde9 Drivers/CMSIS/system_stm32l4xx.o
 .debug_info    0x0000537f     0x1319 Drivers/STM32L4xx_HAL_Driver/stm32l4xx_hal.o
 .debug_info    0x00006698     0x1789 Drivers/STM32L4xx_HAL_Driver/stm32l4xx_hal_cortex.o
 .debug_info    0x00007e21     0x1090 Drivers/STM32L4xx_HAL_Driver/stm32l4xx_hal_gpio.o
 .debug_info    0x00008eb1     0x12cd Drivers/STM32L4xx_HAL_Driver/stm32l4xx_hal_pwr_ex.o
 .debug_info    0x0000a17e     0x15eb Drivers/STM32L4xx_HAL_Driver/stm32l4xx_hal_rcc.o
 .debug_info    0x0000b769     0x18da Drivers/STM32L4xx_HAL_Driver/stm32l4xx_hal_rcc_ex.o
 .debug_info    0x0000d043     0x242d Drivers/STM32L4xx_HAL_Driver/stm32l4xx_hal_uart.o

.debug_abbrev   0x00000000     0x1ebc
 .debug_abbrev  0x00000000       0x12 Application/SW4STM32/startup_stm32l476xx.o
 .debug_abbrev  0x00000012      0x2f0 Application/User/main.o
 .debug_abbrev  0x00000302      0x241 Application/User/stm32l4xx_hal_msp.o
 .debug_abbrev  0x00000543      0x225 Application/User/stm32l4xx_it.o
 .debug_abbrev  0x00000768      0x226 Drivers/CMSIS/system_stm32l4xx.o
 .debug_abbrev  0x0000098e      0x2ec Drivers/STM32L4xx_HAL_Driver/stm32l4xx_hal.o
 .debug_abbrev  0x00000c7a      0x3b8 Drivers/STM32L4xx_HAL_Driver/stm32l4xx_hal_cortex.o
 .debug_abbrev  0x00001032      0x2a5 Drivers/STM32L4xx_HAL_Driver/stm32l4xx_hal_gpio.o
 .debug_abbrev  0x000012d7      0x2d2 Drivers/STM32L4xx_HAL_Driver/stm32l4xx_hal_pwr_ex.o
 .debug_abbrev  0x000015a9      0x2ea Drivers/STM32L4xx_HAL_Driver/stm32l4xx_hal_rcc.o
 .debug_abbrev  0x00001893      0x30a Drivers/STM32L4xx_HAL_Driver/stm32l4xx_hal_rcc_ex.o
 .debug_abbrev  0x00001b9d      0x31f Drivers/STM32L4xx_HAL_Driver/stm32l4xx_hal_uart.o

.debug_aranges  0x00000000      0x7e0
 .debug_aranges
                0x00000000       0x28 Application/SW4STM32/startup_stm32l476xx.o
 .debug_aranges
                0x00000028       0x50 Application/User/main.o
 .debug_aranges
                0x00000078       0x30 Application/User/stm32l4xx_hal_msp.o
 .debug_aranges
                0x000000a8       0x78 Application/User/stm32l4xx_it.o
 .debug_aranges
                0x00000120       0x28 Drivers/CMSIS/system_stm32l4xx.o
 .debug_aranges
                0x00000148      0x118 Drivers/STM32L4xx_HAL_Driver/stm32l4xx_hal.o
 .debug_aranges
                0x00000260       0xa8 Drivers/STM32L4xx_HAL_Driver/stm32l4xx_hal_cortex.o
 .debug_aranges
                0x00000308       0x58 Drivers/STM32L4xx_HAL_Driver/stm32l4xx_hal_gpio.o
 .debug_aranges
                0x00000360      0x148 Drivers/STM32L4xx_HAL_Driver/stm32l4xx_hal_pwr_ex.o
 .debug_aranges
                0x000004a8       0x88 Drivers/STM32L4xx_HAL_Driver/stm32l4xx_hal_rcc.o
 .debug_aranges
                0x00000530       0xb8 Drivers/STM32L4xx_HAL_Driver/stm32l4xx_hal_rcc_ex.o
 .debug_aranges
                0x000005e8      0x1f8 Drivers/STM32L4xx_HAL_Driver/stm32l4xx_hal_uart.o

.debug_ranges   0x00000000      0x7c0
 .debug_ranges  0x00000000       0x20 Application/SW4STM32/startup_stm32l476xx.o
 .debug_ranges  0x00000020       0x40 Application/User/main.o
 .debug_ranges  0x00000060       0x20 Application/User/stm32l4xx_hal_msp.o
 .debug_ranges  0x00000080       0x68 Application/User/stm32l4xx_it.o
 .debug_ranges  0x000000e8       0x18 Drivers/CMSIS/system_stm32l4xx.o
 .debug_ranges  0x00000100      0x108 Drivers/STM32L4xx_HAL_Driver/stm32l4xx_hal.o
 .debug_ranges  0x00000208       0xf8 Drivers/STM32L4xx_HAL_Driver/stm32l4xx_hal_cortex.o
 .debug_ranges  0x00000300       0x48 Drivers/STM32L4xx_HAL_Driver/stm32l4xx_hal_gpio.o
 .debug_ranges  0x00000348      0x138 Drivers/STM32L4xx_HAL_Driver/stm32l4xx_hal_pwr_ex.o
 .debug_ranges  0x00000480       0x90 Drivers/STM32L4xx_HAL_Driver/stm32l4xx_hal_rcc.o
 .debug_ranges  0x00000510       0xc8 Drivers/STM32L4xx_HAL_Driver/stm32l4xx_hal_rcc_ex.o
 .debug_ranges  0x000005d8      0x1e8 Drivers/STM32L4xx_HAL_Driver/stm32l4xx_hal_uart.o

.debug_loc      0x00000000     0x4ecc
 .debug_loc     0x00000000       0x63 Application/User/main.o
 .debug_loc     0x00000063       0x5b Application/User/stm32l4xx_hal_msp.o
 .debug_loc     0x000000be      0x1e4 Drivers/CMSIS/system_stm32l4xx.o
 .debug_loc     0x000002a2       0xf8 Drivers/STM32L4xx_HAL_Driver/stm32l4xx_hal.o
 .debug_loc     0x0000039a      0x5ce Drivers/STM32L4xx_HAL_Driver/stm32l4xx_hal_cortex.o
 .debug_loc     0x00000968      0x33d Drivers/STM32L4xx_HAL_Driver/stm32l4xx_hal_gpio.o
 .debug_loc     0x00000ca5      0x8f5 Drivers/STM32L4xx_HAL_Driver/stm32l4xx_hal_pwr_ex.o
 .debug_loc     0x0000159a      0x60d Drivers/STM32L4xx_HAL_Driver/stm32l4xx_hal_rcc.o
 .debug_loc     0x00001ba7     0x1aed Drivers/STM32L4xx_HAL_Driver/stm32l4xx_hal_rcc_ex.o
 .debug_loc     0x00003694     0x1838 Drivers/STM32L4xx_HAL_Driver/stm32l4xx_hal_uart.o

.debug_macro    0x00000000    0x25cde
 .debug_macro   0x00000000      0x31e Application/User/main.o
 .debug_macro   0x0000031e      0x8bc Application/User/main.o
 .debug_macro   0x00000bda       0x1c Application/User/main.o
 .debug_macro   0x00000bf6       0xae Application/User/main.o
 .debug_macro   0x00000ca4       0x2e Application/User/main.o
 .debug_macro   0x00000cd2       0x28 Application/User/main.o
 .debug_macro   0x00000cfa       0x22 Application/User/main.o
 .debug_macro   0x00000d1c       0x87 Application/User/main.o
 .debug_macro   0x00000da3       0x51 Application/User/main.o
 .debug_macro   0x00000df4       0xef Application/User/main.o
 .debug_macro   0x00000ee3       0x6a Application/User/main.o
 .debug_macro   0x00000f4d      0x1df Application/User/main.o
 .debug_macro   0x0000112c       0x35 Application/User/main.o
 .debug_macro   0x00001161       0x50 Application/User/main.o
 .debug_macro   0x000011b1      0xe66 Application/User/main.o
 .debug_macro   0x00002017    0x1a1c2 Application/User/main.o
 .debug_macro   0x0001c1d9       0x43 Application/User/main.o
 .debug_macro   0x0001c21c     0x36a8 Application/User/main.o
 .debug_macro   0x0001f8c4       0x58 Application/User/main.o
 .debug_macro   0x0001f91c       0x35 Application/User/main.o
 .debug_macro   0x0001f951       0x9c Application/User/main.o
 .debug_macro   0x0001f9ed       0x16 Application/User/main.o
 .debug_macro   0x0001fa03       0x97 Application/User/main.o
 .debug_macro   0x0001fa9a      0x330 Application/User/main.o
 .debug_macro   0x0001fdca       0xfd Application/User/main.o
 .debug_macro   0x0001fec7       0x10 Application/User/main.o
 .debug_macro   0x0001fed7       0x58 Application/User/main.o
 .debug_macro   0x0001ff2f       0x1f Application/User/main.o
 .debug_macro   0x0001ff4e       0x43 Application/User/main.o
 .debug_macro   0x0001ff91       0x20 Application/User/main.o
 .debug_macro   0x0001ffb1      0x187 Application/User/main.o
 .debug_macro   0x00020138       0x10 Application/User/main.o
 .debug_macro   0x00020148       0x1c Application/User/main.o
 .debug_macro   0x00020164       0x52 Application/User/main.o
 .debug_macro   0x000201b6       0x40 Application/User/main.o
 .debug_macro   0x000201f6       0x10 Application/User/main.o
 .debug_macro   0x00020206       0x40 Application/User/main.o
 .debug_macro   0x00020246       0xd7 Application/User/main.o
 .debug_macro   0x0002031d       0x16 Application/User/main.o
 .debug_macro   0x00020333      0x18b Application/User/main.o
 .debug_macro   0x000204be       0x50 Application/User/main.o
 .debug_macro   0x0002050e     0x1566 Application/User/main.o
 .debug_macro   0x00021a74      0x59e Application/User/main.o
 .debug_macro   0x00022012      0x148 Application/User/main.o
 .debug_macro   0x0002215a      0x18b Application/User/main.o
 .debug_macro   0x000222e5      0x26b Application/User/main.o
 .debug_macro   0x00022550      0x23a Application/User/main.o
 .debug_macro   0x0002278a      0x367 Application/User/main.o
 .debug_macro   0x00022af1       0x10 Application/User/main.o
 .debug_macro   0x00022b01       0xe4 Application/User/main.o
 .debug_macro   0x00022be5      0x202 Application/User/main.o
 .debug_macro   0x00022de7       0x61 Application/User/main.o
 .debug_macro   0x00022e48       0x90 Application/User/main.o
 .debug_macro   0x00022ed8      0x126 Application/User/main.o
 .debug_macro   0x00022ffe      0x3db Application/User/main.o
 .debug_macro   0x000233d9      0x535 Application/User/main.o
 .debug_macro   0x0002390e       0x44 Application/User/main.o
 .debug_macro   0x00023952      0x325 Application/User/main.o
 .debug_macro   0x00023c77      0x31a Application/User/stm32l4xx_hal_msp.o
 .debug_macro   0x00023f91      0x324 Application/User/stm32l4xx_it.o
 .debug_macro   0x000242b5      0x321 Drivers/CMSIS/system_stm32l4xx.o
 .debug_macro   0x000245d6      0x368 Drivers/STM32L4xx_HAL_Driver/stm32l4xx_hal.o
 .debug_macro   0x0002493e      0x31a Drivers/STM32L4xx_HAL_Driver/stm32l4xx_hal_cortex.o
 .debug_macro   0x00024c58      0x359 Drivers/STM32L4xx_HAL_Driver/stm32l4xx_hal_gpio.o
 .debug_macro   0x00024fb1      0x33e Drivers/STM32L4xx_HAL_Driver/stm32l4xx_hal_pwr_ex.o
 .debug_macro   0x000252ef      0x35c Drivers/STM32L4xx_HAL_Driver/stm32l4xx_hal_rcc.o
 .debug_macro   0x0002564b      0x350 Drivers/STM32L4xx_HAL_Driver/stm32l4xx_hal_rcc_ex.o
 .debug_macro   0x0002599b      0x343 Drivers/STM32L4xx_HAL_Driver/stm32l4xx_hal_uart.o

.debug_str      0x00000000    0xe263b
 .debug_str     0x00000000    0xe030e Application/User/main.o
                              0xe0755 (size before relaxing)
 .debug_str     0x000e030e       0xc9 Application/User/stm32l4xx_hal_msp.o
                              0xe0206 (size before relaxing)
 .debug_str     0x000e03d7      0x148 Application/User/stm32l4xx_it.o
                              0xdfc24 (size before relaxing)
 .debug_str     0x000e051f      0x105 Drivers/CMSIS/system_stm32l4xx.o
                              0xdf836 (size before relaxing)
 .debug_str     0x000e0624      0x5da Drivers/STM32L4xx_HAL_Driver/stm32l4xx_hal.o
                              0xe035f (size before relaxing)
 .debug_str     0x000e0bfe      0x352 Drivers/STM32L4xx_HAL_Driver/stm32l4xx_hal_cortex.o
                              0xe007e (size before relaxing)
 .debug_str     0x000e0f50      0x281 Drivers/STM32L4xx_HAL_Driver/stm32l4xx_hal_gpio.o
                              0xdfb11 (size before relaxing)
 .debug_str     0x000e11d1      0x4c8 Drivers/STM32L4xx_HAL_Driver/stm32l4xx_hal_pwr_ex.o
                              0xdfd4c (size before relaxing)
 .debug_str     0x000e1699      0x391 Drivers/STM32L4xx_HAL_Driver/stm32l4xx_hal_rcc.o
                              0xdfe10 (size before relaxing)
 .debug_str     0x000e1a2a      0x3d2 Drivers/STM32L4xx_HAL_Driver/stm32l4xx_hal_rcc_ex.o
                              0xdffe5 (size before relaxing)
 .debug_str     0x000e1dfc      0x83f Drivers/STM32L4xx_HAL_Driver/stm32l4xx_hal_uart.o
                              0xe055d (size before relaxing)

.comment        0x00000000       0x7f
 .comment       0x00000000       0x7f Application/User/main.o
                                 0x80 (size before relaxing)
 .comment       0x0000007f       0x80 Application/User/stm32l4xx_hal_msp.o
 .comment       0x0000007f       0x80 Application/User/stm32l4xx_it.o
 .comment       0x0000007f       0x80 Drivers/CMSIS/system_stm32l4xx.o
 .comment       0x0000007f       0x80 Drivers/STM32L4xx_HAL_Driver/stm32l4xx_hal.o
 .comment       0x0000007f       0x80 Drivers/STM32L4xx_HAL_Driver/stm32l4xx_hal_cortex.o
 .comment       0x0000007f       0x80 Drivers/STM32L4xx_HAL_Driver/stm32l4xx_hal_gpio.o
 .comment       0x0000007f       0x80 Drivers/STM32L4xx_HAL_Driver/stm32l4xx_hal_pwr_ex.o
 .comment       0x0000007f       0x80 Drivers/STM32L4xx_HAL_Driver/stm32l4xx_hal_rcc.o
 .comment       0x0000007f       0x80 Drivers/STM32L4xx_HAL_Driver/stm32l4xx_hal_rcc_ex.o
 .comment       0x0000007f       0x80 Drivers/STM32L4xx_HAL_Driver/stm32l4xx_hal_uart.o

.debug_frame    0x00000000     0x1284
 .debug_frame   0x00000000       0xcc Application/User/main.o
 .debug_frame   0x000000cc       0x60 Application/User/stm32l4xx_hal_msp.o
 .debug_frame   0x0000012c       0xe0 Application/User/stm32l4xx_it.o
 .debug_frame   0x0000020c       0x30 Drivers/CMSIS/system_stm32l4xx.o
 .debug_frame   0x0000023c      0x23c Drivers/STM32L4xx_HAL_Driver/stm32l4xx_hal.o
 .debug_frame   0x00000478      0x15c Drivers/STM32L4xx_HAL_Driver/stm32l4xx_hal_cortex.o
 .debug_frame   0x000005d4       0xd0 Drivers/STM32L4xx_HAL_Driver/stm32l4xx_hal_gpio.o
 .debug_frame   0x000006a4      0x278 Drivers/STM32L4xx_HAL_Driver/stm32l4xx_hal_pwr_ex.o
 .debug_frame   0x0000091c      0x160 Drivers/STM32L4xx_HAL_Driver/stm32l4xx_hal_rcc.o
 .debug_frame   0x00000a7c      0x1f4 Drivers/STM32L4xx_HAL_Driver/stm32l4xx_hal_rcc_ex.o
 .debug_frame   0x00000c70      0x588 Drivers/STM32L4xx_HAL_Driver/stm32l4xx_hal_uart.o
 .debug_frame   0x000011f8       0x2c c:/ac6/systemworkbench/plugins/fr.ac6.mcu.externaltools.arm-none.win32_1.15.0.201708311556/tools/compiler/bin/../lib/gcc/arm-none-eabi/6.3.1/thumb/v7e-m/fpv4-sp/hard\libgcc.a(_aeabi_uldivmod.o)
 .debug_frame   0x00001224       0x34 c:/ac6/systemworkbench/plugins/fr.ac6.mcu.externaltools.arm-none.win32_1.15.0.201708311556/tools/compiler/bin/../lib/gcc/arm-none-eabi/6.3.1/thumb/v7e-m/fpv4-sp/hard\libgcc.a(_udivmoddi4.o)
 .debug_frame   0x00001258       0x2c c:/ac6/systemworkbench/plugins/fr.ac6.mcu.externaltools.arm-none.win32_1.15.0.201708311556/tools/compiler/bin/../lib/gcc/arm-none-eabi/6.3.1/../../../../arm-none-eabi/lib/thumb/v7e-m/fpv4-sp/hard\libc_nano.a(lib_a-init.o)
