13:32:43 **** Incremental Build of configuration Debug for project Minimal ****
make -j4 all 
Building file: ../src/main.c
Invoking: MCU GCC Compiler
Building file: ../HAL_Driver/Src/stm32l4xx_hal_timebase_tim_template.c
C:\Users\Simon Lindell\Desktop\Development\NEW\Projects\JanHorcicka3\Minimal\Debug
Invoking: MCU GCC Compiler
arm-none-eabi-gcc -mcpu=cortex-m4 -mthumb -mfloat-abi=hard -mfpu=fpv4-sp-d16 -DSTM32 -DSTM32L4 -DSTM32L476RGTx -DNUCLEO_L476RG -DDEBUG -DSTM32L476xx -DUSE_HAL_DRIVER -I"C:/Users/Simon Lindell/Desktop/Development/NEW/Projects/JanHorcicka3/Minimal/HAL_Driver/Inc/Legacy" -I"C:/Users/Simon Lindell/Desktop/Development/NEW/Projects/JanHorcicka3/Minimal/inc" -I"C:/Users/Simon Lindell/Desktop/Development/NEW/Projects/JanHorcicka3/Minimal/CMSIS/device" -I"C:/Users/Simon Lindell/Desktop/Development/NEW/Projects/JanHorcicka3/Minimal/CMSIS/core" -I"C:/Users/Simon Lindell/Desktop/Development/NEW/Projects/JanHorcicka3/Minimal/HAL_Driver/Inc" -I"C:/Users/Simon Lindell/Desktop/Development/NEW/Projects/JanHorcicka3/Minimal/Utilities/STM32L4xx_Nucleo" -O0 -g3 -Wall -fmessage-length=0 -ffunction-sections -c -MMD -MP -MF"src/main.d" -MT"src/main.o" -o "src/main.o" "../src/main.c"
C:\Users\Simon Lindell\Desktop\Development\NEW\Projects\JanHorcicka3\Minimal\Debug
arm-none-eabi-gcc -mcpu=cortex-m4 -mthumb -mfloat-abi=hard -mfpu=fpv4-sp-d16 -DSTM32 -DSTM32L4 -DSTM32L476RGTx -DNUCLEO_L476RG -DDEBUG -DSTM32L476xx -DUSE_HAL_DRIVER -I"C:/Users/Simon Lindell/Desktop/Development/NEW/Projects/JanHorcicka3/Minimal/HAL_Driver/Inc/Legacy" -I"C:/Users/Simon Lindell/Desktop/Development/NEW/Projects/JanHorcicka3/Minimal/inc" -I"C:/Users/Simon Lindell/Desktop/Development/NEW/Projects/JanHorcicka3/Minimal/CMSIS/device" -I"C:/Users/Simon Lindell/Desktop/Development/NEW/Projects/JanHorcicka3/Minimal/CMSIS/core" -I"C:/Users/Simon Lindell/Desktop/Development/NEW/Projects/JanHorcicka3/Minimal/HAL_Driver/Inc" -I"C:/Users/Simon Lindell/Desktop/Development/NEW/Projects/JanHorcicka3/Minimal/Utilities/STM32L4xx_Nucleo" -O0 -g3 -Wall -fmessage-length=0 -ffunction-sections -c -MMD -MP -MF"HAL_Driver/Src/stm32l4xx_hal_timebase_tim_template.d" -MT"HAL_Driver/Src/stm32l4xx_hal_timebase_tim_template.o" -o "HAL_Driver/Src/stm32l4xx_hal_timebase_tim_template.o" "../HAL_Driver/Src/stm32l4xx_hal_timebase_tim_template.c"
Finished building: ../HAL_Driver/Src/stm32l4xx_hal_timebase_tim_template.c
Finished building: ../src/main.c
 
 
Building target: Minimal.elf
Invoking: MCU GCC Linker
arm-none-eabi-gcc -mcpu=cortex-m4 -mthumb -mfloat-abi=hard -mfpu=fpv4-sp-d16 -T"C:\Users\Simon Lindell\Desktop\Development\NEW\Projects\JanHorcicka3\Minimal\LinkerScript.ld" -Wl,-Map=output.map -Wl,--gc-sections -o "Minimal.elf" @"objects.list"   -lm
Finished building target: Minimal.elf
 
make --no-print-directory post-build
Generating binary and Printing size information:
arm-none-eabi-objcopy -O binary "Minimal.elf" "Minimal.bin"
arm-none-eabi-size "Minimal.elf"
   text	   data	    bss	    dec	    hex	filename
   8192	   1096	   1736	  11024	   2b10	Minimal.elf
 
13:32:57 **** Incremental Build of configuration Debug for project Minimal ****
make -j4 all 
make: Nothing to be done for 'all'.
