09:03:34 **** Incremental Build of configuration Debug for project SideProject1 ****
make all 
Building file: ../Src/UART_Handler.c
Invoking: MCU GCC Compiler
C:\Users\phiwersports\Desktop\Projects\kod från emir\STM_CUBE_GENERATIONS\uart_siriffo\SideProject1\Debug
arm-none-eabi-gcc -mcpu=cortex-m4 -mthumb -mfloat-abi=hard -mfpu=fpv4-sp-d16 '-D__weak=__attribute__((weak))' '-D__packed=__attribute__((__packed__))' -DUSE_HAL_DRIVER -DSTM32L476xx -I"C:/Users/phiwersports/Desktop/Projects/kod från emir/STM_CUBE_GENERATIONS/uart_siriffo/SideProject1/Inc" -I"C:/Users/phiwersports/Desktop/Projects/kod från emir/STM_CUBE_GENERATIONS/uart_siriffo/SideProject1/Drivers/STM32L4xx_HAL_Driver/Inc" -I"C:/Users/phiwersports/Desktop/Projects/kod från emir/STM_CUBE_GENERATIONS/uart_siriffo/SideProject1/Drivers/STM32L4xx_HAL_Driver/Inc/Legacy" -I"C:/Users/phiwersports/Desktop/Projects/kod från emir/STM_CUBE_GENERATIONS/uart_siriffo/SideProject1/Drivers/CMSIS/Device/ST/STM32L4xx/Include" -I"C:/Users/phiwersports/Desktop/Projects/kod från emir/STM_CUBE_GENERATIONS/uart_siriffo/SideProject1/Drivers/CMSIS/Include"  -Og -g3 -Wall -fmessage-length=0 -ffunction-sections -c -fmessage-length=0 -MMD -MP -MF"Src/UART_Handler.d" -MT"Src/UART_Handler.o" -o "Src/UART_Handler.o" "../Src/UART_Handler.c"
../Src/UART_Handler.c: In function 'uartCommsHandler':
../Src/UART_Handler.c:50:19: warning: passing argument 1 of 'copyString' makes pointer from integer without a cast [-Wint-conversion]
       copyString( *txBuffer, *rxBuffer);
                   ^
In file included from ../Src/UART_Handler.c:1:0:
C:/Users/phiwersports/Desktop/Projects/kod från emir/STM_CUBE_GENERATIONS/uart_siriffo/SideProject1/Inc/string.h:10:6: note: expected 'uint8_t * {aka unsigned char *}' but argument is of type 'uint8_t {aka unsigned char}'
 void copyString(uint8_t *pBuffO, uint8_t *pBuffC);
      ^~~~~~~~~~
../Src/UART_Handler.c:50:30: warning: passing argument 2 of 'copyString' makes pointer from integer without a cast [-Wint-conversion]
       copyString( *txBuffer, *rxBuffer);
                              ^
In file included from ../Src/UART_Handler.c:1:0:
C:/Users/phiwersports/Desktop/Projects/kod från emir/STM_CUBE_GENERATIONS/uart_siriffo/SideProject1/Inc/string.h:10:6: note: expected 'uint8_t * {aka unsigned char *}' but argument is of type 'uint8_t {aka unsigned char}'
 void copyString(uint8_t *pBuffO, uint8_t *pBuffC);
      ^~~~~~~~~~
Finished building: ../Src/UART_Handler.c
 
Building file: ../Src/main.c
Invoking: MCU GCC Compiler
C:\Users\phiwersports\Desktop\Projects\kod från emir\STM_CUBE_GENERATIONS\uart_siriffo\SideProject1\Debug
arm-none-eabi-gcc -mcpu=cortex-m4 -mthumb -mfloat-abi=hard -mfpu=fpv4-sp-d16 '-D__weak=__attribute__((weak))' '-D__packed=__attribute__((__packed__))' -DUSE_HAL_DRIVER -DSTM32L476xx -I"C:/Users/phiwersports/Desktop/Projects/kod från emir/STM_CUBE_GENERATIONS/uart_siriffo/SideProject1/Inc" -I"C:/Users/phiwersports/Desktop/Projects/kod från emir/STM_CUBE_GENERATIONS/uart_siriffo/SideProject1/Drivers/STM32L4xx_HAL_Driver/Inc" -I"C:/Users/phiwersports/Desktop/Projects/kod från emir/STM_CUBE_GENERATIONS/uart_siriffo/SideProject1/Drivers/STM32L4xx_HAL_Driver/Inc/Legacy" -I"C:/Users/phiwersports/Desktop/Projects/kod från emir/STM_CUBE_GENERATIONS/uart_siriffo/SideProject1/Drivers/CMSIS/Device/ST/STM32L4xx/Include" -I"C:/Users/phiwersports/Desktop/Projects/kod från emir/STM_CUBE_GENERATIONS/uart_siriffo/SideProject1/Drivers/CMSIS/Include"  -Og -g3 -Wall -fmessage-length=0 -ffunction-sections -c -fmessage-length=0 -MMD -MP -MF"Src/main.d" -MT"Src/main.o" -o "Src/main.o" "../Src/main.c"
Finished building: ../Src/main.c
 
Building target: SideProject1.elf
Invoking: MCU GCC Linker
arm-none-eabi-gcc -mcpu=cortex-m4 -mthumb -mfloat-abi=hard -mfpu=fpv4-sp-d16 -specs=nosys.specs -specs=nano.specs -T"../STM32L476RGTx_FLASH.ld" -Wl,-Map=output.map -Wl,--gc-sections -o "SideProject1.elf" @"objects.list"   -lm
Finished building target: SideProject1.elf
 
make --no-print-directory post-build
Generating binary and Printing size information:
arm-none-eabi-objcopy -O binary "SideProject1.elf" "SideProject1.bin"
arm-none-eabi-size "SideProject1.elf"
   text	   data	    bss	    dec	    hex	filename
  11704	     24	   1808	  13536	   34e0	SideProject1.elf
 
09:06:33 **** Incremental Build of configuration Debug for project SideProject1 ****
make all 
make: Nothing to be done for 'all'.
09:08:04 **** Incremental Build of configuration Debug for project SideProject1 ****
make all 
make: Nothing to be done for 'all'.
09:10:34 **** Incremental Build of configuration Debug for project SideProject1 ****
make all 
make: Nothing to be done for 'all'.
