10:49:25 **** Incremental Build of configuration Debug for project adc ****
make all 
Building file: C:/Users/phiwersports/Desktop/Projects/Generated code/adc/adc/Src/main.c
Invoking: MCU GCC Compiler
C:\Users\phiwersports\Desktop\Projects\Generated code\adc\adc\SW4STM32\adc\Debug
arm-none-eabi-gcc -mcpu=cortex-m4 -mthumb -mfloat-abi=hard -mfpu=fpv4-sp-d16 '-D__weak=__attribute__((weak))' '-D__packed=__attribute__((__packed__))' -DUSE_HAL_DRIVER -DSTM32L476xx -I"C:/Users/phiwersports/Desktop/Projects/Generated code/adc/adc/Inc" -I"C:/Users/phiwersports/Desktop/Projects/Generated code/adc/adc/Drivers/STM32L4xx_HAL_Driver/Inc" -I"C:/Users/phiwersports/Desktop/Projects/Generated code/adc/adc/Drivers/STM32L4xx_HAL_Driver/Inc/Legacy" -I"C:/Users/phiwersports/Desktop/Projects/Generated code/adc/adc/Drivers/CMSIS/Device/ST/STM32L4xx/Include" -I"C:/Users/phiwersports/Desktop/Projects/Generated code/adc/adc/Drivers/CMSIS/Include"  -Og -g3 -Wall -fmessage-length=0 -ffunction-sections -c -fmessage-length=0 -MMD -MP -MF"Application/User/main.d" -MT"Application/User/main.o" -o "Application/User/main.o" "C:/Users/phiwersports/Desktop/Projects/Generated code/adc/adc/Src/main.c"
Finished building: C:/Users/phiwersports/Desktop/Projects/Generated code/adc/adc/Src/main.c
 
Building target: adc.elf
Invoking: MCU GCC Linker
arm-none-eabi-gcc -mcpu=cortex-m4 -mthumb -mfloat-abi=hard -mfpu=fpv4-sp-d16 -specs=nosys.specs -specs=nano.specs -T"../STM32L476RGTx_FLASH.ld" -Wl,-Map=output.map -Wl,--gc-sections -o "adc.elf" @"objects.list"   -lm
Finished building target: adc.elf
 
make --no-print-directory post-build
Generating binary and Printing size information:
arm-none-eabi-objcopy -O binary "adc.elf" "adc.bin"
arm-none-eabi-size "adc.elf"
   text	   data	    bss	    dec	    hex	filename
  10224	     24	   1680	  11928	   2e98	adc.elf
 

10:49:27 Build Finished (took 1s.792ms)

