09:31:03 **** Incremental Build of configuration Debug for project uart ****
make all 
make: Nothing to be done for 'all'.
09:31:16 **** Incremental Build of configuration Debug for project uart ****
make all 
Building file: C:/Users/phiwersports/Desktop/Projects/Generated code/uart/uart/Src/main.c
Invoking: MCU GCC Compiler
C:\Users\phiwersports\Desktop\Projects\Generated code\uart\uart\SW4STM32\uart\Debug
arm-none-eabi-gcc -mcpu=cortex-m4 -mthumb -mfloat-abi=hard -mfpu=fpv4-sp-d16 '-D__weak=__attribute__((weak))' '-D__packed=__attribute__((__packed__))' -DUSE_HAL_DRIVER -DSTM32L476xx -I"C:/Users/phiwersports/Desktop/Projects/Generated code/uart/uart/Inc" -I"C:/Users/phiwersports/Desktop/Projects/Generated code/uart/uart/Drivers/STM32L4xx_HAL_Driver/Inc" -I"C:/Users/phiwersports/Desktop/Projects/Generated code/uart/uart/Drivers/STM32L4xx_HAL_Driver/Inc/Legacy" -I"C:/Users/phiwersports/Desktop/Projects/Generated code/uart/uart/Drivers/CMSIS/Device/ST/STM32L4xx/Include" -I"C:/Users/phiwersports/Desktop/Projects/Generated code/uart/uart/Drivers/CMSIS/Include" -I"C:/Users/phiwersports/Desktop/Projects/Generated code/uart/uart/Inc"  -Og -g3 -Wall -fmessage-length=0 -ffunction-sections -c -fmessage-length=0 -MMD -MP -MF"Application/User/main.d" -MT"Application/User/main.o" -o "Application/User/main.o" "C:/Users/phiwersports/Desktop/Projects/Generated code/uart/uart/Src/main.c"
C:/Users/phiwersports/Desktop/Projects/Generated code/uart/uart/Src/main.c: In function 'main':
C:/Users/phiwersports/Desktop/Projects/Generated code/uart/uart/Src/main.c:144:32: warning: pointer targets in passing argument 2 of 'HAL_UART_Transmit_IT' differ in signedness [-Wpointer-sign]
   HAL_UART_Transmit_IT(&huart2,tx_buff,10);
                                ^~~~~~~
In file included from C:/Users/phiwersports/Desktop/Projects/Generated code/uart/uart/Inc/stm32l4xx_hal_conf.h:376:0,
                 from C:/Users/phiwersports/Desktop/Projects/Generated code/uart/uart/Drivers/STM32L4xx_HAL_Driver/Inc/stm32l4xx_hal.h:46,
                 from C:/Users/phiwersports/Desktop/Projects/Generated code/uart/uart/Src/main.c:40:
C:/Users/phiwersports/Desktop/Projects/Generated code/uart/uart/Drivers/STM32L4xx_HAL_Driver/Inc/stm32l4xx_hal_uart.h:1549:19: note: expected 'uint8_t * {aka unsigned char *}' but argument is of type 'char *'
 HAL_StatusTypeDef HAL_UART_Transmit_IT(UART_HandleTypeDef *huart, uint8_t *pData, uint16_t Size);
                   ^~~~~~~~~~~~~~~~~~~~
C:/Users/phiwersports/Desktop/Projects/Generated code/uart/uart/Src/main.c: In function 'HAL_UART_RxCpltCallback':
C:/Users/phiwersports/Desktop/Projects/Generated code/uart/uart/Src/main.c:350:48: warning: implicit declaration of function 'strlen' [-Wimplicit-function-declaration]
    HAL_UART_Transmit(&huart2,(uint8_t *)rxData,strlen(rxData),10);
                                                ^~~~~~
C:/Users/phiwersports/Desktop/Projects/Generated code/uart/uart/Src/main.c:350:48: warning: incompatible implicit declaration of built-in function 'strlen'
C:/Users/phiwersports/Desktop/Projects/Generated code/uart/uart/Src/main.c:350:48: note: include '<string.h>' or provide a declaration of 'strlen'
C:/Users/phiwersports/Desktop/Projects/Generated code/uart/uart/Src/main.c: In function '_Error_Handler':
C:/Users/phiwersports/Desktop/Projects/Generated code/uart/uart/Src/main.c:372:38: warning: incompatible implicit declaration of built-in function 'strlen'
    HAL_UART_Transmit(&huart2,"error",strlen("error"),10);
                                      ^~~~~~
C:/Users/phiwersports/Desktop/Projects/Generated code/uart/uart/Src/main.c:372:38: note: include '<string.h>' or provide a declaration of 'strlen'
C:/Users/phiwersports/Desktop/Projects/Generated code/uart/uart/Src/main.c:372:30: warning: pointer targets in passing argument 2 of 'HAL_UART_Transmit' differ in signedness [-Wpointer-sign]
    HAL_UART_Transmit(&huart2,"error",strlen("error"),10);
                              ^~~~~~~
In file included from C:/Users/phiwersports/Desktop/Projects/Generated code/uart/uart/Inc/stm32l4xx_hal_conf.h:376:0,
                 from C:/Users/phiwersports/Desktop/Projects/Generated code/uart/uart/Drivers/STM32L4xx_HAL_Driver/Inc/stm32l4xx_hal.h:46,
                 from C:/Users/phiwersports/Desktop/Projects/Generated code/uart/uart/Src/main.c:40:
C:/Users/phiwersports/Desktop/Projects/Generated code/uart/uart/Drivers/STM32L4xx_HAL_Driver/Inc/stm32l4xx_hal_uart.h:1547:19: note: expected 'uint8_t * {aka unsigned char *}' but argument is of type 'char *'
 HAL_StatusTypeDef HAL_UART_Transmit(UART_HandleTypeDef *huart, uint8_t *pData, uint16_t Size, uint32_t Timeout);
                   ^~~~~~~~~~~~~~~~~
Finished building: C:/Users/phiwersports/Desktop/Projects/Generated code/uart/uart/Src/main.c
 
Building file: C:/Users/phiwersports/Desktop/Projects/Generated code/uart/uart/Src/stm32l4xx_it.c
Invoking: MCU GCC Compiler
C:\Users\phiwersports\Desktop\Projects\Generated code\uart\uart\SW4STM32\uart\Debug
arm-none-eabi-gcc -mcpu=cortex-m4 -mthumb -mfloat-abi=hard -mfpu=fpv4-sp-d16 '-D__weak=__attribute__((weak))' '-D__packed=__attribute__((__packed__))' -DUSE_HAL_DRIVER -DSTM32L476xx -I"C:/Users/phiwersports/Desktop/Projects/Generated code/uart/uart/Inc" -I"C:/Users/phiwersports/Desktop/Projects/Generated code/uart/uart/Drivers/STM32L4xx_HAL_Driver/Inc" -I"C:/Users/phiwersports/Desktop/Projects/Generated code/uart/uart/Drivers/STM32L4xx_HAL_Driver/Inc/Legacy" -I"C:/Users/phiwersports/Desktop/Projects/Generated code/uart/uart/Drivers/CMSIS/Device/ST/STM32L4xx/Include" -I"C:/Users/phiwersports/Desktop/Projects/Generated code/uart/uart/Drivers/CMSIS/Include" -I"C:/Users/phiwersports/Desktop/Projects/Generated code/uart/uart/Inc"  -Og -g3 -Wall -fmessage-length=0 -ffunction-sections -c -fmessage-length=0 -MMD -MP -MF"Application/User/stm32l4xx_it.d" -MT"Application/User/stm32l4xx_it.o" -o "Application/User/stm32l4xx_it.o" "C:/Users/phiwersports/Desktop/Projects/Generated code/uart/uart/Src/stm32l4xx_it.c"
Finished building: C:/Users/phiwersports/Desktop/Projects/Generated code/uart/uart/Src/stm32l4xx_it.c
 
Building target: uart.elf
Invoking: MCU GCC Linker
arm-none-eabi-gcc -mcpu=cortex-m4 -mthumb -mfloat-abi=hard -mfpu=fpv4-sp-d16 -specs=nosys.specs -specs=nano.specs -T"../STM32L476RGTx_FLASH.ld" -Wl,-Map=output.map -Wl,--gc-sections -o "uart.elf" @"objects.list"   -lm
Finished building target: uart.elf
 
make --no-print-directory post-build
Generating binary and Printing size information:
arm-none-eabi-objcopy -O binary "uart.elf" "uart.bin"
arm-none-eabi-size "uart.elf"
   text	   data	    bss	    dec	    hex	filename
  10296	     24	   1720	  12040	   2f08	uart.elf
 
09:33:04 **** Incremental Build of configuration Debug for project uart ****
make all 
Building file: C:/Users/phiwersports/Desktop/Projects/Generated code/uart/uart/Src/main.c
Invoking: MCU GCC Compiler
C:\Users\phiwersports\Desktop\Projects\Generated code\uart\uart\SW4STM32\uart\Debug
arm-none-eabi-gcc -mcpu=cortex-m4 -mthumb -mfloat-abi=hard -mfpu=fpv4-sp-d16 '-D__weak=__attribute__((weak))' '-D__packed=__attribute__((__packed__))' -DUSE_HAL_DRIVER -DSTM32L476xx -I"C:/Users/phiwersports/Desktop/Projects/Generated code/uart/uart/Inc" -I"C:/Users/phiwersports/Desktop/Projects/Generated code/uart/uart/Drivers/STM32L4xx_HAL_Driver/Inc" -I"C:/Users/phiwersports/Desktop/Projects/Generated code/uart/uart/Drivers/STM32L4xx_HAL_Driver/Inc/Legacy" -I"C:/Users/phiwersports/Desktop/Projects/Generated code/uart/uart/Drivers/CMSIS/Device/ST/STM32L4xx/Include" -I"C:/Users/phiwersports/Desktop/Projects/Generated code/uart/uart/Drivers/CMSIS/Include" -I"C:/Users/phiwersports/Desktop/Projects/Generated code/uart/uart/Inc"  -Og -g3 -Wall -fmessage-length=0 -ffunction-sections -c -fmessage-length=0 -MMD -MP -MF"Application/User/main.d" -MT"Application/User/main.o" -o "Application/User/main.o" "C:/Users/phiwersports/Desktop/Projects/Generated code/uart/uart/Src/main.c"
C:/Users/phiwersports/Desktop/Projects/Generated code/uart/uart/Src/main.c: In function 'main':
C:/Users/phiwersports/Desktop/Projects/Generated code/uart/uart/Src/main.c:144:32: warning: pointer targets in passing argument 2 of 'HAL_UART_Transmit_IT' differ in signedness [-Wpointer-sign]
   HAL_UART_Transmit_IT(&huart2,tx_buff,10);
                                ^~~~~~~
In file included from C:/Users/phiwersports/Desktop/Projects/Generated code/uart/uart/Inc/stm32l4xx_hal_conf.h:376:0,
                 from C:/Users/phiwersports/Desktop/Projects/Generated code/uart/uart/Drivers/STM32L4xx_HAL_Driver/Inc/stm32l4xx_hal.h:46,
                 from C:/Users/phiwersports/Desktop/Projects/Generated code/uart/uart/Src/main.c:40:
C:/Users/phiwersports/Desktop/Projects/Generated code/uart/uart/Drivers/STM32L4xx_HAL_Driver/Inc/stm32l4xx_hal_uart.h:1549:19: note: expected 'uint8_t * {aka unsigned char *}' but argument is of type 'char *'
 HAL_StatusTypeDef HAL_UART_Transmit_IT(UART_HandleTypeDef *huart, uint8_t *pData, uint16_t Size);
                   ^~~~~~~~~~~~~~~~~~~~
C:/Users/phiwersports/Desktop/Projects/Generated code/uart/uart/Src/main.c:145:31: warning: pointer targets in passing argument 2 of 'HAL_UART_Receive_IT' differ in signedness [-Wpointer-sign]
   HAL_UART_Receive_IT(&huart2,rxData,30);
                               ^~~~~~
In file included from C:/Users/phiwersports/Desktop/Projects/Generated code/uart/uart/Inc/stm32l4xx_hal_conf.h:376:0,
                 from C:/Users/phiwersports/Desktop/Projects/Generated code/uart/uart/Drivers/STM32L4xx_HAL_Driver/Inc/stm32l4xx_hal.h:46,
                 from C:/Users/phiwersports/Desktop/Projects/Generated code/uart/uart/Src/main.c:40:
C:/Users/phiwersports/Desktop/Projects/Generated code/uart/uart/Drivers/STM32L4xx_HAL_Driver/Inc/stm32l4xx_hal_uart.h:1550:19: note: expected 'uint8_t * {aka unsigned char *}' but argument is of type 'char *'
 HAL_StatusTypeDef HAL_UART_Receive_IT(UART_HandleTypeDef *huart, uint8_t *pData, uint16_t Size);
                   ^~~~~~~~~~~~~~~~~~~
C:/Users/phiwersports/Desktop/Projects/Generated code/uart/uart/Src/main.c: In function 'HAL_UART_RxCpltCallback':
C:/Users/phiwersports/Desktop/Projects/Generated code/uart/uart/Src/main.c:351:48: warning: implicit declaration of function 'strlen' [-Wimplicit-function-declaration]
    HAL_UART_Transmit(&huart2,(uint8_t *)rxData,strlen(rxData),10);
                                                ^~~~~~
C:/Users/phiwersports/Desktop/Projects/Generated code/uart/uart/Src/main.c:351:48: warning: incompatible implicit declaration of built-in function 'strlen'
C:/Users/phiwersports/Desktop/Projects/Generated code/uart/uart/Src/main.c:351:48: note: include '<string.h>' or provide a declaration of 'strlen'
C:/Users/phiwersports/Desktop/Projects/Generated code/uart/uart/Src/main.c: In function '_Error_Handler':
C:/Users/phiwersports/Desktop/Projects/Generated code/uart/uart/Src/main.c:373:38: warning: incompatible implicit declaration of built-in function 'strlen'
    HAL_UART_Transmit(&huart2,"error",strlen("error"),10);
                                      ^~~~~~
C:/Users/phiwersports/Desktop/Projects/Generated code/uart/uart/Src/main.c:373:38: note: include '<string.h>' or provide a declaration of 'strlen'
C:/Users/phiwersports/Desktop/Projects/Generated code/uart/uart/Src/main.c:373:30: warning: pointer targets in passing argument 2 of 'HAL_UART_Transmit' differ in signedness [-Wpointer-sign]
    HAL_UART_Transmit(&huart2,"error",strlen("error"),10);
                              ^~~~~~~
In file included from C:/Users/phiwersports/Desktop/Projects/Generated code/uart/uart/Inc/stm32l4xx_hal_conf.h:376:0,
                 from C:/Users/phiwersports/Desktop/Projects/Generated code/uart/uart/Drivers/STM32L4xx_HAL_Driver/Inc/stm32l4xx_hal.h:46,
                 from C:/Users/phiwersports/Desktop/Projects/Generated code/uart/uart/Src/main.c:40:
C:/Users/phiwersports/Desktop/Projects/Generated code/uart/uart/Drivers/STM32L4xx_HAL_Driver/Inc/stm32l4xx_hal_uart.h:1547:19: note: expected 'uint8_t * {aka unsigned char *}' but argument is of type 'char *'
 HAL_StatusTypeDef HAL_UART_Transmit(UART_HandleTypeDef *huart, uint8_t *pData, uint16_t Size, uint32_t Timeout);
                   ^~~~~~~~~~~~~~~~~
Finished building: C:/Users/phiwersports/Desktop/Projects/Generated code/uart/uart/Src/main.c
 
Building target: uart.elf
Invoking: MCU GCC Linker
arm-none-eabi-gcc -mcpu=cortex-m4 -mthumb -mfloat-abi=hard -mfpu=fpv4-sp-d16 -specs=nosys.specs -specs=nano.specs -T"../STM32L476RGTx_FLASH.ld" -Wl,-Map=output.map -Wl,--gc-sections -o "uart.elf" @"objects.list"   -lm
Finished building target: uart.elf
 
make --no-print-directory post-build
Generating binary and Printing size information:
arm-none-eabi-objcopy -O binary "uart.elf" "uart.bin"
arm-none-eabi-size "uart.elf"
   text	   data	    bss	    dec	    hex	filename
  10768	     24	   1720	  12512	   30e0	uart.elf
 
09:33:53 **** Incremental Build of configuration Debug for project uart ****
make all 
Building file: C:/Users/phiwersports/Desktop/Projects/Generated code/uart/uart/Src/main.c
Invoking: MCU GCC Compiler
C:\Users\phiwersports\Desktop\Projects\Generated code\uart\uart\SW4STM32\uart\Debug
arm-none-eabi-gcc -mcpu=cortex-m4 -mthumb -mfloat-abi=hard -mfpu=fpv4-sp-d16 '-D__weak=__attribute__((weak))' '-D__packed=__attribute__((__packed__))' -DUSE_HAL_DRIVER -DSTM32L476xx -I"C:/Users/phiwersports/Desktop/Projects/Generated code/uart/uart/Inc" -I"C:/Users/phiwersports/Desktop/Projects/Generated code/uart/uart/Drivers/STM32L4xx_HAL_Driver/Inc" -I"C:/Users/phiwersports/Desktop/Projects/Generated code/uart/uart/Drivers/STM32L4xx_HAL_Driver/Inc/Legacy" -I"C:/Users/phiwersports/Desktop/Projects/Generated code/uart/uart/Drivers/CMSIS/Device/ST/STM32L4xx/Include" -I"C:/Users/phiwersports/Desktop/Projects/Generated code/uart/uart/Drivers/CMSIS/Include" -I"C:/Users/phiwersports/Desktop/Projects/Generated code/uart/uart/Inc"  -Og -g3 -Wall -fmessage-length=0 -ffunction-sections -c -fmessage-length=0 -MMD -MP -MF"Application/User/main.d" -MT"Application/User/main.o" -o "Application/User/main.o" "C:/Users/phiwersports/Desktop/Projects/Generated code/uart/uart/Src/main.c"
C:/Users/phiwersports/Desktop/Projects/Generated code/uart/uart/Src/main.c: In function 'main':
C:/Users/phiwersports/Desktop/Projects/Generated code/uart/uart/Src/main.c:144:32: warning: pointer targets in passing argument 2 of 'HAL_UART_Transmit_IT' differ in signedness [-Wpointer-sign]
   HAL_UART_Transmit_IT(&huart2,tx_buff,10);
                                ^~~~~~~
In file included from C:/Users/phiwersports/Desktop/Projects/Generated code/uart/uart/Inc/stm32l4xx_hal_conf.h:376:0,
                 from C:/Users/phiwersports/Desktop/Projects/Generated code/uart/uart/Drivers/STM32L4xx_HAL_Driver/Inc/stm32l4xx_hal.h:46,
                 from C:/Users/phiwersports/Desktop/Projects/Generated code/uart/uart/Src/main.c:40:
C:/Users/phiwersports/Desktop/Projects/Generated code/uart/uart/Drivers/STM32L4xx_HAL_Driver/Inc/stm32l4xx_hal_uart.h:1549:19: note: expected 'uint8_t * {aka unsigned char *}' but argument is of type 'char *'
 HAL_StatusTypeDef HAL_UART_Transmit_IT(UART_HandleTypeDef *huart, uint8_t *pData, uint16_t Size);
                   ^~~~~~~~~~~~~~~~~~~~
C:/Users/phiwersports/Desktop/Projects/Generated code/uart/uart/Src/main.c:145:31: warning: pointer targets in passing argument 2 of 'HAL_UART_Receive_IT' differ in signedness [-Wpointer-sign]
   HAL_UART_Receive_IT(&huart2,rxData,30);
                               ^~~~~~
In file included from C:/Users/phiwersports/Desktop/Projects/Generated code/uart/uart/Inc/stm32l4xx_hal_conf.h:376:0,
                 from C:/Users/phiwersports/Desktop/Projects/Generated code/uart/uart/Drivers/STM32L4xx_HAL_Driver/Inc/stm32l4xx_hal.h:46,
                 from C:/Users/phiwersports/Desktop/Projects/Generated code/uart/uart/Src/main.c:40:
C:/Users/phiwersports/Desktop/Projects/Generated code/uart/uart/Drivers/STM32L4xx_HAL_Driver/Inc/stm32l4xx_hal_uart.h:1550:19: note: expected 'uint8_t * {aka unsigned char *}' but argument is of type 'char *'
 HAL_StatusTypeDef HAL_UART_Receive_IT(UART_HandleTypeDef *huart, uint8_t *pData, uint16_t Size);
                   ^~~~~~~~~~~~~~~~~~~
C:/Users/phiwersports/Desktop/Projects/Generated code/uart/uart/Src/main.c: In function 'HAL_UART_RxCpltCallback':
C:/Users/phiwersports/Desktop/Projects/Generated code/uart/uart/Src/main.c:352:48: warning: implicit declaration of function 'strlen' [-Wimplicit-function-declaration]
    HAL_UART_Transmit(&huart2,(uint8_t *)rxData,strlen(rxData),10);
                                                ^~~~~~
C:/Users/phiwersports/Desktop/Projects/Generated code/uart/uart/Src/main.c:352:48: warning: incompatible implicit declaration of built-in function 'strlen'
C:/Users/phiwersports/Desktop/Projects/Generated code/uart/uart/Src/main.c:352:48: note: include '<string.h>' or provide a declaration of 'strlen'
C:/Users/phiwersports/Desktop/Projects/Generated code/uart/uart/Src/main.c: In function '_Error_Handler':
C:/Users/phiwersports/Desktop/Projects/Generated code/uart/uart/Src/main.c:374:38: warning: incompatible implicit declaration of built-in function 'strlen'
    HAL_UART_Transmit(&huart2,"error",strlen("error"),10);
                                      ^~~~~~
C:/Users/phiwersports/Desktop/Projects/Generated code/uart/uart/Src/main.c:374:38: note: include '<string.h>' or provide a declaration of 'strlen'
C:/Users/phiwersports/Desktop/Projects/Generated code/uart/uart/Src/main.c:374:30: warning: pointer targets in passing argument 2 of 'HAL_UART_Transmit' differ in signedness [-Wpointer-sign]
    HAL_UART_Transmit(&huart2,"error",strlen("error"),10);
                              ^~~~~~~
In file included from C:/Users/phiwersports/Desktop/Projects/Generated code/uart/uart/Inc/stm32l4xx_hal_conf.h:376:0,
                 from C:/Users/phiwersports/Desktop/Projects/Generated code/uart/uart/Drivers/STM32L4xx_HAL_Driver/Inc/stm32l4xx_hal.h:46,
                 from C:/Users/phiwersports/Desktop/Projects/Generated code/uart/uart/Src/main.c:40:
C:/Users/phiwersports/Desktop/Projects/Generated code/uart/uart/Drivers/STM32L4xx_HAL_Driver/Inc/stm32l4xx_hal_uart.h:1547:19: note: expected 'uint8_t * {aka unsigned char *}' but argument is of type 'char *'
 HAL_StatusTypeDef HAL_UART_Transmit(UART_HandleTypeDef *huart, uint8_t *pData, uint16_t Size, uint32_t Timeout);
                   ^~~~~~~~~~~~~~~~~
Finished building: C:/Users/phiwersports/Desktop/Projects/Generated code/uart/uart/Src/main.c
 
Building target: uart.elf
Invoking: MCU GCC Linker
arm-none-eabi-gcc -mcpu=cortex-m4 -mthumb -mfloat-abi=hard -mfpu=fpv4-sp-d16 -specs=nosys.specs -specs=nano.specs -T"../STM32L476RGTx_FLASH.ld" -Wl,-Map=output.map -Wl,--gc-sections -o "uart.elf" @"objects.list"   -lm
Finished building target: uart.elf
 
make --no-print-directory post-build
Generating binary and Printing size information:
arm-none-eabi-objcopy -O binary "uart.elf" "uart.bin"
arm-none-eabi-size "uart.elf"
   text	   data	    bss	    dec	    hex	filename
  10824	     24	   1720	  12568	   3118	uart.elf
 
09:34:09 **** Incremental Build of configuration Debug for project uart ****
make all 
Building file: C:/Users/phiwersports/Desktop/Projects/Generated code/uart/uart/Src/main.c
Invoking: MCU GCC Compiler
C:\Users\phiwersports\Desktop\Projects\Generated code\uart\uart\SW4STM32\uart\Debug
arm-none-eabi-gcc -mcpu=cortex-m4 -mthumb -mfloat-abi=hard -mfpu=fpv4-sp-d16 '-D__weak=__attribute__((weak))' '-D__packed=__attribute__((__packed__))' -DUSE_HAL_DRIVER -DSTM32L476xx -I"C:/Users/phiwersports/Desktop/Projects/Generated code/uart/uart/Inc" -I"C:/Users/phiwersports/Desktop/Projects/Generated code/uart/uart/Drivers/STM32L4xx_HAL_Driver/Inc" -I"C:/Users/phiwersports/Desktop/Projects/Generated code/uart/uart/Drivers/STM32L4xx_HAL_Driver/Inc/Legacy" -I"C:/Users/phiwersports/Desktop/Projects/Generated code/uart/uart/Drivers/CMSIS/Device/ST/STM32L4xx/Include" -I"C:/Users/phiwersports/Desktop/Projects/Generated code/uart/uart/Drivers/CMSIS/Include" -I"C:/Users/phiwersports/Desktop/Projects/Generated code/uart/uart/Inc"  -Og -g3 -Wall -fmessage-length=0 -ffunction-sections -c -fmessage-length=0 -MMD -MP -MF"Application/User/main.d" -MT"Application/User/main.o" -o "Application/User/main.o" "C:/Users/phiwersports/Desktop/Projects/Generated code/uart/uart/Src/main.c"
C:/Users/phiwersports/Desktop/Projects/Generated code/uart/uart/Src/main.c: In function 'main':
C:/Users/phiwersports/Desktop/Projects/Generated code/uart/uart/Src/main.c:144:32: warning: pointer targets in passing argument 2 of 'HAL_UART_Transmit_IT' differ in signedness [-Wpointer-sign]
   HAL_UART_Transmit_IT(&huart2,tx_buff,10);
                                ^~~~~~~
In file included from C:/Users/phiwersports/Desktop/Projects/Generated code/uart/uart/Inc/stm32l4xx_hal_conf.h:376:0,
                 from C:/Users/phiwersports/Desktop/Projects/Generated code/uart/uart/Drivers/STM32L4xx_HAL_Driver/Inc/stm32l4xx_hal.h:46,
                 from C:/Users/phiwersports/Desktop/Projects/Generated code/uart/uart/Src/main.c:40:
C:/Users/phiwersports/Desktop/Projects/Generated code/uart/uart/Drivers/STM32L4xx_HAL_Driver/Inc/stm32l4xx_hal_uart.h:1549:19: note: expected 'uint8_t * {aka unsigned char *}' but argument is of type 'char *'
 HAL_StatusTypeDef HAL_UART_Transmit_IT(UART_HandleTypeDef *huart, uint8_t *pData, uint16_t Size);
                   ^~~~~~~~~~~~~~~~~~~~
C:/Users/phiwersports/Desktop/Projects/Generated code/uart/uart/Src/main.c:145:31: warning: pointer targets in passing argument 2 of 'HAL_UART_Receive_IT' differ in signedness [-Wpointer-sign]
   HAL_UART_Receive_IT(&huart2,rxData,30);
                               ^~~~~~
In file included from C:/Users/phiwersports/Desktop/Projects/Generated code/uart/uart/Inc/stm32l4xx_hal_conf.h:376:0,
                 from C:/Users/phiwersports/Desktop/Projects/Generated code/uart/uart/Drivers/STM32L4xx_HAL_Driver/Inc/stm32l4xx_hal.h:46,
                 from C:/Users/phiwersports/Desktop/Projects/Generated code/uart/uart/Src/main.c:40:
C:/Users/phiwersports/Desktop/Projects/Generated code/uart/uart/Drivers/STM32L4xx_HAL_Driver/Inc/stm32l4xx_hal_uart.h:1550:19: note: expected 'uint8_t * {aka unsigned char *}' but argument is of type 'char *'
 HAL_StatusTypeDef HAL_UART_Receive_IT(UART_HandleTypeDef *huart, uint8_t *pData, uint16_t Size);
                   ^~~~~~~~~~~~~~~~~~~
C:/Users/phiwersports/Desktop/Projects/Generated code/uart/uart/Src/main.c: In function 'HAL_UART_RxCpltCallback':
C:/Users/phiwersports/Desktop/Projects/Generated code/uart/uart/Src/main.c:351:48: warning: implicit declaration of function 'strlen' [-Wimplicit-function-declaration]
    HAL_UART_Transmit(&huart2,(uint8_t *)rxData,strlen(rxData),10);
                                                ^~~~~~
C:/Users/phiwersports/Desktop/Projects/Generated code/uart/uart/Src/main.c:351:48: warning: incompatible implicit declaration of built-in function 'strlen'
C:/Users/phiwersports/Desktop/Projects/Generated code/uart/uart/Src/main.c:351:48: note: include '<string.h>' or provide a declaration of 'strlen'
C:/Users/phiwersports/Desktop/Projects/Generated code/uart/uart/Src/main.c: In function '_Error_Handler':
C:/Users/phiwersports/Desktop/Projects/Generated code/uart/uart/Src/main.c:373:38: warning: incompatible implicit declaration of built-in function 'strlen'
    HAL_UART_Transmit(&huart2,"error",strlen("error"),10);
                                      ^~~~~~
C:/Users/phiwersports/Desktop/Projects/Generated code/uart/uart/Src/main.c:373:38: note: include '<string.h>' or provide a declaration of 'strlen'
C:/Users/phiwersports/Desktop/Projects/Generated code/uart/uart/Src/main.c:373:30: warning: pointer targets in passing argument 2 of 'HAL_UART_Transmit' differ in signedness [-Wpointer-sign]
    HAL_UART_Transmit(&huart2,"error",strlen("error"),10);
                              ^~~~~~~
In file included from C:/Users/phiwersports/Desktop/Projects/Generated code/uart/uart/Inc/stm32l4xx_hal_conf.h:376:0,
                 from C:/Users/phiwersports/Desktop/Projects/Generated code/uart/uart/Drivers/STM32L4xx_HAL_Driver/Inc/stm32l4xx_hal.h:46,
                 from C:/Users/phiwersports/Desktop/Projects/Generated code/uart/uart/Src/main.c:40:
C:/Users/phiwersports/Desktop/Projects/Generated code/uart/uart/Drivers/STM32L4xx_HAL_Driver/Inc/stm32l4xx_hal_uart.h:1547:19: note: expected 'uint8_t * {aka unsigned char *}' but argument is of type 'char *'
 HAL_StatusTypeDef HAL_UART_Transmit(UART_HandleTypeDef *huart, uint8_t *pData, uint16_t Size, uint32_t Timeout);
                   ^~~~~~~~~~~~~~~~~
Finished building: C:/Users/phiwersports/Desktop/Projects/Generated code/uart/uart/Src/main.c
 
Building target: uart.elf
Invoking: MCU GCC Linker
arm-none-eabi-gcc -mcpu=cortex-m4 -mthumb -mfloat-abi=hard -mfpu=fpv4-sp-d16 -specs=nosys.specs -specs=nano.specs -T"../STM32L476RGTx_FLASH.ld" -Wl,-Map=output.map -Wl,--gc-sections -o "uart.elf" @"objects.list"   -lm
Finished building target: uart.elf
 
make --no-print-directory post-build
Generating binary and Printing size information:
arm-none-eabi-objcopy -O binary "uart.elf" "uart.bin"
arm-none-eabi-size "uart.elf"
   text	   data	    bss	    dec	    hex	filename
  10768	     24	   1720	  12512	   30e0	uart.elf
 
09:34:35 **** Incremental Build of configuration Debug for project uart ****
make all 
Building file: C:/Users/phiwersports/Desktop/Projects/Generated code/uart/uart/Src/main.c
Invoking: MCU GCC Compiler
C:\Users\phiwersports\Desktop\Projects\Generated code\uart\uart\SW4STM32\uart\Debug
arm-none-eabi-gcc -mcpu=cortex-m4 -mthumb -mfloat-abi=hard -mfpu=fpv4-sp-d16 '-D__weak=__attribute__((weak))' '-D__packed=__attribute__((__packed__))' -DUSE_HAL_DRIVER -DSTM32L476xx -I"C:/Users/phiwersports/Desktop/Projects/Generated code/uart/uart/Inc" -I"C:/Users/phiwersports/Desktop/Projects/Generated code/uart/uart/Drivers/STM32L4xx_HAL_Driver/Inc" -I"C:/Users/phiwersports/Desktop/Projects/Generated code/uart/uart/Drivers/STM32L4xx_HAL_Driver/Inc/Legacy" -I"C:/Users/phiwersports/Desktop/Projects/Generated code/uart/uart/Drivers/CMSIS/Device/ST/STM32L4xx/Include" -I"C:/Users/phiwersports/Desktop/Projects/Generated code/uart/uart/Drivers/CMSIS/Include" -I"C:/Users/phiwersports/Desktop/Projects/Generated code/uart/uart/Inc"  -Og -g3 -Wall -fmessage-length=0 -ffunction-sections -c -fmessage-length=0 -MMD -MP -MF"Application/User/main.d" -MT"Application/User/main.o" -o "Application/User/main.o" "C:/Users/phiwersports/Desktop/Projects/Generated code/uart/uart/Src/main.c"
C:/Users/phiwersports/Desktop/Projects/Generated code/uart/uart/Src/main.c: In function 'main':
C:/Users/phiwersports/Desktop/Projects/Generated code/uart/uart/Src/main.c:144:32: warning: pointer targets in passing argument 2 of 'HAL_UART_Transmit_IT' differ in signedness [-Wpointer-sign]
   HAL_UART_Transmit_IT(&huart2,tx_buff,10);
                                ^~~~~~~
In file included from C:/Users/phiwersports/Desktop/Projects/Generated code/uart/uart/Inc/stm32l4xx_hal_conf.h:376:0,
                 from C:/Users/phiwersports/Desktop/Projects/Generated code/uart/uart/Drivers/STM32L4xx_HAL_Driver/Inc/stm32l4xx_hal.h:46,
                 from C:/Users/phiwersports/Desktop/Projects/Generated code/uart/uart/Src/main.c:40:
C:/Users/phiwersports/Desktop/Projects/Generated code/uart/uart/Drivers/STM32L4xx_HAL_Driver/Inc/stm32l4xx_hal_uart.h:1549:19: note: expected 'uint8_t * {aka unsigned char *}' but argument is of type 'char *'
 HAL_StatusTypeDef HAL_UART_Transmit_IT(UART_HandleTypeDef *huart, uint8_t *pData, uint16_t Size);
                   ^~~~~~~~~~~~~~~~~~~~
C:/Users/phiwersports/Desktop/Projects/Generated code/uart/uart/Src/main.c:145:31: warning: pointer targets in passing argument 2 of 'HAL_UART_Receive_IT' differ in signedness [-Wpointer-sign]
   HAL_UART_Receive_IT(&huart2,rxData,10);
                               ^~~~~~
In file included from C:/Users/phiwersports/Desktop/Projects/Generated code/uart/uart/Inc/stm32l4xx_hal_conf.h:376:0,
                 from C:/Users/phiwersports/Desktop/Projects/Generated code/uart/uart/Drivers/STM32L4xx_HAL_Driver/Inc/stm32l4xx_hal.h:46,
                 from C:/Users/phiwersports/Desktop/Projects/Generated code/uart/uart/Src/main.c:40:
C:/Users/phiwersports/Desktop/Projects/Generated code/uart/uart/Drivers/STM32L4xx_HAL_Driver/Inc/stm32l4xx_hal_uart.h:1550:19: note: expected 'uint8_t * {aka unsigned char *}' but argument is of type 'char *'
 HAL_StatusTypeDef HAL_UART_Receive_IT(UART_HandleTypeDef *huart, uint8_t *pData, uint16_t Size);
                   ^~~~~~~~~~~~~~~~~~~
C:/Users/phiwersports/Desktop/Projects/Generated code/uart/uart/Src/main.c: In function 'HAL_UART_RxCpltCallback':
C:/Users/phiwersports/Desktop/Projects/Generated code/uart/uart/Src/main.c:351:48: warning: implicit declaration of function 'strlen' [-Wimplicit-function-declaration]
    HAL_UART_Transmit(&huart2,(uint8_t *)rxData,strlen(rxData),10);
                                                ^~~~~~
C:/Users/phiwersports/Desktop/Projects/Generated code/uart/uart/Src/main.c:351:48: warning: incompatible implicit declaration of built-in function 'strlen'
C:/Users/phiwersports/Desktop/Projects/Generated code/uart/uart/Src/main.c:351:48: note: include '<string.h>' or provide a declaration of 'strlen'
C:/Users/phiwersports/Desktop/Projects/Generated code/uart/uart/Src/main.c: In function '_Error_Handler':
C:/Users/phiwersports/Desktop/Projects/Generated code/uart/uart/Src/main.c:373:38: warning: incompatible implicit declaration of built-in function 'strlen'
    HAL_UART_Transmit(&huart2,"error",strlen("error"),10);
                                      ^~~~~~
C:/Users/phiwersports/Desktop/Projects/Generated code/uart/uart/Src/main.c:373:38: note: include '<string.h>' or provide a declaration of 'strlen'
C:/Users/phiwersports/Desktop/Projects/Generated code/uart/uart/Src/main.c:373:30: warning: pointer targets in passing argument 2 of 'HAL_UART_Transmit' differ in signedness [-Wpointer-sign]
    HAL_UART_Transmit(&huart2,"error",strlen("error"),10);
                              ^~~~~~~
In file included from C:/Users/phiwersports/Desktop/Projects/Generated code/uart/uart/Inc/stm32l4xx_hal_conf.h:376:0,
                 from C:/Users/phiwersports/Desktop/Projects/Generated code/uart/uart/Drivers/STM32L4xx_HAL_Driver/Inc/stm32l4xx_hal.h:46,
                 from C:/Users/phiwersports/Desktop/Projects/Generated code/uart/uart/Src/main.c:40:
C:/Users/phiwersports/Desktop/Projects/Generated code/uart/uart/Drivers/STM32L4xx_HAL_Driver/Inc/stm32l4xx_hal_uart.h:1547:19: note: expected 'uint8_t * {aka unsigned char *}' but argument is of type 'char *'
 HAL_StatusTypeDef HAL_UART_Transmit(UART_HandleTypeDef *huart, uint8_t *pData, uint16_t Size, uint32_t Timeout);
                   ^~~~~~~~~~~~~~~~~
Finished building: C:/Users/phiwersports/Desktop/Projects/Generated code/uart/uart/Src/main.c
 
Building target: uart.elf
Invoking: MCU GCC Linker
arm-none-eabi-gcc -mcpu=cortex-m4 -mthumb -mfloat-abi=hard -mfpu=fpv4-sp-d16 -specs=nosys.specs -specs=nano.specs -T"../STM32L476RGTx_FLASH.ld" -Wl,-Map=output.map -Wl,--gc-sections -o "uart.elf" @"objects.list"   -lm
Finished building target: uart.elf
 
make --no-print-directory post-build
Generating binary and Printing size information:
arm-none-eabi-objcopy -O binary "uart.elf" "uart.bin"
arm-none-eabi-size "uart.elf"
   text	   data	    bss	    dec	    hex	filename
  10768	     24	   1720	  12512	   30e0	uart.elf
 
09:36:43 **** Incremental Build of configuration Debug for project uart ****
make all 
Building file: C:/Users/phiwersports/Desktop/Projects/Generated code/uart/uart/Src/main.c
Invoking: MCU GCC Compiler
C:\Users\phiwersports\Desktop\Projects\Generated code\uart\uart\SW4STM32\uart\Debug
arm-none-eabi-gcc -mcpu=cortex-m4 -mthumb -mfloat-abi=hard -mfpu=fpv4-sp-d16 '-D__weak=__attribute__((weak))' '-D__packed=__attribute__((__packed__))' -DUSE_HAL_DRIVER -DSTM32L476xx -I"C:/Users/phiwersports/Desktop/Projects/Generated code/uart/uart/Inc" -I"C:/Users/phiwersports/Desktop/Projects/Generated code/uart/uart/Drivers/STM32L4xx_HAL_Driver/Inc" -I"C:/Users/phiwersports/Desktop/Projects/Generated code/uart/uart/Drivers/STM32L4xx_HAL_Driver/Inc/Legacy" -I"C:/Users/phiwersports/Desktop/Projects/Generated code/uart/uart/Drivers/CMSIS/Device/ST/STM32L4xx/Include" -I"C:/Users/phiwersports/Desktop/Projects/Generated code/uart/uart/Drivers/CMSIS/Include" -I"C:/Users/phiwersports/Desktop/Projects/Generated code/uart/uart/Inc"  -Og -g3 -Wall -fmessage-length=0 -ffunction-sections -c -fmessage-length=0 -MMD -MP -MF"Application/User/main.d" -MT"Application/User/main.o" -o "Application/User/main.o" "C:/Users/phiwersports/Desktop/Projects/Generated code/uart/uart/Src/main.c"
C:/Users/phiwersports/Desktop/Projects/Generated code/uart/uart/Src/main.c: In function 'main':
C:/Users/phiwersports/Desktop/Projects/Generated code/uart/uart/Src/main.c:144:32: warning: pointer targets in passing argument 2 of 'HAL_UART_Transmit_IT' differ in signedness [-Wpointer-sign]
   HAL_UART_Transmit_IT(&huart2,tx_buff,10);
                                ^~~~~~~
In file included from C:/Users/phiwersports/Desktop/Projects/Generated code/uart/uart/Inc/stm32l4xx_hal_conf.h:376:0,
                 from C:/Users/phiwersports/Desktop/Projects/Generated code/uart/uart/Drivers/STM32L4xx_HAL_Driver/Inc/stm32l4xx_hal.h:46,
                 from C:/Users/phiwersports/Desktop/Projects/Generated code/uart/uart/Src/main.c:40:
C:/Users/phiwersports/Desktop/Projects/Generated code/uart/uart/Drivers/STM32L4xx_HAL_Driver/Inc/stm32l4xx_hal_uart.h:1549:19: note: expected 'uint8_t * {aka unsigned char *}' but argument is of type 'char *'
 HAL_StatusTypeDef HAL_UART_Transmit_IT(UART_HandleTypeDef *huart, uint8_t *pData, uint16_t Size);
                   ^~~~~~~~~~~~~~~~~~~~
C:/Users/phiwersports/Desktop/Projects/Generated code/uart/uart/Src/main.c:145:31: warning: pointer targets in passing argument 2 of 'HAL_UART_Receive_IT' differ in signedness [-Wpointer-sign]
   HAL_UART_Receive_IT(&huart2,rxData,10);
                               ^~~~~~
In file included from C:/Users/phiwersports/Desktop/Projects/Generated code/uart/uart/Inc/stm32l4xx_hal_conf.h:376:0,
                 from C:/Users/phiwersports/Desktop/Projects/Generated code/uart/uart/Drivers/STM32L4xx_HAL_Driver/Inc/stm32l4xx_hal.h:46,
                 from C:/Users/phiwersports/Desktop/Projects/Generated code/uart/uart/Src/main.c:40:
C:/Users/phiwersports/Desktop/Projects/Generated code/uart/uart/Drivers/STM32L4xx_HAL_Driver/Inc/stm32l4xx_hal_uart.h:1550:19: note: expected 'uint8_t * {aka unsigned char *}' but argument is of type 'char *'
 HAL_StatusTypeDef HAL_UART_Receive_IT(UART_HandleTypeDef *huart, uint8_t *pData, uint16_t Size);
                   ^~~~~~~~~~~~~~~~~~~
C:/Users/phiwersports/Desktop/Projects/Generated code/uart/uart/Src/main.c: In function '_Error_Handler':
C:/Users/phiwersports/Desktop/Projects/Generated code/uart/uart/Src/main.c:374:38: warning: implicit declaration of function 'strlen' [-Wimplicit-function-declaration]
    HAL_UART_Transmit(&huart2,"error",strlen("error"),10);
                                      ^~~~~~
C:/Users/phiwersports/Desktop/Projects/Generated code/uart/uart/Src/main.c:374:38: warning: incompatible implicit declaration of built-in function 'strlen'
C:/Users/phiwersports/Desktop/Projects/Generated code/uart/uart/Src/main.c:374:38: note: include '<string.h>' or provide a declaration of 'strlen'
C:/Users/phiwersports/Desktop/Projects/Generated code/uart/uart/Src/main.c:374:30: warning: pointer targets in passing argument 2 of 'HAL_UART_Transmit' differ in signedness [-Wpointer-sign]
    HAL_UART_Transmit(&huart2,"error",strlen("error"),10);
                              ^~~~~~~
In file included from C:/Users/phiwersports/Desktop/Projects/Generated code/uart/uart/Inc/stm32l4xx_hal_conf.h:376:0,
                 from C:/Users/phiwersports/Desktop/Projects/Generated code/uart/uart/Drivers/STM32L4xx_HAL_Driver/Inc/stm32l4xx_hal.h:46,
                 from C:/Users/phiwersports/Desktop/Projects/Generated code/uart/uart/Src/main.c:40:
C:/Users/phiwersports/Desktop/Projects/Generated code/uart/uart/Drivers/STM32L4xx_HAL_Driver/Inc/stm32l4xx_hal_uart.h:1547:19: note: expected 'uint8_t * {aka unsigned char *}' but argument is of type 'char *'
 HAL_StatusTypeDef HAL_UART_Transmit(UART_HandleTypeDef *huart, uint8_t *pData, uint16_t Size, uint32_t Timeout);
                   ^~~~~~~~~~~~~~~~~
Finished building: C:/Users/phiwersports/Desktop/Projects/Generated code/uart/uart/Src/main.c
 
Building file: C:/Users/phiwersports/Desktop/Projects/Generated code/uart/uart/Src/stm32l4xx_it.c
Invoking: MCU GCC Compiler
C:\Users\phiwersports\Desktop\Projects\Generated code\uart\uart\SW4STM32\uart\Debug
arm-none-eabi-gcc -mcpu=cortex-m4 -mthumb -mfloat-abi=hard -mfpu=fpv4-sp-d16 '-D__weak=__attribute__((weak))' '-D__packed=__attribute__((__packed__))' -DUSE_HAL_DRIVER -DSTM32L476xx -I"C:/Users/phiwersports/Desktop/Projects/Generated code/uart/uart/Inc" -I"C:/Users/phiwersports/Desktop/Projects/Generated code/uart/uart/Drivers/STM32L4xx_HAL_Driver/Inc" -I"C:/Users/phiwersports/Desktop/Projects/Generated code/uart/uart/Drivers/STM32L4xx_HAL_Driver/Inc/Legacy" -I"C:/Users/phiwersports/Desktop/Projects/Generated code/uart/uart/Drivers/CMSIS/Device/ST/STM32L4xx/Include" -I"C:/Users/phiwersports/Desktop/Projects/Generated code/uart/uart/Drivers/CMSIS/Include" -I"C:/Users/phiwersports/Desktop/Projects/Generated code/uart/uart/Inc"  -Og -g3 -Wall -fmessage-length=0 -ffunction-sections -c -fmessage-length=0 -MMD -MP -MF"Application/User/stm32l4xx_it.d" -MT"Application/User/stm32l4xx_it.o" -o "Application/User/stm32l4xx_it.o" "C:/Users/phiwersports/Desktop/Projects/Generated code/uart/uart/Src/stm32l4xx_it.c"
Finished building: C:/Users/phiwersports/Desktop/Projects/Generated code/uart/uart/Src/stm32l4xx_it.c
 
Building target: uart.elf
Invoking: MCU GCC Linker
arm-none-eabi-gcc -mcpu=cortex-m4 -mthumb -mfloat-abi=hard -mfpu=fpv4-sp-d16 -specs=nosys.specs -specs=nano.specs -T"../STM32L476RGTx_FLASH.ld" -Wl,-Map=output.map -Wl,--gc-sections -o "uart.elf" @"objects.list"   -lm
Finished building target: uart.elf
 
make --no-print-directory post-build
Generating binary and Printing size information:
arm-none-eabi-objcopy -O binary "uart.elf" "uart.bin"
arm-none-eabi-size "uart.elf"
   text	   data	    bss	    dec	    hex	filename
  10728	     24	   1720	  12472	   30b8	uart.elf
 
09:38:35 **** Incremental Build of configuration Debug for project uart ****
make all 
Building file: C:/Users/phiwersports/Desktop/Projects/Generated code/uart/uart/Drivers/STM32L4xx_HAL_Driver/Src/stm32l4xx_hal.c
Invoking: MCU GCC Compiler
C:\Users\phiwersports\Desktop\Projects\Generated code\uart\uart\SW4STM32\uart\Debug
arm-none-eabi-gcc -mcpu=cortex-m4 -mthumb -mfloat-abi=hard -mfpu=fpv4-sp-d16 '-D__weak=__attribute__((weak))' '-D__packed=__attribute__((__packed__))' -DUSE_HAL_DRIVER -DSTM32L476xx -I"C:/Users/phiwersports/Desktop/Projects/Generated code/uart/uart/Inc" -I"C:/Users/phiwersports/Desktop/Projects/Generated code/uart/uart/Drivers/STM32L4xx_HAL_Driver/Inc" -I"C:/Users/phiwersports/Desktop/Projects/Generated code/uart/uart/Drivers/STM32L4xx_HAL_Driver/Inc/Legacy" -I"C:/Users/phiwersports/Desktop/Projects/Generated code/uart/uart/Drivers/CMSIS/Device/ST/STM32L4xx/Include" -I"C:/Users/phiwersports/Desktop/Projects/Generated code/uart/uart/Drivers/CMSIS/Include" -I"C:/Users/phiwersports/Desktop/Projects/Generated code/uart/uart/Inc"  -Og -g3 -Wall -fmessage-length=0 -ffunction-sections -c -fmessage-length=0 -MMD -MP -MF"Drivers/STM32L4xx_HAL_Driver/stm32l4xx_hal.d" -MT"Drivers/STM32L4xx_HAL_Driver/stm32l4xx_hal.o" -o "Drivers/STM32L4xx_HAL_Driver/stm32l4xx_hal.o" "C:/Users/phiwersports/Desktop/Projects/Generated code/uart/uart/Drivers/STM32L4xx_HAL_Driver/Src/stm32l4xx_hal.c"
Finished building: C:/Users/phiwersports/Desktop/Projects/Generated code/uart/uart/Drivers/STM32L4xx_HAL_Driver/Src/stm32l4xx_hal.c
 
Building file: C:/Users/phiwersports/Desktop/Projects/Generated code/uart/uart/Drivers/STM32L4xx_HAL_Driver/Src/stm32l4xx_hal_cortex.c
Invoking: MCU GCC Compiler
C:\Users\phiwersports\Desktop\Projects\Generated code\uart\uart\SW4STM32\uart\Debug
arm-none-eabi-gcc -mcpu=cortex-m4 -mthumb -mfloat-abi=hard -mfpu=fpv4-sp-d16 '-D__weak=__attribute__((weak))' '-D__packed=__attribute__((__packed__))' -DUSE_HAL_DRIVER -DSTM32L476xx -I"C:/Users/phiwersports/Desktop/Projects/Generated code/uart/uart/Inc" -I"C:/Users/phiwersports/Desktop/Projects/Generated code/uart/uart/Drivers/STM32L4xx_HAL_Driver/Inc" -I"C:/Users/phiwersports/Desktop/Projects/Generated code/uart/uart/Drivers/STM32L4xx_HAL_Driver/Inc/Legacy" -I"C:/Users/phiwersports/Desktop/Projects/Generated code/uart/uart/Drivers/CMSIS/Device/ST/STM32L4xx/Include" -I"C:/Users/phiwersports/Desktop/Projects/Generated code/uart/uart/Drivers/CMSIS/Include" -I"C:/Users/phiwersports/Desktop/Projects/Generated code/uart/uart/Inc"  -Og -g3 -Wall -fmessage-length=0 -ffunction-sections -c -fmessage-length=0 -MMD -MP -MF"Drivers/STM32L4xx_HAL_Driver/stm32l4xx_hal_cortex.d" -MT"Drivers/STM32L4xx_HAL_Driver/stm32l4xx_hal_cortex.o" -o "Drivers/STM32L4xx_HAL_Driver/stm32l4xx_hal_cortex.o" "C:/Users/phiwersports/Desktop/Projects/Generated code/uart/uart/Drivers/STM32L4xx_HAL_Driver/Src/stm32l4xx_hal_cortex.c"
Finished building: C:/Users/phiwersports/Desktop/Projects/Generated code/uart/uart/Drivers/STM32L4xx_HAL_Driver/Src/stm32l4xx_hal_cortex.c
 
Building file: C:/Users/phiwersports/Desktop/Projects/Generated code/uart/uart/Drivers/STM32L4xx_HAL_Driver/Src/stm32l4xx_hal_dma.c
Invoking: MCU GCC Compiler
C:\Users\phiwersports\Desktop\Projects\Generated code\uart\uart\SW4STM32\uart\Debug
arm-none-eabi-gcc -mcpu=cortex-m4 -mthumb -mfloat-abi=hard -mfpu=fpv4-sp-d16 '-D__weak=__attribute__((weak))' '-D__packed=__attribute__((__packed__))' -DUSE_HAL_DRIVER -DSTM32L476xx -I"C:/Users/phiwersports/Desktop/Projects/Generated code/uart/uart/Inc" -I"C:/Users/phiwersports/Desktop/Projects/Generated code/uart/uart/Drivers/STM32L4xx_HAL_Driver/Inc" -I"C:/Users/phiwersports/Desktop/Projects/Generated code/uart/uart/Drivers/STM32L4xx_HAL_Driver/Inc/Legacy" -I"C:/Users/phiwersports/Desktop/Projects/Generated code/uart/uart/Drivers/CMSIS/Device/ST/STM32L4xx/Include" -I"C:/Users/phiwersports/Desktop/Projects/Generated code/uart/uart/Drivers/CMSIS/Include" -I"C:/Users/phiwersports/Desktop/Projects/Generated code/uart/uart/Inc"  -Og -g3 -Wall -fmessage-length=0 -ffunction-sections -c -fmessage-length=0 -MMD -MP -MF"Drivers/STM32L4xx_HAL_Driver/stm32l4xx_hal_dma.d" -MT"Drivers/STM32L4xx_HAL_Driver/stm32l4xx_hal_dma.o" -o "Drivers/STM32L4xx_HAL_Driver/stm32l4xx_hal_dma.o" "C:/Users/phiwersports/Desktop/Projects/Generated code/uart/uart/Drivers/STM32L4xx_HAL_Driver/Src/stm32l4xx_hal_dma.c"
Finished building: C:/Users/phiwersports/Desktop/Projects/Generated code/uart/uart/Drivers/STM32L4xx_HAL_Driver/Src/stm32l4xx_hal_dma.c
 
Building file: C:/Users/phiwersports/Desktop/Projects/Generated code/uart/uart/Drivers/STM32L4xx_HAL_Driver/Src/stm32l4xx_hal_dma_ex.c
Invoking: MCU GCC Compiler
C:\Users\phiwersports\Desktop\Projects\Generated code\uart\uart\SW4STM32\uart\Debug
arm-none-eabi-gcc -mcpu=cortex-m4 -mthumb -mfloat-abi=hard -mfpu=fpv4-sp-d16 '-D__weak=__attribute__((weak))' '-D__packed=__attribute__((__packed__))' -DUSE_HAL_DRIVER -DSTM32L476xx -I"C:/Users/phiwersports/Desktop/Projects/Generated code/uart/uart/Inc" -I"C:/Users/phiwersports/Desktop/Projects/Generated code/uart/uart/Drivers/STM32L4xx_HAL_Driver/Inc" -I"C:/Users/phiwersports/Desktop/Projects/Generated code/uart/uart/Drivers/STM32L4xx_HAL_Driver/Inc/Legacy" -I"C:/Users/phiwersports/Desktop/Projects/Generated code/uart/uart/Drivers/CMSIS/Device/ST/STM32L4xx/Include" -I"C:/Users/phiwersports/Desktop/Projects/Generated code/uart/uart/Drivers/CMSIS/Include" -I"C:/Users/phiwersports/Desktop/Projects/Generated code/uart/uart/Inc"  -Og -g3 -Wall -fmessage-length=0 -ffunction-sections -c -fmessage-length=0 -MMD -MP -MF"Drivers/STM32L4xx_HAL_Driver/stm32l4xx_hal_dma_ex.d" -MT"Drivers/STM32L4xx_HAL_Driver/stm32l4xx_hal_dma_ex.o" -o "Drivers/STM32L4xx_HAL_Driver/stm32l4xx_hal_dma_ex.o" "C:/Users/phiwersports/Desktop/Projects/Generated code/uart/uart/Drivers/STM32L4xx_HAL_Driver/Src/stm32l4xx_hal_dma_ex.c"
Finished building: C:/Users/phiwersports/Desktop/Projects/Generated code/uart/uart/Drivers/STM32L4xx_HAL_Driver/Src/stm32l4xx_hal_dma_ex.c
 
Building file: C:/Users/phiwersports/Desktop/Projects/Generated code/uart/uart/Drivers/STM32L4xx_HAL_Driver/Src/stm32l4xx_hal_flash.c
Invoking: MCU GCC Compiler
C:\Users\phiwersports\Desktop\Projects\Generated code\uart\uart\SW4STM32\uart\Debug
arm-none-eabi-gcc -mcpu=cortex-m4 -mthumb -mfloat-abi=hard -mfpu=fpv4-sp-d16 '-D__weak=__attribute__((weak))' '-D__packed=__attribute__((__packed__))' -DUSE_HAL_DRIVER -DSTM32L476xx -I"C:/Users/phiwersports/Desktop/Projects/Generated code/uart/uart/Inc" -I"C:/Users/phiwersports/Desktop/Projects/Generated code/uart/uart/Drivers/STM32L4xx_HAL_Driver/Inc" -I"C:/Users/phiwersports/Desktop/Projects/Generated code/uart/uart/Drivers/STM32L4xx_HAL_Driver/Inc/Legacy" -I"C:/Users/phiwersports/Desktop/Projects/Generated code/uart/uart/Drivers/CMSIS/Device/ST/STM32L4xx/Include" -I"C:/Users/phiwersports/Desktop/Projects/Generated code/uart/uart/Drivers/CMSIS/Include" -I"C:/Users/phiwersports/Desktop/Projects/Generated code/uart/uart/Inc"  -Og -g3 -Wall -fmessage-length=0 -ffunction-sections -c -fmessage-length=0 -MMD -MP -MF"Drivers/STM32L4xx_HAL_Driver/stm32l4xx_hal_flash.d" -MT"Drivers/STM32L4xx_HAL_Driver/stm32l4xx_hal_flash.o" -o "Drivers/STM32L4xx_HAL_Driver/stm32l4xx_hal_flash.o" "C:/Users/phiwersports/Desktop/Projects/Generated code/uart/uart/Drivers/STM32L4xx_HAL_Driver/Src/stm32l4xx_hal_flash.c"
Finished building: C:/Users/phiwersports/Desktop/Projects/Generated code/uart/uart/Drivers/STM32L4xx_HAL_Driver/Src/stm32l4xx_hal_flash.c
 
Building file: C:/Users/phiwersports/Desktop/Projects/Generated code/uart/uart/Drivers/STM32L4xx_HAL_Driver/Src/stm32l4xx_hal_flash_ex.c
Invoking: MCU GCC Compiler
C:\Users\phiwersports\Desktop\Projects\Generated code\uart\uart\SW4STM32\uart\Debug
arm-none-eabi-gcc -mcpu=cortex-m4 -mthumb -mfloat-abi=hard -mfpu=fpv4-sp-d16 '-D__weak=__attribute__((weak))' '-D__packed=__attribute__((__packed__))' -DUSE_HAL_DRIVER -DSTM32L476xx -I"C:/Users/phiwersports/Desktop/Projects/Generated code/uart/uart/Inc" -I"C:/Users/phiwersports/Desktop/Projects/Generated code/uart/uart/Drivers/STM32L4xx_HAL_Driver/Inc" -I"C:/Users/phiwersports/Desktop/Projects/Generated code/uart/uart/Drivers/STM32L4xx_HAL_Driver/Inc/Legacy" -I"C:/Users/phiwersports/Desktop/Projects/Generated code/uart/uart/Drivers/CMSIS/Device/ST/STM32L4xx/Include" -I"C:/Users/phiwersports/Desktop/Projects/Generated code/uart/uart/Drivers/CMSIS/Include" -I"C:/Users/phiwersports/Desktop/Projects/Generated code/uart/uart/Inc"  -Og -g3 -Wall -fmessage-length=0 -ffunction-sections -c -fmessage-length=0 -MMD -MP -MF"Drivers/STM32L4xx_HAL_Driver/stm32l4xx_hal_flash_ex.d" -MT"Drivers/STM32L4xx_HAL_Driver/stm32l4xx_hal_flash_ex.o" -o "Drivers/STM32L4xx_HAL_Driver/stm32l4xx_hal_flash_ex.o" "C:/Users/phiwersports/Desktop/Projects/Generated code/uart/uart/Drivers/STM32L4xx_HAL_Driver/Src/stm32l4xx_hal_flash_ex.c"
Finished building: C:/Users/phiwersports/Desktop/Projects/Generated code/uart/uart/Drivers/STM32L4xx_HAL_Driver/Src/stm32l4xx_hal_flash_ex.c
 
Building file: C:/Users/phiwersports/Desktop/Projects/Generated code/uart/uart/Drivers/STM32L4xx_HAL_Driver/Src/stm32l4xx_hal_flash_ramfunc.c
Invoking: MCU GCC Compiler
C:\Users\phiwersports\Desktop\Projects\Generated code\uart\uart\SW4STM32\uart\Debug
arm-none-eabi-gcc -mcpu=cortex-m4 -mthumb -mfloat-abi=hard -mfpu=fpv4-sp-d16 '-D__weak=__attribute__((weak))' '-D__packed=__attribute__((__packed__))' -DUSE_HAL_DRIVER -DSTM32L476xx -I"C:/Users/phiwersports/Desktop/Projects/Generated code/uart/uart/Inc" -I"C:/Users/phiwersports/Desktop/Projects/Generated code/uart/uart/Drivers/STM32L4xx_HAL_Driver/Inc" -I"C:/Users/phiwersports/Desktop/Projects/Generated code/uart/uart/Drivers/STM32L4xx_HAL_Driver/Inc/Legacy" -I"C:/Users/phiwersports/Desktop/Projects/Generated code/uart/uart/Drivers/CMSIS/Device/ST/STM32L4xx/Include" -I"C:/Users/phiwersports/Desktop/Projects/Generated code/uart/uart/Drivers/CMSIS/Include" -I"C:/Users/phiwersports/Desktop/Projects/Generated code/uart/uart/Inc"  -Og -g3 -Wall -fmessage-length=0 -ffunction-sections -c -fmessage-length=0 -MMD -MP -MF"Drivers/STM32L4xx_HAL_Driver/stm32l4xx_hal_flash_ramfunc.d" -MT"Drivers/STM32L4xx_HAL_Driver/stm32l4xx_hal_flash_ramfunc.o" -o "Drivers/STM32L4xx_HAL_Driver/stm32l4xx_hal_flash_ramfunc.o" "C:/Users/phiwersports/Desktop/Projects/Generated code/uart/uart/Drivers/STM32L4xx_HAL_Driver/Src/stm32l4xx_hal_flash_ramfunc.c"
Finished building: C:/Users/phiwersports/Desktop/Projects/Generated code/uart/uart/Drivers/STM32L4xx_HAL_Driver/Src/stm32l4xx_hal_flash_ramfunc.c
 
Building file: C:/Users/phiwersports/Desktop/Projects/Generated code/uart/uart/Drivers/STM32L4xx_HAL_Driver/Src/stm32l4xx_hal_gpio.c
Invoking: MCU GCC Compiler
C:\Users\phiwersports\Desktop\Projects\Generated code\uart\uart\SW4STM32\uart\Debug
arm-none-eabi-gcc -mcpu=cortex-m4 -mthumb -mfloat-abi=hard -mfpu=fpv4-sp-d16 '-D__weak=__attribute__((weak))' '-D__packed=__attribute__((__packed__))' -DUSE_HAL_DRIVER -DSTM32L476xx -I"C:/Users/phiwersports/Desktop/Projects/Generated code/uart/uart/Inc" -I"C:/Users/phiwersports/Desktop/Projects/Generated code/uart/uart/Drivers/STM32L4xx_HAL_Driver/Inc" -I"C:/Users/phiwersports/Desktop/Projects/Generated code/uart/uart/Drivers/STM32L4xx_HAL_Driver/Inc/Legacy" -I"C:/Users/phiwersports/Desktop/Projects/Generated code/uart/uart/Drivers/CMSIS/Device/ST/STM32L4xx/Include" -I"C:/Users/phiwersports/Desktop/Projects/Generated code/uart/uart/Drivers/CMSIS/Include" -I"C:/Users/phiwersports/Desktop/Projects/Generated code/uart/uart/Inc"  -Og -g3 -Wall -fmessage-length=0 -ffunction-sections -c -fmessage-length=0 -MMD -MP -MF"Drivers/STM32L4xx_HAL_Driver/stm32l4xx_hal_gpio.d" -MT"Drivers/STM32L4xx_HAL_Driver/stm32l4xx_hal_gpio.o" -o "Drivers/STM32L4xx_HAL_Driver/stm32l4xx_hal_gpio.o" "C:/Users/phiwersports/Desktop/Projects/Generated code/uart/uart/Drivers/STM32L4xx_HAL_Driver/Src/stm32l4xx_hal_gpio.c"
Finished building: C:/Users/phiwersports/Desktop/Projects/Generated code/uart/uart/Drivers/STM32L4xx_HAL_Driver/Src/stm32l4xx_hal_gpio.c
 
Building file: C:/Users/phiwersports/Desktop/Projects/Generated code/uart/uart/Drivers/STM32L4xx_HAL_Driver/Src/stm32l4xx_hal_i2c.c
Invoking: MCU GCC Compiler
C:\Users\phiwersports\Desktop\Projects\Generated code\uart\uart\SW4STM32\uart\Debug
arm-none-eabi-gcc -mcpu=cortex-m4 -mthumb -mfloat-abi=hard -mfpu=fpv4-sp-d16 '-D__weak=__attribute__((weak))' '-D__packed=__attribute__((__packed__))' -DUSE_HAL_DRIVER -DSTM32L476xx -I"C:/Users/phiwersports/Desktop/Projects/Generated code/uart/uart/Inc" -I"C:/Users/phiwersports/Desktop/Projects/Generated code/uart/uart/Drivers/STM32L4xx_HAL_Driver/Inc" -I"C:/Users/phiwersports/Desktop/Projects/Generated code/uart/uart/Drivers/STM32L4xx_HAL_Driver/Inc/Legacy" -I"C:/Users/phiwersports/Desktop/Projects/Generated code/uart/uart/Drivers/CMSIS/Device/ST/STM32L4xx/Include" -I"C:/Users/phiwersports/Desktop/Projects/Generated code/uart/uart/Drivers/CMSIS/Include" -I"C:/Users/phiwersports/Desktop/Projects/Generated code/uart/uart/Inc"  -Og -g3 -Wall -fmessage-length=0 -ffunction-sections -c -fmessage-length=0 -MMD -MP -MF"Drivers/STM32L4xx_HAL_Driver/stm32l4xx_hal_i2c.d" -MT"Drivers/STM32L4xx_HAL_Driver/stm32l4xx_hal_i2c.o" -o "Drivers/STM32L4xx_HAL_Driver/stm32l4xx_hal_i2c.o" "C:/Users/phiwersports/Desktop/Projects/Generated code/uart/uart/Drivers/STM32L4xx_HAL_Driver/Src/stm32l4xx_hal_i2c.c"
Finished building: C:/Users/phiwersports/Desktop/Projects/Generated code/uart/uart/Drivers/STM32L4xx_HAL_Driver/Src/stm32l4xx_hal_i2c.c
 
Building file: C:/Users/phiwersports/Desktop/Projects/Generated code/uart/uart/Drivers/STM32L4xx_HAL_Driver/Src/stm32l4xx_hal_i2c_ex.c
Invoking: MCU GCC Compiler
C:\Users\phiwersports\Desktop\Projects\Generated code\uart\uart\SW4STM32\uart\Debug
arm-none-eabi-gcc -mcpu=cortex-m4 -mthumb -mfloat-abi=hard -mfpu=fpv4-sp-d16 '-D__weak=__attribute__((weak))' '-D__packed=__attribute__((__packed__))' -DUSE_HAL_DRIVER -DSTM32L476xx -I"C:/Users/phiwersports/Desktop/Projects/Generated code/uart/uart/Inc" -I"C:/Users/phiwersports/Desktop/Projects/Generated code/uart/uart/Drivers/STM32L4xx_HAL_Driver/Inc" -I"C:/Users/phiwersports/Desktop/Projects/Generated code/uart/uart/Drivers/STM32L4xx_HAL_Driver/Inc/Legacy" -I"C:/Users/phiwersports/Desktop/Projects/Generated code/uart/uart/Drivers/CMSIS/Device/ST/STM32L4xx/Include" -I"C:/Users/phiwersports/Desktop/Projects/Generated code/uart/uart/Drivers/CMSIS/Include" -I"C:/Users/phiwersports/Desktop/Projects/Generated code/uart/uart/Inc"  -Og -g3 -Wall -fmessage-length=0 -ffunction-sections -c -fmessage-length=0 -MMD -MP -MF"Drivers/STM32L4xx_HAL_Driver/stm32l4xx_hal_i2c_ex.d" -MT"Drivers/STM32L4xx_HAL_Driver/stm32l4xx_hal_i2c_ex.o" -o "Drivers/STM32L4xx_HAL_Driver/stm32l4xx_hal_i2c_ex.o" "C:/Users/phiwersports/Desktop/Projects/Generated code/uart/uart/Drivers/STM32L4xx_HAL_Driver/Src/stm32l4xx_hal_i2c_ex.c"
Finished building: C:/Users/phiwersports/Desktop/Projects/Generated code/uart/uart/Drivers/STM32L4xx_HAL_Driver/Src/stm32l4xx_hal_i2c_ex.c
 
Building file: C:/Users/phiwersports/Desktop/Projects/Generated code/uart/uart/Drivers/STM32L4xx_HAL_Driver/Src/stm32l4xx_hal_pwr.c
Invoking: MCU GCC Compiler
C:\Users\phiwersports\Desktop\Projects\Generated code\uart\uart\SW4STM32\uart\Debug
arm-none-eabi-gcc -mcpu=cortex-m4 -mthumb -mfloat-abi=hard -mfpu=fpv4-sp-d16 '-D__weak=__attribute__((weak))' '-D__packed=__attribute__((__packed__))' -DUSE_HAL_DRIVER -DSTM32L476xx -I"C:/Users/phiwersports/Desktop/Projects/Generated code/uart/uart/Inc" -I"C:/Users/phiwersports/Desktop/Projects/Generated code/uart/uart/Drivers/STM32L4xx_HAL_Driver/Inc" -I"C:/Users/phiwersports/Desktop/Projects/Generated code/uart/uart/Drivers/STM32L4xx_HAL_Driver/Inc/Legacy" -I"C:/Users/phiwersports/Desktop/Projects/Generated code/uart/uart/Drivers/CMSIS/Device/ST/STM32L4xx/Include" -I"C:/Users/phiwersports/Desktop/Projects/Generated code/uart/uart/Drivers/CMSIS/Include" -I"C:/Users/phiwersports/Desktop/Projects/Generated code/uart/uart/Inc"  -Og -g3 -Wall -fmessage-length=0 -ffunction-sections -c -fmessage-length=0 -MMD -MP -MF"Drivers/STM32L4xx_HAL_Driver/stm32l4xx_hal_pwr.d" -MT"Drivers/STM32L4xx_HAL_Driver/stm32l4xx_hal_pwr.o" -o "Drivers/STM32L4xx_HAL_Driver/stm32l4xx_hal_pwr.o" "C:/Users/phiwersports/Desktop/Projects/Generated code/uart/uart/Drivers/STM32L4xx_HAL_Driver/Src/stm32l4xx_hal_pwr.c"
Finished building: C:/Users/phiwersports/Desktop/Projects/Generated code/uart/uart/Drivers/STM32L4xx_HAL_Driver/Src/stm32l4xx_hal_pwr.c
 
Building file: C:/Users/phiwersports/Desktop/Projects/Generated code/uart/uart/Drivers/STM32L4xx_HAL_Driver/Src/stm32l4xx_hal_pwr_ex.c
Invoking: MCU GCC Compiler
C:\Users\phiwersports\Desktop\Projects\Generated code\uart\uart\SW4STM32\uart\Debug
arm-none-eabi-gcc -mcpu=cortex-m4 -mthumb -mfloat-abi=hard -mfpu=fpv4-sp-d16 '-D__weak=__attribute__((weak))' '-D__packed=__attribute__((__packed__))' -DUSE_HAL_DRIVER -DSTM32L476xx -I"C:/Users/phiwersports/Desktop/Projects/Generated code/uart/uart/Inc" -I"C:/Users/phiwersports/Desktop/Projects/Generated code/uart/uart/Drivers/STM32L4xx_HAL_Driver/Inc" -I"C:/Users/phiwersports/Desktop/Projects/Generated code/uart/uart/Drivers/STM32L4xx_HAL_Driver/Inc/Legacy" -I"C:/Users/phiwersports/Desktop/Projects/Generated code/uart/uart/Drivers/CMSIS/Device/ST/STM32L4xx/Include" -I"C:/Users/phiwersports/Desktop/Projects/Generated code/uart/uart/Drivers/CMSIS/Include" -I"C:/Users/phiwersports/Desktop/Projects/Generated code/uart/uart/Inc"  -Og -g3 -Wall -fmessage-length=0 -ffunction-sections -c -fmessage-length=0 -MMD -MP -MF"Drivers/STM32L4xx_HAL_Driver/stm32l4xx_hal_pwr_ex.d" -MT"Drivers/STM32L4xx_HAL_Driver/stm32l4xx_hal_pwr_ex.o" -o "Drivers/STM32L4xx_HAL_Driver/stm32l4xx_hal_pwr_ex.o" "C:/Users/phiwersports/Desktop/Projects/Generated code/uart/uart/Drivers/STM32L4xx_HAL_Driver/Src/stm32l4xx_hal_pwr_ex.c"
Finished building: C:/Users/phiwersports/Desktop/Projects/Generated code/uart/uart/Drivers/STM32L4xx_HAL_Driver/Src/stm32l4xx_hal_pwr_ex.c
 
Building file: C:/Users/phiwersports/Desktop/Projects/Generated code/uart/uart/Drivers/STM32L4xx_HAL_Driver/Src/stm32l4xx_hal_rcc.c
Invoking: MCU GCC Compiler
C:\Users\phiwersports\Desktop\Projects\Generated code\uart\uart\SW4STM32\uart\Debug
arm-none-eabi-gcc -mcpu=cortex-m4 -mthumb -mfloat-abi=hard -mfpu=fpv4-sp-d16 '-D__weak=__attribute__((weak))' '-D__packed=__attribute__((__packed__))' -DUSE_HAL_DRIVER -DSTM32L476xx -I"C:/Users/phiwersports/Desktop/Projects/Generated code/uart/uart/Inc" -I"C:/Users/phiwersports/Desktop/Projects/Generated code/uart/uart/Drivers/STM32L4xx_HAL_Driver/Inc" -I"C:/Users/phiwersports/Desktop/Projects/Generated code/uart/uart/Drivers/STM32L4xx_HAL_Driver/Inc/Legacy" -I"C:/Users/phiwersports/Desktop/Projects/Generated code/uart/uart/Drivers/CMSIS/Device/ST/STM32L4xx/Include" -I"C:/Users/phiwersports/Desktop/Projects/Generated code/uart/uart/Drivers/CMSIS/Include" -I"C:/Users/phiwersports/Desktop/Projects/Generated code/uart/uart/Inc"  -Og -g3 -Wall -fmessage-length=0 -ffunction-sections -c -fmessage-length=0 -MMD -MP -MF"Drivers/STM32L4xx_HAL_Driver/stm32l4xx_hal_rcc.d" -MT"Drivers/STM32L4xx_HAL_Driver/stm32l4xx_hal_rcc.o" -o "Drivers/STM32L4xx_HAL_Driver/stm32l4xx_hal_rcc.o" "C:/Users/phiwersports/Desktop/Projects/Generated code/uart/uart/Drivers/STM32L4xx_HAL_Driver/Src/stm32l4xx_hal_rcc.c"
Finished building: C:/Users/phiwersports/Desktop/Projects/Generated code/uart/uart/Drivers/STM32L4xx_HAL_Driver/Src/stm32l4xx_hal_rcc.c
 
Building file: C:/Users/phiwersports/Desktop/Projects/Generated code/uart/uart/Drivers/STM32L4xx_HAL_Driver/Src/stm32l4xx_hal_rcc_ex.c
Invoking: MCU GCC Compiler
C:\Users\phiwersports\Desktop\Projects\Generated code\uart\uart\SW4STM32\uart\Debug
arm-none-eabi-gcc -mcpu=cortex-m4 -mthumb -mfloat-abi=hard -mfpu=fpv4-sp-d16 '-D__weak=__attribute__((weak))' '-D__packed=__attribute__((__packed__))' -DUSE_HAL_DRIVER -DSTM32L476xx -I"C:/Users/phiwersports/Desktop/Projects/Generated code/uart/uart/Inc" -I"C:/Users/phiwersports/Desktop/Projects/Generated code/uart/uart/Drivers/STM32L4xx_HAL_Driver/Inc" -I"C:/Users/phiwersports/Desktop/Projects/Generated code/uart/uart/Drivers/STM32L4xx_HAL_Driver/Inc/Legacy" -I"C:/Users/phiwersports/Desktop/Projects/Generated code/uart/uart/Drivers/CMSIS/Device/ST/STM32L4xx/Include" -I"C:/Users/phiwersports/Desktop/Projects/Generated code/uart/uart/Drivers/CMSIS/Include" -I"C:/Users/phiwersports/Desktop/Projects/Generated code/uart/uart/Inc"  -Og -g3 -Wall -fmessage-length=0 -ffunction-sections -c -fmessage-length=0 -MMD -MP -MF"Drivers/STM32L4xx_HAL_Driver/stm32l4xx_hal_rcc_ex.d" -MT"Drivers/STM32L4xx_HAL_Driver/stm32l4xx_hal_rcc_ex.o" -o "Drivers/STM32L4xx_HAL_Driver/stm32l4xx_hal_rcc_ex.o" "C:/Users/phiwersports/Desktop/Projects/Generated code/uart/uart/Drivers/STM32L4xx_HAL_Driver/Src/stm32l4xx_hal_rcc_ex.c"
Finished building: C:/Users/phiwersports/Desktop/Projects/Generated code/uart/uart/Drivers/STM32L4xx_HAL_Driver/Src/stm32l4xx_hal_rcc_ex.c
 
Building file: C:/Users/phiwersports/Desktop/Projects/Generated code/uart/uart/Drivers/STM32L4xx_HAL_Driver/Src/stm32l4xx_hal_tim.c
Invoking: MCU GCC Compiler
C:\Users\phiwersports\Desktop\Projects\Generated code\uart\uart\SW4STM32\uart\Debug
arm-none-eabi-gcc -mcpu=cortex-m4 -mthumb -mfloat-abi=hard -mfpu=fpv4-sp-d16 '-D__weak=__attribute__((weak))' '-D__packed=__attribute__((__packed__))' -DUSE_HAL_DRIVER -DSTM32L476xx -I"C:/Users/phiwersports/Desktop/Projects/Generated code/uart/uart/Inc" -I"C:/Users/phiwersports/Desktop/Projects/Generated code/uart/uart/Drivers/STM32L4xx_HAL_Driver/Inc" -I"C:/Users/phiwersports/Desktop/Projects/Generated code/uart/uart/Drivers/STM32L4xx_HAL_Driver/Inc/Legacy" -I"C:/Users/phiwersports/Desktop/Projects/Generated code/uart/uart/Drivers/CMSIS/Device/ST/STM32L4xx/Include" -I"C:/Users/phiwersports/Desktop/Projects/Generated code/uart/uart/Drivers/CMSIS/Include" -I"C:/Users/phiwersports/Desktop/Projects/Generated code/uart/uart/Inc"  -Og -g3 -Wall -fmessage-length=0 -ffunction-sections -c -fmessage-length=0 -MMD -MP -MF"Drivers/STM32L4xx_HAL_Driver/stm32l4xx_hal_tim.d" -MT"Drivers/STM32L4xx_HAL_Driver/stm32l4xx_hal_tim.o" -o "Drivers/STM32L4xx_HAL_Driver/stm32l4xx_hal_tim.o" "C:/Users/phiwersports/Desktop/Projects/Generated code/uart/uart/Drivers/STM32L4xx_HAL_Driver/Src/stm32l4xx_hal_tim.c"
Finished building: C:/Users/phiwersports/Desktop/Projects/Generated code/uart/uart/Drivers/STM32L4xx_HAL_Driver/Src/stm32l4xx_hal_tim.c
 
Building file: C:/Users/phiwersports/Desktop/Projects/Generated code/uart/uart/Drivers/STM32L4xx_HAL_Driver/Src/stm32l4xx_hal_tim_ex.c
Invoking: MCU GCC Compiler
C:\Users\phiwersports\Desktop\Projects\Generated code\uart\uart\SW4STM32\uart\Debug
arm-none-eabi-gcc -mcpu=cortex-m4 -mthumb -mfloat-abi=hard -mfpu=fpv4-sp-d16 '-D__weak=__attribute__((weak))' '-D__packed=__attribute__((__packed__))' -DUSE_HAL_DRIVER -DSTM32L476xx -I"C:/Users/phiwersports/Desktop/Projects/Generated code/uart/uart/Inc" -I"C:/Users/phiwersports/Desktop/Projects/Generated code/uart/uart/Drivers/STM32L4xx_HAL_Driver/Inc" -I"C:/Users/phiwersports/Desktop/Projects/Generated code/uart/uart/Drivers/STM32L4xx_HAL_Driver/Inc/Legacy" -I"C:/Users/phiwersports/Desktop/Projects/Generated code/uart/uart/Drivers/CMSIS/Device/ST/STM32L4xx/Include" -I"C:/Users/phiwersports/Desktop/Projects/Generated code/uart/uart/Drivers/CMSIS/Include" -I"C:/Users/phiwersports/Desktop/Projects/Generated code/uart/uart/Inc"  -Og -g3 -Wall -fmessage-length=0 -ffunction-sections -c -fmessage-length=0 -MMD -MP -MF"Drivers/STM32L4xx_HAL_Driver/stm32l4xx_hal_tim_ex.d" -MT"Drivers/STM32L4xx_HAL_Driver/stm32l4xx_hal_tim_ex.o" -o "Drivers/STM32L4xx_HAL_Driver/stm32l4xx_hal_tim_ex.o" "C:/Users/phiwersports/Desktop/Projects/Generated code/uart/uart/Drivers/STM32L4xx_HAL_Driver/Src/stm32l4xx_hal_tim_ex.c"
Finished building: C:/Users/phiwersports/Desktop/Projects/Generated code/uart/uart/Drivers/STM32L4xx_HAL_Driver/Src/stm32l4xx_hal_tim_ex.c
 
Building file: C:/Users/phiwersports/Desktop/Projects/Generated code/uart/uart/Drivers/STM32L4xx_HAL_Driver/Src/stm32l4xx_hal_uart.c
Invoking: MCU GCC Compiler
C:\Users\phiwersports\Desktop\Projects\Generated code\uart\uart\SW4STM32\uart\Debug
arm-none-eabi-gcc -mcpu=cortex-m4 -mthumb -mfloat-abi=hard -mfpu=fpv4-sp-d16 '-D__weak=__attribute__((weak))' '-D__packed=__attribute__((__packed__))' -DUSE_HAL_DRIVER -DSTM32L476xx -I"C:/Users/phiwersports/Desktop/Projects/Generated code/uart/uart/Inc" -I"C:/Users/phiwersports/Desktop/Projects/Generated code/uart/uart/Drivers/STM32L4xx_HAL_Driver/Inc" -I"C:/Users/phiwersports/Desktop/Projects/Generated code/uart/uart/Drivers/STM32L4xx_HAL_Driver/Inc/Legacy" -I"C:/Users/phiwersports/Desktop/Projects/Generated code/uart/uart/Drivers/CMSIS/Device/ST/STM32L4xx/Include" -I"C:/Users/phiwersports/Desktop/Projects/Generated code/uart/uart/Drivers/CMSIS/Include" -I"C:/Users/phiwersports/Desktop/Projects/Generated code/uart/uart/Inc"  -Og -g3 -Wall -fmessage-length=0 -ffunction-sections -c -fmessage-length=0 -MMD -MP -MF"Drivers/STM32L4xx_HAL_Driver/stm32l4xx_hal_uart.d" -MT"Drivers/STM32L4xx_HAL_Driver/stm32l4xx_hal_uart.o" -o "Drivers/STM32L4xx_HAL_Driver/stm32l4xx_hal_uart.o" "C:/Users/phiwersports/Desktop/Projects/Generated code/uart/uart/Drivers/STM32L4xx_HAL_Driver/Src/stm32l4xx_hal_uart.c"
Finished building: C:/Users/phiwersports/Desktop/Projects/Generated code/uart/uart/Drivers/STM32L4xx_HAL_Driver/Src/stm32l4xx_hal_uart.c
 
Building file: C:/Users/phiwersports/Desktop/Projects/Generated code/uart/uart/Drivers/STM32L4xx_HAL_Driver/Src/stm32l4xx_hal_uart_ex.c
Invoking: MCU GCC Compiler
C:\Users\phiwersports\Desktop\Projects\Generated code\uart\uart\SW4STM32\uart\Debug
arm-none-eabi-gcc -mcpu=cortex-m4 -mthumb -mfloat-abi=hard -mfpu=fpv4-sp-d16 '-D__weak=__attribute__((weak))' '-D__packed=__attribute__((__packed__))' -DUSE_HAL_DRIVER -DSTM32L476xx -I"C:/Users/phiwersports/Desktop/Projects/Generated code/uart/uart/Inc" -I"C:/Users/phiwersports/Desktop/Projects/Generated code/uart/uart/Drivers/STM32L4xx_HAL_Driver/Inc" -I"C:/Users/phiwersports/Desktop/Projects/Generated code/uart/uart/Drivers/STM32L4xx_HAL_Driver/Inc/Legacy" -I"C:/Users/phiwersports/Desktop/Projects/Generated code/uart/uart/Drivers/CMSIS/Device/ST/STM32L4xx/Include" -I"C:/Users/phiwersports/Desktop/Projects/Generated code/uart/uart/Drivers/CMSIS/Include" -I"C:/Users/phiwersports/Desktop/Projects/Generated code/uart/uart/Inc"  -Og -g3 -Wall -fmessage-length=0 -ffunction-sections -c -fmessage-length=0 -MMD -MP -MF"Drivers/STM32L4xx_HAL_Driver/stm32l4xx_hal_uart_ex.d" -MT"Drivers/STM32L4xx_HAL_Driver/stm32l4xx_hal_uart_ex.o" -o "Drivers/STM32L4xx_HAL_Driver/stm32l4xx_hal_uart_ex.o" "C:/Users/phiwersports/Desktop/Projects/Generated code/uart/uart/Drivers/STM32L4xx_HAL_Driver/Src/stm32l4xx_hal_uart_ex.c"
Finished building: C:/Users/phiwersports/Desktop/Projects/Generated code/uart/uart/Drivers/STM32L4xx_HAL_Driver/Src/stm32l4xx_hal_uart_ex.c
 
Building file: C:/Users/phiwersports/Desktop/Projects/Generated code/uart/uart/Src/system_stm32l4xx.c
Invoking: MCU GCC Compiler
C:\Users\phiwersports\Desktop\Projects\Generated code\uart\uart\SW4STM32\uart\Debug
arm-none-eabi-gcc -mcpu=cortex-m4 -mthumb -mfloat-abi=hard -mfpu=fpv4-sp-d16 '-D__weak=__attribute__((weak))' '-D__packed=__attribute__((__packed__))' -DUSE_HAL_DRIVER -DSTM32L476xx -I"C:/Users/phiwersports/Desktop/Projects/Generated code/uart/uart/Inc" -I"C:/Users/phiwersports/Desktop/Projects/Generated code/uart/uart/Drivers/STM32L4xx_HAL_Driver/Inc" -I"C:/Users/phiwersports/Desktop/Projects/Generated code/uart/uart/Drivers/STM32L4xx_HAL_Driver/Inc/Legacy" -I"C:/Users/phiwersports/Desktop/Projects/Generated code/uart/uart/Drivers/CMSIS/Device/ST/STM32L4xx/Include" -I"C:/Users/phiwersports/Desktop/Projects/Generated code/uart/uart/Drivers/CMSIS/Include" -I"C:/Users/phiwersports/Desktop/Projects/Generated code/uart/uart/Inc"  -Og -g3 -Wall -fmessage-length=0 -ffunction-sections -c -fmessage-length=0 -MMD -MP -MF"Drivers/CMSIS/system_stm32l4xx.d" -MT"Drivers/CMSIS/system_stm32l4xx.o" -o "Drivers/CMSIS/system_stm32l4xx.o" "C:/Users/phiwersports/Desktop/Projects/Generated code/uart/uart/Src/system_stm32l4xx.c"
Finished building: C:/Users/phiwersports/Desktop/Projects/Generated code/uart/uart/Src/system_stm32l4xx.c
 
Building file: C:/Users/phiwersports/Desktop/Projects/Generated code/uart/uart/Src/main.c
Invoking: MCU GCC Compiler
C:\Users\phiwersports\Desktop\Projects\Generated code\uart\uart\SW4STM32\uart\Debug
arm-none-eabi-gcc -mcpu=cortex-m4 -mthumb -mfloat-abi=hard -mfpu=fpv4-sp-d16 '-D__weak=__attribute__((weak))' '-D__packed=__attribute__((__packed__))' -DUSE_HAL_DRIVER -DSTM32L476xx -I"C:/Users/phiwersports/Desktop/Projects/Generated code/uart/uart/Inc" -I"C:/Users/phiwersports/Desktop/Projects/Generated code/uart/uart/Drivers/STM32L4xx_HAL_Driver/Inc" -I"C:/Users/phiwersports/Desktop/Projects/Generated code/uart/uart/Drivers/STM32L4xx_HAL_Driver/Inc/Legacy" -I"C:/Users/phiwersports/Desktop/Projects/Generated code/uart/uart/Drivers/CMSIS/Device/ST/STM32L4xx/Include" -I"C:/Users/phiwersports/Desktop/Projects/Generated code/uart/uart/Drivers/CMSIS/Include" -I"C:/Users/phiwersports/Desktop/Projects/Generated code/uart/uart/Inc"  -Og -g3 -Wall -fmessage-length=0 -ffunction-sections -c -fmessage-length=0 -MMD -MP -MF"Application/User/main.d" -MT"Application/User/main.o" -o "Application/User/main.o" "C:/Users/phiwersports/Desktop/Projects/Generated code/uart/uart/Src/main.c"
C:/Users/phiwersports/Desktop/Projects/Generated code/uart/uart/Src/main.c: In function 'main':
C:/Users/phiwersports/Desktop/Projects/Generated code/uart/uart/Src/main.c:144:32: warning: pointer targets in passing argument 2 of 'HAL_UART_Transmit_IT' differ in signedness [-Wpointer-sign]
   HAL_UART_Transmit_IT(&huart2,tx_buff,10);
                                ^~~~~~~
In file included from C:/Users/phiwersports/Desktop/Projects/Generated code/uart/uart/Inc/stm32l4xx_hal_conf.h:376:0,
                 from C:/Users/phiwersports/Desktop/Projects/Generated code/uart/uart/Drivers/STM32L4xx_HAL_Driver/Inc/stm32l4xx_hal.h:46,
                 from C:/Users/phiwersports/Desktop/Projects/Generated code/uart/uart/Src/main.c:40:
C:/Users/phiwersports/Desktop/Projects/Generated code/uart/uart/Drivers/STM32L4xx_HAL_Driver/Inc/stm32l4xx_hal_uart.h:1549:19: note: expected 'uint8_t * {aka unsigned char *}' but argument is of type 'char *'
 HAL_StatusTypeDef HAL_UART_Transmit_IT(UART_HandleTypeDef *huart, uint8_t *pData, uint16_t Size);
                   ^~~~~~~~~~~~~~~~~~~~
C:/Users/phiwersports/Desktop/Projects/Generated code/uart/uart/Src/main.c:145:31: warning: pointer targets in passing argument 2 of 'HAL_UART_Receive_IT' differ in signedness [-Wpointer-sign]
   HAL_UART_Receive_IT(&huart2,rxData,10);
                               ^~~~~~
In file included from C:/Users/phiwersports/Desktop/Projects/Generated code/uart/uart/Inc/stm32l4xx_hal_conf.h:376:0,
                 from C:/Users/phiwersports/Desktop/Projects/Generated code/uart/uart/Drivers/STM32L4xx_HAL_Driver/Inc/stm32l4xx_hal.h:46,
                 from C:/Users/phiwersports/Desktop/Projects/Generated code/uart/uart/Src/main.c:40:
C:/Users/phiwersports/Desktop/Projects/Generated code/uart/uart/Drivers/STM32L4xx_HAL_Driver/Inc/stm32l4xx_hal_uart.h:1550:19: note: expected 'uint8_t * {aka unsigned char *}' but argument is of type 'char *'
 HAL_StatusTypeDef HAL_UART_Receive_IT(UART_HandleTypeDef *huart, uint8_t *pData, uint16_t Size);
                   ^~~~~~~~~~~~~~~~~~~
C:/Users/phiwersports/Desktop/Projects/Generated code/uart/uart/Src/main.c: In function '_Error_Handler':
C:/Users/phiwersports/Desktop/Projects/Generated code/uart/uart/Src/main.c:374:38: warning: implicit declaration of function 'strlen' [-Wimplicit-function-declaration]
    HAL_UART_Transmit(&huart2,"error",strlen("error"),10);
                                      ^~~~~~
C:/Users/phiwersports/Desktop/Projects/Generated code/uart/uart/Src/main.c:374:38: warning: incompatible implicit declaration of built-in function 'strlen'
C:/Users/phiwersports/Desktop/Projects/Generated code/uart/uart/Src/main.c:374:38: note: include '<string.h>' or provide a declaration of 'strlen'
C:/Users/phiwersports/Desktop/Projects/Generated code/uart/uart/Src/main.c:374:30: warning: pointer targets in passing argument 2 of 'HAL_UART_Transmit' differ in signedness [-Wpointer-sign]
    HAL_UART_Transmit(&huart2,"error",strlen("error"),10);
                              ^~~~~~~
In file included from C:/Users/phiwersports/Desktop/Projects/Generated code/uart/uart/Inc/stm32l4xx_hal_conf.h:376:0,
                 from C:/Users/phiwersports/Desktop/Projects/Generated code/uart/uart/Drivers/STM32L4xx_HAL_Driver/Inc/stm32l4xx_hal.h:46,
                 from C:/Users/phiwersports/Desktop/Projects/Generated code/uart/uart/Src/main.c:40:
C:/Users/phiwersports/Desktop/Projects/Generated code/uart/uart/Drivers/STM32L4xx_HAL_Driver/Inc/stm32l4xx_hal_uart.h:1547:19: note: expected 'uint8_t * {aka unsigned char *}' but argument is of type 'char *'
 HAL_StatusTypeDef HAL_UART_Transmit(UART_HandleTypeDef *huart, uint8_t *pData, uint16_t Size, uint32_t Timeout);
                   ^~~~~~~~~~~~~~~~~
Finished building: C:/Users/phiwersports/Desktop/Projects/Generated code/uart/uart/Src/main.c
 
Building file: C:/Users/phiwersports/Desktop/Projects/Generated code/uart/uart/Src/stm32l4xx_hal_msp.c
Invoking: MCU GCC Compiler
C:\Users\phiwersports\Desktop\Projects\Generated code\uart\uart\SW4STM32\uart\Debug
arm-none-eabi-gcc -mcpu=cortex-m4 -mthumb -mfloat-abi=hard -mfpu=fpv4-sp-d16 '-D__weak=__attribute__((weak))' '-D__packed=__attribute__((__packed__))' -DUSE_HAL_DRIVER -DSTM32L476xx -I"C:/Users/phiwersports/Desktop/Projects/Generated code/uart/uart/Inc" -I"C:/Users/phiwersports/Desktop/Projects/Generated code/uart/uart/Drivers/STM32L4xx_HAL_Driver/Inc" -I"C:/Users/phiwersports/Desktop/Projects/Generated code/uart/uart/Drivers/STM32L4xx_HAL_Driver/Inc/Legacy" -I"C:/Users/phiwersports/Desktop/Projects/Generated code/uart/uart/Drivers/CMSIS/Device/ST/STM32L4xx/Include" -I"C:/Users/phiwersports/Desktop/Projects/Generated code/uart/uart/Drivers/CMSIS/Include" -I"C:/Users/phiwersports/Desktop/Projects/Generated code/uart/uart/Inc"  -Og -g3 -Wall -fmessage-length=0 -ffunction-sections -c -fmessage-length=0 -MMD -MP -MF"Application/User/stm32l4xx_hal_msp.d" -MT"Application/User/stm32l4xx_hal_msp.o" -o "Application/User/stm32l4xx_hal_msp.o" "C:/Users/phiwersports/Desktop/Projects/Generated code/uart/uart/Src/stm32l4xx_hal_msp.c"
Finished building: C:/Users/phiwersports/Desktop/Projects/Generated code/uart/uart/Src/stm32l4xx_hal_msp.c
 
Building file: C:/Users/phiwersports/Desktop/Projects/Generated code/uart/uart/Src/stm32l4xx_it.c
Invoking: MCU GCC Compiler
C:\Users\phiwersports\Desktop\Projects\Generated code\uart\uart\SW4STM32\uart\Debug
arm-none-eabi-gcc -mcpu=cortex-m4 -mthumb -mfloat-abi=hard -mfpu=fpv4-sp-d16 '-D__weak=__attribute__((weak))' '-D__packed=__attribute__((__packed__))' -DUSE_HAL_DRIVER -DSTM32L476xx -I"C:/Users/phiwersports/Desktop/Projects/Generated code/uart/uart/Inc" -I"C:/Users/phiwersports/Desktop/Projects/Generated code/uart/uart/Drivers/STM32L4xx_HAL_Driver/Inc" -I"C:/Users/phiwersports/Desktop/Projects/Generated code/uart/uart/Drivers/STM32L4xx_HAL_Driver/Inc/Legacy" -I"C:/Users/phiwersports/Desktop/Projects/Generated code/uart/uart/Drivers/CMSIS/Device/ST/STM32L4xx/Include" -I"C:/Users/phiwersports/Desktop/Projects/Generated code/uart/uart/Drivers/CMSIS/Include" -I"C:/Users/phiwersports/Desktop/Projects/Generated code/uart/uart/Inc"  -Og -g3 -Wall -fmessage-length=0 -ffunction-sections -c -fmessage-length=0 -MMD -MP -MF"Application/User/stm32l4xx_it.d" -MT"Application/User/stm32l4xx_it.o" -o "Application/User/stm32l4xx_it.o" "C:/Users/phiwersports/Desktop/Projects/Generated code/uart/uart/Src/stm32l4xx_it.c"
Finished building: C:/Users/phiwersports/Desktop/Projects/Generated code/uart/uart/Src/stm32l4xx_it.c
 
Building target: uart.elf
Invoking: MCU GCC Linker
arm-none-eabi-gcc -mcpu=cortex-m4 -mthumb -mfloat-abi=hard -mfpu=fpv4-sp-d16 -specs=nosys.specs -specs=nano.specs -T"../STM32L476RGTx_FLASH.ld" -Wl,-Map=output.map -Wl,--gc-sections -o "uart.elf" @"objects.list"   -lm
Finished building target: uart.elf
 
make --no-print-directory post-build
Generating binary and Printing size information:
arm-none-eabi-objcopy -O binary "uart.elf" "uart.bin"
arm-none-eabi-size "uart.elf"
   text	   data	    bss	    dec	    hex	filename
  10752	     24	   1720	  12496	   30d0	uart.elf
 
09:39:41 **** Incremental Build of configuration Debug for project uart ****
make all 
Building file: C:/Users/phiwersports/Desktop/Projects/Generated code/uart/uart/Src/main.c
Invoking: MCU GCC Compiler
C:\Users\phiwersports\Desktop\Projects\Generated code\uart\uart\SW4STM32\uart\Debug
arm-none-eabi-gcc -mcpu=cortex-m4 -mthumb -mfloat-abi=hard -mfpu=fpv4-sp-d16 '-D__weak=__attribute__((weak))' '-D__packed=__attribute__((__packed__))' -DUSE_HAL_DRIVER -DSTM32L476xx -I"C:/Users/phiwersports/Desktop/Projects/Generated code/uart/uart/Inc" -I"C:/Users/phiwersports/Desktop/Projects/Generated code/uart/uart/Drivers/STM32L4xx_HAL_Driver/Inc" -I"C:/Users/phiwersports/Desktop/Projects/Generated code/uart/uart/Drivers/STM32L4xx_HAL_Driver/Inc/Legacy" -I"C:/Users/phiwersports/Desktop/Projects/Generated code/uart/uart/Drivers/CMSIS/Device/ST/STM32L4xx/Include" -I"C:/Users/phiwersports/Desktop/Projects/Generated code/uart/uart/Drivers/CMSIS/Include" -I"C:/Users/phiwersports/Desktop/Projects/Generated code/uart/uart/Inc"  -Og -g3 -Wall -fmessage-length=0 -ffunction-sections -c -fmessage-length=0 -MMD -MP -MF"Application/User/main.d" -MT"Application/User/main.o" -o "Application/User/main.o" "C:/Users/phiwersports/Desktop/Projects/Generated code/uart/uart/Src/main.c"
C:/Users/phiwersports/Desktop/Projects/Generated code/uart/uart/Src/main.c: In function 'main':
C:/Users/phiwersports/Desktop/Projects/Generated code/uart/uart/Src/main.c:144:32: warning: pointer targets in passing argument 2 of 'HAL_UART_Transmit_IT' differ in signedness [-Wpointer-sign]
   HAL_UART_Transmit_IT(&huart2,tx_buff,10);
                                ^~~~~~~
In file included from C:/Users/phiwersports/Desktop/Projects/Generated code/uart/uart/Inc/stm32l4xx_hal_conf.h:376:0,
                 from C:/Users/phiwersports/Desktop/Projects/Generated code/uart/uart/Drivers/STM32L4xx_HAL_Driver/Inc/stm32l4xx_hal.h:46,
                 from C:/Users/phiwersports/Desktop/Projects/Generated code/uart/uart/Src/main.c:40:
C:/Users/phiwersports/Desktop/Projects/Generated code/uart/uart/Drivers/STM32L4xx_HAL_Driver/Inc/stm32l4xx_hal_uart.h:1549:19: note: expected 'uint8_t * {aka unsigned char *}' but argument is of type 'char *'
 HAL_StatusTypeDef HAL_UART_Transmit_IT(UART_HandleTypeDef *huart, uint8_t *pData, uint16_t Size);
                   ^~~~~~~~~~~~~~~~~~~~
C:/Users/phiwersports/Desktop/Projects/Generated code/uart/uart/Src/main.c:145:31: warning: pointer targets in passing argument 2 of 'HAL_UART_Receive_IT' differ in signedness [-Wpointer-sign]
   HAL_UART_Receive_IT(&huart2,rxData,10);
                               ^~~~~~
In file included from C:/Users/phiwersports/Desktop/Projects/Generated code/uart/uart/Inc/stm32l4xx_hal_conf.h:376:0,
                 from C:/Users/phiwersports/Desktop/Projects/Generated code/uart/uart/Drivers/STM32L4xx_HAL_Driver/Inc/stm32l4xx_hal.h:46,
                 from C:/Users/phiwersports/Desktop/Projects/Generated code/uart/uart/Src/main.c:40:
C:/Users/phiwersports/Desktop/Projects/Generated code/uart/uart/Drivers/STM32L4xx_HAL_Driver/Inc/stm32l4xx_hal_uart.h:1550:19: note: expected 'uint8_t * {aka unsigned char *}' but argument is of type 'char *'
 HAL_StatusTypeDef HAL_UART_Receive_IT(UART_HandleTypeDef *huart, uint8_t *pData, uint16_t Size);
                   ^~~~~~~~~~~~~~~~~~~
C:/Users/phiwersports/Desktop/Projects/Generated code/uart/uart/Src/main.c: In function '_Error_Handler':
C:/Users/phiwersports/Desktop/Projects/Generated code/uart/uart/Src/main.c:375:38: warning: implicit declaration of function 'strlen' [-Wimplicit-function-declaration]
    HAL_UART_Transmit(&huart2,"error",strlen("error"),10);
                                      ^~~~~~
C:/Users/phiwersports/Desktop/Projects/Generated code/uart/uart/Src/main.c:375:38: warning: incompatible implicit declaration of built-in function 'strlen'
C:/Users/phiwersports/Desktop/Projects/Generated code/uart/uart/Src/main.c:375:38: note: include '<string.h>' or provide a declaration of 'strlen'
C:/Users/phiwersports/Desktop/Projects/Generated code/uart/uart/Src/main.c:375:30: warning: pointer targets in passing argument 2 of 'HAL_UART_Transmit' differ in signedness [-Wpointer-sign]
    HAL_UART_Transmit(&huart2,"error",strlen("error"),10);
                              ^~~~~~~
In file included from C:/Users/phiwersports/Desktop/Projects/Generated code/uart/uart/Inc/stm32l4xx_hal_conf.h:376:0,
                 from C:/Users/phiwersports/Desktop/Projects/Generated code/uart/uart/Drivers/STM32L4xx_HAL_Driver/Inc/stm32l4xx_hal.h:46,
                 from C:/Users/phiwersports/Desktop/Projects/Generated code/uart/uart/Src/main.c:40:
C:/Users/phiwersports/Desktop/Projects/Generated code/uart/uart/Drivers/STM32L4xx_HAL_Driver/Inc/stm32l4xx_hal_uart.h:1547:19: note: expected 'uint8_t * {aka unsigned char *}' but argument is of type 'char *'
 HAL_StatusTypeDef HAL_UART_Transmit(UART_HandleTypeDef *huart, uint8_t *pData, uint16_t Size, uint32_t Timeout);
                   ^~~~~~~~~~~~~~~~~
Finished building: C:/Users/phiwersports/Desktop/Projects/Generated code/uart/uart/Src/main.c
 
Building target: uart.elf
Invoking: MCU GCC Linker
arm-none-eabi-gcc -mcpu=cortex-m4 -mthumb -mfloat-abi=hard -mfpu=fpv4-sp-d16 -specs=nosys.specs -specs=nano.specs -T"../STM32L476RGTx_FLASH.ld" -Wl,-Map=output.map -Wl,--gc-sections -o "uart.elf" @"objects.list"   -lm
Finished building target: uart.elf
 
make --no-print-directory post-build
Generating binary and Printing size information:
arm-none-eabi-objcopy -O binary "uart.elf" "uart.bin"
arm-none-eabi-size "uart.elf"
   text	   data	    bss	    dec	    hex	filename
  10760	     24	   1720	  12504	   30d8	uart.elf
 
09:42:01 **** Incremental Build of configuration Debug for project uart ****
make all 
Building file: C:/Users/phiwersports/Desktop/Projects/Generated code/uart/uart/Src/main.c
Invoking: MCU GCC Compiler
C:\Users\phiwersports\Desktop\Projects\Generated code\uart\uart\SW4STM32\uart\Debug
arm-none-eabi-gcc -mcpu=cortex-m4 -mthumb -mfloat-abi=hard -mfpu=fpv4-sp-d16 '-D__weak=__attribute__((weak))' '-D__packed=__attribute__((__packed__))' -DUSE_HAL_DRIVER -DSTM32L476xx -I"C:/Users/phiwersports/Desktop/Projects/Generated code/uart/uart/Inc" -I"C:/Users/phiwersports/Desktop/Projects/Generated code/uart/uart/Drivers/STM32L4xx_HAL_Driver/Inc" -I"C:/Users/phiwersports/Desktop/Projects/Generated code/uart/uart/Drivers/STM32L4xx_HAL_Driver/Inc/Legacy" -I"C:/Users/phiwersports/Desktop/Projects/Generated code/uart/uart/Drivers/CMSIS/Device/ST/STM32L4xx/Include" -I"C:/Users/phiwersports/Desktop/Projects/Generated code/uart/uart/Drivers/CMSIS/Include" -I"C:/Users/phiwersports/Desktop/Projects/Generated code/uart/uart/Inc"  -Og -g3 -Wall -fmessage-length=0 -ffunction-sections -c -fmessage-length=0 -MMD -MP -MF"Application/User/main.d" -MT"Application/User/main.o" -o "Application/User/main.o" "C:/Users/phiwersports/Desktop/Projects/Generated code/uart/uart/Src/main.c"
C:/Users/phiwersports/Desktop/Projects/Generated code/uart/uart/Src/main.c: In function 'main':
C:/Users/phiwersports/Desktop/Projects/Generated code/uart/uart/Src/main.c:144:32: warning: pointer targets in passing argument 2 of 'HAL_UART_Transmit_IT' differ in signedness [-Wpointer-sign]
   HAL_UART_Transmit_IT(&huart2,tx_buff,10);
                                ^~~~~~~
In file included from C:/Users/phiwersports/Desktop/Projects/Generated code/uart/uart/Inc/stm32l4xx_hal_conf.h:376:0,
                 from C:/Users/phiwersports/Desktop/Projects/Generated code/uart/uart/Drivers/STM32L4xx_HAL_Driver/Inc/stm32l4xx_hal.h:46,
                 from C:/Users/phiwersports/Desktop/Projects/Generated code/uart/uart/Src/main.c:40:
C:/Users/phiwersports/Desktop/Projects/Generated code/uart/uart/Drivers/STM32L4xx_HAL_Driver/Inc/stm32l4xx_hal_uart.h:1549:19: note: expected 'uint8_t * {aka unsigned char *}' but argument is of type 'char *'
 HAL_StatusTypeDef HAL_UART_Transmit_IT(UART_HandleTypeDef *huart, uint8_t *pData, uint16_t Size);
                   ^~~~~~~~~~~~~~~~~~~~
C:/Users/phiwersports/Desktop/Projects/Generated code/uart/uart/Src/main.c:145:31: warning: pointer targets in passing argument 2 of 'HAL_UART_Receive_IT' differ in signedness [-Wpointer-sign]
   HAL_UART_Receive_IT(&huart2,rxData,10);
                               ^~~~~~
In file included from C:/Users/phiwersports/Desktop/Projects/Generated code/uart/uart/Inc/stm32l4xx_hal_conf.h:376:0,
                 from C:/Users/phiwersports/Desktop/Projects/Generated code/uart/uart/Drivers/STM32L4xx_HAL_Driver/Inc/stm32l4xx_hal.h:46,
                 from C:/Users/phiwersports/Desktop/Projects/Generated code/uart/uart/Src/main.c:40:
C:/Users/phiwersports/Desktop/Projects/Generated code/uart/uart/Drivers/STM32L4xx_HAL_Driver/Inc/stm32l4xx_hal_uart.h:1550:19: note: expected 'uint8_t * {aka unsigned char *}' but argument is of type 'char *'
 HAL_StatusTypeDef HAL_UART_Receive_IT(UART_HandleTypeDef *huart, uint8_t *pData, uint16_t Size);
                   ^~~~~~~~~~~~~~~~~~~
C:/Users/phiwersports/Desktop/Projects/Generated code/uart/uart/Src/main.c: In function '_Error_Handler':
C:/Users/phiwersports/Desktop/Projects/Generated code/uart/uart/Src/main.c:375:38: warning: implicit declaration of function 'strlen' [-Wimplicit-function-declaration]
    HAL_UART_Transmit(&huart2,"error",strlen("error"),10);
                                      ^~~~~~
C:/Users/phiwersports/Desktop/Projects/Generated code/uart/uart/Src/main.c:375:38: warning: incompatible implicit declaration of built-in function 'strlen'
C:/Users/phiwersports/Desktop/Projects/Generated code/uart/uart/Src/main.c:375:38: note: include '<string.h>' or provide a declaration of 'strlen'
C:/Users/phiwersports/Desktop/Projects/Generated code/uart/uart/Src/main.c:375:30: warning: pointer targets in passing argument 2 of 'HAL_UART_Transmit' differ in signedness [-Wpointer-sign]
    HAL_UART_Transmit(&huart2,"error",strlen("error"),10);
                              ^~~~~~~
In file included from C:/Users/phiwersports/Desktop/Projects/Generated code/uart/uart/Inc/stm32l4xx_hal_conf.h:376:0,
                 from C:/Users/phiwersports/Desktop/Projects/Generated code/uart/uart/Drivers/STM32L4xx_HAL_Driver/Inc/stm32l4xx_hal.h:46,
                 from C:/Users/phiwersports/Desktop/Projects/Generated code/uart/uart/Src/main.c:40:
C:/Users/phiwersports/Desktop/Projects/Generated code/uart/uart/Drivers/STM32L4xx_HAL_Driver/Inc/stm32l4xx_hal_uart.h:1547:19: note: expected 'uint8_t * {aka unsigned char *}' but argument is of type 'char *'
 HAL_StatusTypeDef HAL_UART_Transmit(UART_HandleTypeDef *huart, uint8_t *pData, uint16_t Size, uint32_t Timeout);
                   ^~~~~~~~~~~~~~~~~
Finished building: C:/Users/phiwersports/Desktop/Projects/Generated code/uart/uart/Src/main.c
 
Building file: C:/Users/phiwersports/Desktop/Projects/Generated code/uart/uart/Src/stm32l4xx_it.c
Invoking: MCU GCC Compiler
C:\Users\phiwersports\Desktop\Projects\Generated code\uart\uart\SW4STM32\uart\Debug
arm-none-eabi-gcc -mcpu=cortex-m4 -mthumb -mfloat-abi=hard -mfpu=fpv4-sp-d16 '-D__weak=__attribute__((weak))' '-D__packed=__attribute__((__packed__))' -DUSE_HAL_DRIVER -DSTM32L476xx -I"C:/Users/phiwersports/Desktop/Projects/Generated code/uart/uart/Inc" -I"C:/Users/phiwersports/Desktop/Projects/Generated code/uart/uart/Drivers/STM32L4xx_HAL_Driver/Inc" -I"C:/Users/phiwersports/Desktop/Projects/Generated code/uart/uart/Drivers/STM32L4xx_HAL_Driver/Inc/Legacy" -I"C:/Users/phiwersports/Desktop/Projects/Generated code/uart/uart/Drivers/CMSIS/Device/ST/STM32L4xx/Include" -I"C:/Users/phiwersports/Desktop/Projects/Generated code/uart/uart/Drivers/CMSIS/Include" -I"C:/Users/phiwersports/Desktop/Projects/Generated code/uart/uart/Inc"  -Og -g3 -Wall -fmessage-length=0 -ffunction-sections -c -fmessage-length=0 -MMD -MP -MF"Application/User/stm32l4xx_it.d" -MT"Application/User/stm32l4xx_it.o" -o "Application/User/stm32l4xx_it.o" "C:/Users/phiwersports/Desktop/Projects/Generated code/uart/uart/Src/stm32l4xx_it.c"
Finished building: C:/Users/phiwersports/Desktop/Projects/Generated code/uart/uart/Src/stm32l4xx_it.c
 
Building target: uart.elf
Invoking: MCU GCC Linker
arm-none-eabi-gcc -mcpu=cortex-m4 -mthumb -mfloat-abi=hard -mfpu=fpv4-sp-d16 -specs=nosys.specs -specs=nano.specs -T"../STM32L476RGTx_FLASH.ld" -Wl,-Map=output.map -Wl,--gc-sections -o "uart.elf" @"objects.list"   -lm
Finished building target: uart.elf
 
make --no-print-directory post-build
Generating binary and Printing size information:
arm-none-eabi-objcopy -O binary "uart.elf" "uart.bin"
arm-none-eabi-size "uart.elf"
   text	   data	    bss	    dec	    hex	filename
  10224	     24	   1720	  11968	   2ec0	uart.elf
 
