09:42:01 **** Incremental Build of configuration Debug for project uart ****
make all 
Building file: C:/Users/phiwersports/Desktop/Projects/Generated code/uart/uart/Src/main.c
Invoking: MCU GCC Compiler
C:\Users\phiwersports\Desktop\Projects\Generated code\uart\uart\SW4STM32\uart\Debug
arm-none-eabi-gcc -mcpu=cortex-m4 -mthumb -mfloat-abi=hard -mfpu=fpv4-sp-d16 '-D__weak=__attribute__((weak))' '-D__packed=__attribute__((__packed__))' -DUSE_HAL_DRIVER -DSTM32L476xx -I"C:/Users/phiwersports/Desktop/Projects/Generated code/uart/uart/Inc" -I"C:/Users/phiwersports/Desktop/Projects/Generated code/uart/uart/Drivers/STM32L4xx_HAL_Driver/Inc" -I"C:/Users/phiwersports/Desktop/Projects/Generated code/uart/uart/Drivers/STM32L4xx_HAL_Driver/Inc/Legacy" -I"C:/Users/phiwersports/Desktop/Projects/Generated code/uart/uart/Drivers/CMSIS/Device/ST/STM32L4xx/Include" -I"C:/Users/phiwersports/Desktop/Projects/Generated code/uart/uart/Drivers/CMSIS/Include" -I"C:/Users/phiwersports/Desktop/Projects/Generated code/uart/uart/Inc"  -Og -g3 -Wall -fmessage-length=0 -ffunction-sections -c -fmessage-length=0 -MMD -MP -MF"Application/User/main.d" -MT"Application/User/main.o" -o "Application/User/main.o" "C:/Users/phiwersports/Desktop/Projects/Generated code/uart/uart/Src/main.c"
C:/Users/phiwersports/Desktop/Projects/Generated code/uart/uart/Src/main.c: In function 'main':
C:/Users/phiwersports/Desktop/Projects/Generated code/uart/uart/Src/main.c:144:32: warning: pointer targets in passing argument 2 of 'HAL_UART_Transmit_IT' differ in signedness [-Wpointer-sign]
   HAL_UART_Transmit_IT(&huart2,tx_buff,10);
                                ^~~~~~~
In file included from C:/Users/phiwersports/Desktop/Projects/Generated code/uart/uart/Inc/stm32l4xx_hal_conf.h:376:0,
                 from C:/Users/phiwersports/Desktop/Projects/Generated code/uart/uart/Drivers/STM32L4xx_HAL_Driver/Inc/stm32l4xx_hal.h:46,
                 from C:/Users/phiwersports/Desktop/Projects/Generated code/uart/uart/Src/main.c:40:
C:/Users/phiwersports/Desktop/Projects/Generated code/uart/uart/Drivers/STM32L4xx_HAL_Driver/Inc/stm32l4xx_hal_uart.h:1549:19: note: expected 'uint8_t * {aka unsigned char *}' but argument is of type 'char *'
 HAL_StatusTypeDef HAL_UART_Transmit_IT(UART_HandleTypeDef *huart, uint8_t *pData, uint16_t Size);
                   ^~~~~~~~~~~~~~~~~~~~
C:/Users/phiwersports/Desktop/Projects/Generated code/uart/uart/Src/main.c:145:31: warning: pointer targets in passing argument 2 of 'HAL_UART_Receive_IT' differ in signedness [-Wpointer-sign]
   HAL_UART_Receive_IT(&huart2,rxData,10);
                               ^~~~~~
In file included from C:/Users/phiwersports/Desktop/Projects/Generated code/uart/uart/Inc/stm32l4xx_hal_conf.h:376:0,
                 from C:/Users/phiwersports/Desktop/Projects/Generated code/uart/uart/Drivers/STM32L4xx_HAL_Driver/Inc/stm32l4xx_hal.h:46,
                 from C:/Users/phiwersports/Desktop/Projects/Generated code/uart/uart/Src/main.c:40:
C:/Users/phiwersports/Desktop/Projects/Generated code/uart/uart/Drivers/STM32L4xx_HAL_Driver/Inc/stm32l4xx_hal_uart.h:1550:19: note: expected 'uint8_t * {aka unsigned char *}' but argument is of type 'char *'
 HAL_StatusTypeDef HAL_UART_Receive_IT(UART_HandleTypeDef *huart, uint8_t *pData, uint16_t Size);
                   ^~~~~~~~~~~~~~~~~~~
C:/Users/phiwersports/Desktop/Projects/Generated code/uart/uart/Src/main.c: In function '_Error_Handler':
C:/Users/phiwersports/Desktop/Projects/Generated code/uart/uart/Src/main.c:375:38: warning: implicit declaration of function 'strlen' [-Wimplicit-function-declaration]
    HAL_UART_Transmit(&huart2,"error",strlen("error"),10);
                                      ^~~~~~
C:/Users/phiwersports/Desktop/Projects/Generated code/uart/uart/Src/main.c:375:38: warning: incompatible implicit declaration of built-in function 'strlen'
C:/Users/phiwersports/Desktop/Projects/Generated code/uart/uart/Src/main.c:375:38: note: include '<string.h>' or provide a declaration of 'strlen'
C:/Users/phiwersports/Desktop/Projects/Generated code/uart/uart/Src/main.c:375:30: warning: pointer targets in passing argument 2 of 'HAL_UART_Transmit' differ in signedness [-Wpointer-sign]
    HAL_UART_Transmit(&huart2,"error",strlen("error"),10);
                              ^~~~~~~
In file included from C:/Users/phiwersports/Desktop/Projects/Generated code/uart/uart/Inc/stm32l4xx_hal_conf.h:376:0,
                 from C:/Users/phiwersports/Desktop/Projects/Generated code/uart/uart/Drivers/STM32L4xx_HAL_Driver/Inc/stm32l4xx_hal.h:46,
                 from C:/Users/phiwersports/Desktop/Projects/Generated code/uart/uart/Src/main.c:40:
C:/Users/phiwersports/Desktop/Projects/Generated code/uart/uart/Drivers/STM32L4xx_HAL_Driver/Inc/stm32l4xx_hal_uart.h:1547:19: note: expected 'uint8_t * {aka unsigned char *}' but argument is of type 'char *'
 HAL_StatusTypeDef HAL_UART_Transmit(UART_HandleTypeDef *huart, uint8_t *pData, uint16_t Size, uint32_t Timeout);
                   ^~~~~~~~~~~~~~~~~
Finished building: C:/Users/phiwersports/Desktop/Projects/Generated code/uart/uart/Src/main.c
 
Building file: C:/Users/phiwersports/Desktop/Projects/Generated code/uart/uart/Src/stm32l4xx_it.c
Invoking: MCU GCC Compiler
C:\Users\phiwersports\Desktop\Projects\Generated code\uart\uart\SW4STM32\uart\Debug
arm-none-eabi-gcc -mcpu=cortex-m4 -mthumb -mfloat-abi=hard -mfpu=fpv4-sp-d16 '-D__weak=__attribute__((weak))' '-D__packed=__attribute__((__packed__))' -DUSE_HAL_DRIVER -DSTM32L476xx -I"C:/Users/phiwersports/Desktop/Projects/Generated code/uart/uart/Inc" -I"C:/Users/phiwersports/Desktop/Projects/Generated code/uart/uart/Drivers/STM32L4xx_HAL_Driver/Inc" -I"C:/Users/phiwersports/Desktop/Projects/Generated code/uart/uart/Drivers/STM32L4xx_HAL_Driver/Inc/Legacy" -I"C:/Users/phiwersports/Desktop/Projects/Generated code/uart/uart/Drivers/CMSIS/Device/ST/STM32L4xx/Include" -I"C:/Users/phiwersports/Desktop/Projects/Generated code/uart/uart/Drivers/CMSIS/Include" -I"C:/Users/phiwersports/Desktop/Projects/Generated code/uart/uart/Inc"  -Og -g3 -Wall -fmessage-length=0 -ffunction-sections -c -fmessage-length=0 -MMD -MP -MF"Application/User/stm32l4xx_it.d" -MT"Application/User/stm32l4xx_it.o" -o "Application/User/stm32l4xx_it.o" "C:/Users/phiwersports/Desktop/Projects/Generated code/uart/uart/Src/stm32l4xx_it.c"
Finished building: C:/Users/phiwersports/Desktop/Projects/Generated code/uart/uart/Src/stm32l4xx_it.c
 
Building target: uart.elf
Invoking: MCU GCC Linker
arm-none-eabi-gcc -mcpu=cortex-m4 -mthumb -mfloat-abi=hard -mfpu=fpv4-sp-d16 -specs=nosys.specs -specs=nano.specs -T"../STM32L476RGTx_FLASH.ld" -Wl,-Map=output.map -Wl,--gc-sections -o "uart.elf" @"objects.list"   -lm
Finished building target: uart.elf
 
make --no-print-directory post-build
Generating binary and Printing size information:
arm-none-eabi-objcopy -O binary "uart.elf" "uart.bin"
arm-none-eabi-size "uart.elf"
   text	   data	    bss	    dec	    hex	filename
  10224	     24	   1720	  11968	   2ec0	uart.elf
 

09:42:03 Build Finished (took 2s.155ms)

