22:50:51 **** Incremental Build of configuration Debug for project Talkie4UART ****
make all 
Building file: ../Src/main.c
Invoking: MCU GCC Compiler
C:\Users\Simon Lindell\Desktop\Development\NEW\STM_CUBE_GENERATIONS\Talkie4\Talkie4UART\Debug
arm-none-eabi-gcc -mcpu=cortex-m4 -mthumb -mfloat-abi=hard -mfpu=fpv4-sp-d16 '-D__weak=__attribute__((weak))' '-D__packed=__attribute__((__packed__))' -DUSE_HAL_DRIVER -DSTM32L476xx -I"C:/Users/Simon Lindell/Desktop/Development/NEW/STM_CUBE_GENERATIONS/Talkie4/Talkie4UART/Inc" -I"C:/Users/Simon Lindell/Desktop/Development/NEW/STM_CUBE_GENERATIONS/Talkie4/Talkie4UART/Drivers/STM32L4xx_HAL_Driver/Inc" -I"C:/Users/Simon Lindell/Desktop/Development/NEW/STM_CUBE_GENERATIONS/Talkie4/Talkie4UART/Drivers/STM32L4xx_HAL_Driver/Inc/Legacy" -I"C:/Users/Simon Lindell/Desktop/Development/NEW/STM_CUBE_GENERATIONS/Talkie4/Talkie4UART/Drivers/CMSIS/Device/ST/STM32L4xx/Include" -I"C:/Users/Simon Lindell/Desktop/Development/NEW/STM_CUBE_GENERATIONS/Talkie4/Talkie4UART/Drivers/CMSIS/Include"  -Og -g3 -Wall -fmessage-length=0 -ffunction-sections -c -fmessage-length=0 -MMD -MP -MF"Src/main.d" -MT"Src/main.o" -o "Src/main.o" "../Src/main.c"
Finished building: ../Src/main.c
 
Building target: Talkie4UART.elf
Invoking: MCU GCC Linker
arm-none-eabi-gcc -mcpu=cortex-m4 -mthumb -mfloat-abi=hard -mfpu=fpv4-sp-d16 -specs=nosys.specs -specs=nano.specs -u_printf_float -Xlinker -u_printf_float -T"../STM32L476RGTx_FLASH.ld" -Wl,-Map=output.map -Wl,--gc-sections -o "Talkie4UART.elf" @"objects.list"   -lm
Finished building target: Talkie4UART.elf
 
make --no-print-directory post-build
Generating binary and Printing size information:
arm-none-eabi-objcopy -O binary "Talkie4UART.elf" "Talkie4UART.bin"
arm-none-eabi-size "Talkie4UART.elf"
   text	   data	    bss	    dec	    hex	filename
  19168	    504	   1704	  21376	   5380	Talkie4UART.elf
 

22:50:52 Build Finished (took 1s.365ms)

